12-02 14:11:12.433  2812  2844 V WindowManager:     info={id=473 t=CLOSE f=0x10 trk=0 r=[0@Point(0, 0)] c=[{WCT{RemoteToken{bdd840c Task{9195844 #740 type=standard A=10326:host.exp.exponent}}} m=TO_FRONT f=MOVE_TO_TOP leash=Surface(name=Task=740)/@0x8d51155 sb=Rect(0, 0 - 720, 1604) eb=Rect(0, 0 - 720, 1604) d=0},{WCT{RemoteToken{1f24420 Task{91eb16 #747 type=standard A=10354:com.zonda.zondaapp}}} m=CLOSE f=NONE leash=Surface(name=Task=747)/@0x5a8f1d9 sb=Rect(0, 0 - 720, 1604) eb=Rect(0, 0 - 720, 1604) d=0}] extendInfo=[OplusTransitionExtendedInfo{mTmpFinishT=null, mInOplusCompatMode=false, mIsProcessRunning=false, mHasMismatchBoundsTarget=false, mRecentsController=null, mIsTranslucentActivityToHome=false, mAvoidInterceptKeyEventToHome=false, mIsFromHome=false}]}
12-02 14:11:12.478  2812  2847 W ActivityTaskManager: Activity top resumed state loss timeout for ActivityRecord{32d6ccb u0 com.zonda.zondaapp/.MainActivity t747 f} isExiting}
12-02 14:11:12.480  2812  4101 D OplusAppSwitchListener: Detect com.zonda.zondaapp switch to background
12-02 14:11:12.480  2812  4101 D OplusFeatureReduceBrightness: onAppExit , info = com.zonda.zondaapp
12-02 14:11:12.480  2812  4101 D OplusEapManager: mTargetExitName :com.zonda.zondaapp
12-02 14:11:12.491  2812  3621 D VRR [OPlusRefreshRateService]:  setFrameRateTargetControl [ 0.0 , com.zonda.zondaapp , false , com.oplus.battery ]
12-02 14:11:12.492  2812  3621 D VRR [OPlusExternalRefreshRateManager]:  [FRTC] FrameRate : 0 com.zonda.zondaapp false com.oplus.battery 0 1000
12-02 14:11:12.507  2812  2848 W WindowManager: Failed to deliver inset control state change to w=Window{db231f0 u0 com.zonda.zondaapp/com.zonda.zondaapp.MainActivity EXITING}
12-02 14:11:13.089  2812  3639 D Transition: finishTransition ar ActivityRecord{32d6ccb u0 com.zonda.zondaapp/.MainActivity t747 f} isExiting}, isVisibleRequested=false, state=DESTROYED, visibleAtTransitionEndTokens={ActivityRecord{e002a98 u0 host.exp.exponent/.experience.HomeActivity t740}}, this=TransitionRecord{5724f06 id=473 track=0 type=CLOSE flags=0x10}
12-02 14:11:13.090  2812  3639 D ActivityTaskManager: commitVisibility: ActivityRecord{32d6ccb u0 com.zonda.zondaapp/.MainActivity t747 f} isExiting}: visible=false visibleRequested=false, isInTransition=false, runningAnimation=false, caller=com.android.server.wm.Transition.finishTransition:1316 com.android.server.wm.TransitionController.finishTransition:951 com.android.server.wm.WindowOrganizerController.finishTransition:500 android.window.IWindowOrganizerController$Stub.onTransact:383 com.android.server.wm.WindowOrganizerController.onTransact:192 android.os.Binder.execTransactInternal:1387 
12-02 14:11:13.092  2812  3639 W WindowManager: Exception thrown during dispatchAppVisibility Window{db231f0 u0 com.zonda.zondaapp/com.zonda.zondaapp.MainActivity EXITING}
12-02 14:11:13.099  2812  3639 D OplusAONSmartDim: onWakeLockReleaseLocked: lock=94145227, flags=0x2000000a, packageName=android, tag="WindowManager/displayId:0", ws=WorkSource{10354 com.zonda.zondaapp}, uid=1000, pid=2812
12-02 14:11:13.107  2812  3639 D ActivityTaskManager: removeAppToken: ActivityRecord{32d6ccb u0 com.zonda.zondaapp/.MainActivity t747 f}} delayed=false parent=Task{91eb16 #747 type=standard A=10354:com.zonda.zondaapp} animating=false Callers=com.android.server.wm.ActivityRecord.removeImmediately:5031 com.android.server.wm.ActivityRecord.removeIfPossible:5046 com.android.server.wm.ActivityRecord.handleCompleteDeferredRemoval:5052 com.android.server.wm.WindowContainer.handleCompleteDeferredRemoval:1483 
12-02 14:11:13.108  2812  3639 I WindowManager: Window{db231f0 u0 com.zonda.zondaapp/com.zonda.zondaapp.MainActivity EXITING} state from HAS_DRAWN to NO_SURFACE; reason: destroySurface
12-02 14:11:13.120  2812  3639 I OplusScreenSecurityMask: onStackRemoved task = Task{91eb16 #747 type=standard A=10354:com.zonda.zondaapp} record = null displayId = 0
12-02 14:11:13.123  2812  3639 D OplusTransitionAnimationManager: commitVisibilityWhenFinishTransition type=2, ar.isVisibleRequested=false, ar.isVisible=false, ar.isVisibleRequested=false, ar=ActivityRecord{32d6ccb u0 com.zonda.zondaapp/.MainActivity t-1 f}} ar type 1 ar state :DESTROYED displayid :-1, participants={Task{91eb16 #747 type=standard A=10354:com.zonda.zondaapp}, ActivityRecord{32d6ccb u0 com.zonda.zondaapp/.MainActivity t-1 f}}, Task{9195844 #740 type=standard A=10326:host.exp.exponent}, ActivityRecord{e002a98 u0 host.exp.exponent/.experience.HomeActivity t740}}
12-02 14:11:13.123  2812  3639 D OplusTransitionAnimationManager: commitVisibilityWhenFinishTransition type=2, ar.isVisibleRequested=true, ar.isVisible=true, ar.isVisibleRequested=true, ar=ActivityRecord{e002a98 u0 host.exp.exponent/.experience.HomeActivity t740} ar type 1 ar state :RESUMED displayid :0, participants={Task{91eb16 #747 type=standard A=10354:com.zonda.zondaapp}, ActivityRecord{32d6ccb u0 com.zonda.zondaapp/.MainActivity t-1 f}}, Task{9195844 #740 type=standard A=10326:host.exp.exponent}, ActivityRecord{e002a98 u0 host.exp.exponent/.experience.HomeActivity t740}}
12-02 14:11:13.128  2812  2848 D OplusFlexibleWindowMinimizedManagerHelper: onTaskVanished taskInfo:747 task:Task{91eb16 #747 type=standard A=10354:com.zonda.zondaapp}
12-02 14:11:13.128  2812  2848 I FlexibleTaskController: releaseFlexibleTaskCaptionView task=Task{91eb16 #747 type=standard A=10354:com.zonda.zondaapp}
12-02 14:11:13.129  2812  2848 D OplusFlexibleWindowMinimizedManagerHelper: onTaskVanished taskInfo:747 task:Task{91eb16 #747 type=standard A=10354:com.zonda.zondaapp}
12-02 14:11:13.129  2812  2848 I FlexibleTaskController: releaseFlexibleTaskCaptionView task=Task{91eb16 #747 type=standard A=10354:com.zonda.zondaapp}
12-02 14:11:13.172  2812  3639 D OplusAppListInterceptManager: shouldFilterTask::packageName = com.zonda.zondaapp
12-02 14:11:13.227  2812  4596 D OplusAppListInterceptManager: shouldFilterTask::packageName = com.zonda.zondaapp
12-02 14:11:14.197  2812  3393 D OplusAppListInterceptManager: shouldFilterTask::packageName = com.zonda.zondaapp
12-02 14:15:14.131  2812  2828 D OplusAppListInterceptManager: shouldFilterTask::packageName = com.zonda.zondaapp
12-02 14:15:15.816  2812  2828 D OplusZoomWindowRUSConfigManager: isSupportZoomModeWithPolicyLocked: target = com.zonda.zondaapp/.MainActivity
12-02 14:15:15.816  2812  2828 D OplusZoomWindowRUSConfigManager: targetPkg = com.zonda.zondaapp
12-02 14:15:15.827  2812  2828 D FlexibleWindowManager: no reused task found for ActivityRecord{21f8e66 u0 com.zonda.zondaapp/.MainActivity t-1}
12-02 14:15:15.835  2812  2828 I OplusScreenSecurityMask: onStackAdded task = Task{702da54 #748 type=standard A=10354:com.zonda.zondaapp} record = null displayId = 0
12-02 14:15:15.845  2812  2828 D OplusStartingWindowManager: reviseWindowFlagsForStarting ar =:ActivityRecord{21f8e66 u0 com.zonda.zondaapp/.MainActivity t748}, callingPkgName =:host.exp.exponent, activityCreated =:false, snapshot =:null, RUS version:20240715
12-02 14:15:15.845  2812  2828 D OplusStartingWindowManager: we don't revise window flags for third activity :ActivityRecord{21f8e66 u0 com.zonda.zondaapp/.MainActivity t748}
12-02 14:15:15.846  2812  2828 D ActivityTaskManager: validateStartingWindowTheme:  Pkg=com.zonda.zondaapp, Translucent=false, Floating=false, ShowWallpaper=false, Disable=false, LaunchSource=4
12-02 14:15:15.846  2812  2828 D ActivityTaskManager: getStartingWindowType: , newTask=true, taskSwitch=true, processRunning=false, allowTaskSnapshot=true, activityCreated=false, activityAllDrawn=false, snapshot=null, record:ActivityRecord{21f8e66 u0 com.zonda.zondaapp/.MainActivity t748}
12-02 14:15:15.849  2812  2828 D OplusZoomWindowRUSConfigManager: isSupportZoomModeWithPolicyLocked: target = com.zonda.zondaapp/.MainActivity
12-02 14:15:15.849  2812  2828 D OplusZoomWindowRUSConfigManager: targetPkg = com.zonda.zondaapp
12-02 14:15:15.854  2812  2828 D TaskFragmentExtImpl: shouldSetReadyFalse and resumedActivity is: ActivityRecord{21f8e66 u0 com.zonda.zondaapp/.MainActivity t748} launchFromLauncher is: false
12-02 14:15:15.856  2812  3263 E UAH_JNI : uah_event_acquire ! cmdId: 1 ,strPkg: com.zonda.zondaapp, strIdent: com.android.server.wm, timeout: 2000
12-02 14:15:15.857  2812  3263 I [UAH_CLIENT]: UahEventAcquire, cmdid:1, pkg:com.zonda.zondaapp, identity:com.android.server.wm
12-02 14:15:15.862  2812  2828 D ActivityTaskManager: notifyTaskRemoved, task: Task{91eb16 #747 type=standard A=10354:com.zonda.zondaapp} trace:com.android.server.wm.RecentTasks.removeForAddTask:1697 com.android.server.wm.RecentTasks.add:1260 com.android.server.wm.ActivityStarter.startActivityInner:2386 com.android.server.wm.ActivityStarter.startActivityUnchecked:1770 com.android.server.wm.ActivityStarter.executeRequest:1548 
12-02 14:15:15.863  2812  2828 D ActivityTaskManager: notifyTaskAdded, task: Task{702da54 #748 type=standard A=10354:com.zonda.zondaapp} trace:com.android.server.wm.RecentTasks.add:1275 com.android.server.wm.ActivityStarter.startActivityInner:2386 com.android.server.wm.ActivityStarter.startActivityUnchecked:1770 com.android.server.wm.ActivityStarter.executeRequest:1548 com.android.server.wm.ActivityStarter.execute:838 
12-02 14:15:15.868  2812  2828 I ActivityTaskManager: START u0 {act=android.intent.action.VIEW dat=exp+zondaapp://expo-development-client/... flg=0x10000000 cmp=com.zonda.zondaapp/.MainActivity mCallingUid=10326} with LAUNCH_SINGLE_TASK from uid 10326 (BAL_ALLOW_VISIBLE_WINDOW) result code=0
12-02 14:15:15.871  3430  3645 V WindowManagerShell: Transition requested: android.os.BinderProxy@4bb7f98 TransitionRequestInfo { type = OPEN, triggerTask = TaskInfo{userId=0 taskId=748 displayId=0 isRunning=true baseIntent=Intent { act=android.intent.action.VIEW dat=exp+zondaapp://expo-development-client/... flg=0x10000000 cmp=com.zonda.zondaapp/.MainActivity mCallingUid=10326 } baseActivity=ComponentInfo{com.zonda.zondaapp/com.zonda.zondaapp.MainActivity} topActivity=ComponentInfo{com.zonda.zondaapp/com.zonda.zondaapp.MainActivity} origActivity=null realActivity=ComponentInfo{com.zonda.zondaapp/com.zonda.zondaapp.MainActivity} numActivities=1 lastActiveTime=134097466 supportsSplitScreenMultiWindow=true supportsMultiWindow=true supportsPocketStudioMultiWindow=true isInFlexibleEmbedded = false uid = 10354 pid = 0 resizeMode=1 isResizeable=true minWidth=-1 minHeight=-1 defaultMinSize=220 token=WCT{android.window.IWindowContainerToken$Stub$Proxy@c45d3f1} topActivityType=1 pictureInPictureParams=null shouldDockBigOverlays=false launchIntoPipHostTaskId=-1 lastParentTaskIdBeforePip=-1 displayCutoutSafeInsets=Rect(0, 65 - 0, 0) topActivityInfo=ActivityInfo{db4dbd6 com.zonda.zondaapp.MainActivity} launchCookies=[] positionInParent=Point(0, 0) parentTaskId=-1 isFocused=false isVisible=false isVisibleRequested=false isSleeping=false topActivityInSizeCompat=false topActivityInOplusCompatMode=false topActivityEligibleForLetterboxEducation= false topActivityLetterboxed= false isFromDoubleTap= false topActivityLetterboxVerticalPosition= -1 topActivityLetterboxHorizontalPosition= -1 topActivityLetterboxWidth=-1 topActivityLetterboxHeight=-1 locusId=null displayAreaFeatureId=1 cameraCompatControlState=hidden locusId= null topActivityLetterboxInsets=Rect(0, 0 - 0, 0) mOplusExtraBundle = Bundle[mParcelledData.dataSize=84]}, remoteTransition = null, displayChange = null }
12-02 14:15:15.898  3430  3794 D WindowManager: Add to mViews: android.widget.FrameLayout{37adf62 V.E...... ......I. 0,0-0,0 viewInfo = },pkg= com.zonda.zondaapp
12-02 14:15:15.908  4056 24908 I iopgp   : Iopgp: TRANSACTION_IOPGP_PRELOAD Sequence_id = 31 pkg_name = com.zonda.zondaapp uid = 10354 size = 1 isProfile = 1
12-02 14:15:15.914  2812  2863 I ActivityManager: Start proc 15713:com.zonda.zondaapp/u0a354 for next-top-activity {com.zonda.zondaapp/com.zonda.zondaapp.MainActivity}
12-02 14:15:15.915  2812  3621 I OplusHansManager : front pkg: com.zonda.zondaapp, uid: 10354, prev pkg: host.exp.exponent, prev uid: 10326
12-02 14:15:15.920  2812  3263 E UAH_JNI : uah_event_acquire ! cmdId: 1 ,strPkg: com.zonda.zondaapp, strIdent: com.android.server.wm, timeout: 2000
12-02 14:15:15.920  2812  3263 I [UAH_CLIENT]: UahEventAcquire, cmdid:1, pkg:com.zonda.zondaapp, identity:com.android.server.wm
12-02 14:15:15.923  2812  3477 I Osense-BaseDecisionMaker: notifySceneToAthenaPolicy: SCENE_APP_SWITCH, bundle: Bundle[{prevPkgName=host.exp.exponent, curUid=10354, curPkgName=com.zonda.zondaapp, prevUid=10326}]
12-02 14:15:15.925  2812  3929 I OplusResourcePreloadManager: resume pkg: com.zonda.zondaapp, uid:10354, prev pkg: host.exp.exponent, prev uid: 10326
12-02 14:15:15.928  2812  3621 D ActivityTaskManager: setAppVisibility(Token{bb4bdfd ActivityRecord{21f8e66 u0 com.zonda.zondaapp/.MainActivity t748}}, visible=true): mNextAppTransitionRequests=[], mNextAppTransitionFlags=,mAppTransitionState=APP_STATE_IDLE visible=false mVisibleRequested=false Callers=com.android.server.wm.ActivityRecord.setVisibility:6272 com.android.server.wm.EnsureActivitiesVisibleHelper.makeVisibleAndRestartIfNeeded:276 com.android.server.wm.EnsureActivitiesVisibleHelper.setActivityVisibilityState:213 com.android.server.wm.EnsureActivitiesVisibleHelper.process:162 com.android.server.wm.TaskFragment.updateActivityVisibilities:1307 com.android.server.wm.Task.lambda$ensureActivitiesVisible$22:5483 
12-02 14:15:15.928  2812  3621 D ActivityTaskManager: setVisibility(Token{bb4bdfd ActivityRecord{21f8e66 u0 com.zonda.zondaapp/.MainActivity t748}}, visible=true) defer commitVisibility for transition collecting
12-02 14:15:15.929  2812  3263 E UAH_JNI : uah_event_acquire ! cmdId: 1 ,strPkg: com.zonda.zondaapp, strIdent: com.android.server.wm, timeout: 2000
12-02 14:15:15.929  2812  3263 I [UAH_CLIENT]: UahEventAcquire, cmdid:1, pkg:com.zonda.zondaapp, identity:com.android.server.wm
12-02 14:15:15.942  2812  3764 D ActivityTaskManager: attachStartingWindow: mStartingData=com.android.server.wm.SplashScreenStartingData@9ce8697,mStartingWindow=Window{d0309bb u0 Splash Screen com.zonda.zondaapp}
12-02 14:15:15.945  2812  3764 I WindowManager: addWindow: New client android.os.BinderProxy@abc264a : window=Window{d0309bb u0 Splash Screen com.zonda.zondaapp}
12-02 14:15:15.984  3430  3794 D ViewRootImplExtImpl: wrapConfigInfoIntoFlags rotation=0, smallestScreenWidthDp=360, relayoutAsync=false, newFlags=23592960, title=Splash Screen com.zonda.zondaapp
12-02 14:15:15.985  2812  3639 D WindowManagerServiceExtImpl: extractConfigInfoAndRealFlags rotation=0, screenDp=360, win=Window{d0309bb u0 Splash Screen com.zonda.zondaapp}
12-02 14:15:15.986  2812  3639 V WindowManager: Relayout Window{d0309bb u0 Splash Screen com.zonda.zondaapp}: viewVisibility=0, oldvis=0, req=720x1604, vsysui=, x=0, y=0
12-02 14:15:15.986  2812  3639 I WindowManager: Window{d0309bb u0 Splash Screen com.zonda.zondaapp} state from NO_SURFACE to DRAW_PENDING; reason: resetDrawState
12-02 14:15:15.989  1522 30040 D OplusLayer: setProcInfo (6083,Splash Screen com.zonda.zondaapp#6083,com.android.systemui)
12-02 14:15:16.002  2812  3634 D CoreBackPreview: Window{d0309bb u0 Splash Screen com.zonda.zondaapp}: Setting back callback OnBackInvokedCallbackInfo{mCallback=android.window.IOnBackInvokedCallback$Stub$Proxy@f9bf8ee, mPriority=0, mIsAnimationCallback=false}
12-02 14:15:16.023  3430  3794 I SurfaceControl:  setExtendedRangeBrightness sc=Surface(name=Splash Screen com.zonda.zondaapp)/@0x367614f,currentBufferRatio=1.0,desiredRatio=1.0
12-02 14:15:16.046  2812  3634 D OplusTransitionController: onSyncFinishedDrawing, Window{d0309bb u0 Splash Screen com.zonda.zondaapp}
12-02 14:15:16.046  2812  3634 I WindowManager: finishDrawing skipLayout:false Window{d0309bb u0 Splash Screen com.zonda.zondaapp} com.android.server.wm.WindowManagerService.finishDrawingWindow:2973 com.android.server.wm.Session.finishDrawing:311 android.view.IWindowSession$Stub.onTransact:779 
12-02 14:15:16.046  2812  3634 I WindowManager: Window{d0309bb u0 Splash Screen com.zonda.zondaapp} state from DRAW_PENDING to COMMIT_DRAW_PENDING; reason: finishDrawingLocked
12-02 14:15:16.047  2812  3634 D OplusTransitionAnimationManager: skipFinishDrawingIfNeed clientRotation=0, currentRotation=0, hasFixedRotationApp=false, requestedOrientation=1, win=Window{d0309bb u0 Splash Screen com.zonda.zondaapp}, activity=ActivityRecord{21f8e66 u0 com.zonda.zondaapp/.MainActivity t748}, currentConfig={1.0 ??mcc??mnc [es_MX] ldltr sw360dp w360dp h726dp 320dpi nrml long port finger -keyb/h/h -nav/h winConfig={ mBounds=Rect(0, 0 - 720, 1604) mAppBounds=Rect(0, 65 - 720, 1516) mMaxBounds=Rect(0, 0 - 720, 1604) mDisplayRotation=ROTATION_0 mWindowingMode=fullscreen mDisplayWindowingMode=fullscreen mActivityType=standard mAlwaysOnTop=undefined mRotation=ROTATION_0} s.1 fontWeightAdjustment=0mThemeChanged= 0, mThemeChangedFlags= 0, mFlipFont= 0, mScenario= 0, mAccessibleChanged= -1, mUxIconConfig= 3468921665126138145, mMaterialColor= 40018, mUserId= 0, mFontUserId= 0, mFontVariationSettings= 226, mFoldingAngle = -1.0, mIconPackName= , mDarkModeBackgroundMaxL= 0.0, mDarkModeDialogBgMaxL= 27.0, mDarkModeForegroundMinL= 100.0, mOplusConfigType= 1, mOplusChangedConfigs= 0, OpSans= -1, mBurmeseFontFlag= 2, mFlag= 0, mFlexibleActivitySuitable= -1, mPuttDisplayFlag= -1}
12-02 14:15:16.051  2812  2848 I WindowManager: Window{d0309bb u0 Splash Screen com.zonda.zondaapp} state from COMMIT_DRAW_PENDING to READY_TO_SHOW; reason: commitFinishDrawingLocked
12-02 14:15:16.054  2812  3964 I OplusHansManager : onUidActive() update stay time, uid=10354, pkgName=com.zonda.zondaapp, U stay=288
12-02 14:15:16.057  2812  2848 D ActivityTaskManager: commitVisibility: ActivityRecord{21f8e66 u0 com.zonda.zondaapp/.MainActivity t748}: visible=true visibleRequested=true, isInTransition=true, runningAnimation=true, caller=com.android.server.wm.Transition.commitVisibleActivities:2012 com.android.server.wm.Transition.onTransactionReady:1630 com.android.server.wm.BLASTSyncEngine$SyncGroup.finishNow:318 com.android.server.wm.BLASTSyncEngine$SyncGroup.tryFinish:237 com.android.server.wm.BLASTSyncEngine$SyncGroup.-$$Nest$mtryFinish:0 com.android.server.wm.BLASTSyncEngine.onSurfacePlacement:626 
12-02 14:15:16.057  2812  2848 I WindowManager: Window{d0309bb u0 Splash Screen com.zonda.zondaapp} state from READY_TO_SHOW to HAS_DRAWN; reason: performShowLocked
12-02 14:15:16.057  2812  2848 I WindowStateExtImpl: onSurfaceShowChange show = true mPackageName = com.zonda.zondaapp parentPkgName = com.zonda.zondaapp
12-02 14:15:16.058  2812  2848 D Transition: collectOrderChanges onTopTasksEnd: [Task{702da54 #748 type=standard A=10354:com.zonda.zondaapp}], reportedOnTop:null, mOnTopTasksStart: [Task{702da54 #748 type=standard A=10354:com.zonda.zondaapp}], TDA child: [Task{36c6a5 #3 type=undefined}, Task{2512355 #1 type=home}, Task{9195844 #740 type=standard A=10326:host.exp.exponent}, Task{702da54 #748 type=standard A=10354:com.zonda.zondaapp}]
12-02 14:15:16.059  2812  2848 D OplusFlexibleActivityTransitionManager: fixTransitType type result:1, targets: [Task{702da54 #748 type=standard A=10354:com.zonda.zondaapp}, Task{9195844 #740 type=standard A=10326:host.exp.exponent}]
12-02 14:15:16.061  2812  2848 D OplusZoomWindowManagerService: saveSupportFreeFormToTaskInfo target = ComponentInfo{com.zonda.zondaapp/com.zonda.zondaapp.MainActivity} isSupportZoomMode = true
12-02 14:15:16.062  2812  2848 D OplusTransitionController:  info: {id=474 t=OPEN f=0x0 trk=0 r=[0@Point(0, 0)] c=[{WCT{RemoteToken{9d2b5fa Task{702da54 #748 type=standard A=10354:com.zonda.zondaapp}}} m=OPEN f=NONE leash=Surface(name=Task=748)/@0xb85d7ab sb=Rect(0, 0 - 720, 1604) eb=Rect(0, 0 - 720, 1604) d=0},{WCT{RemoteToken{bdd840c Task{9195844 #740 type=standard A=10326:host.exp.exponent}}} m=TO_BACK f=NONE leash=Surface(name=Task=740)/@0x8d51155 sb=Rect(0, 0 - 720, 1604) eb=Rect(0, 0 - 720, 1604) d=0}] extendInfo=[OplusTransitionExtendedInfo{mTmpFinishT=null, mInOplusCompatMode=false, mIsProcessRunning=false, mHasMismatchBoundsTarget=false, mRecentsController=null, mIsTranslucentActivityToHome=false, mAvoidInterceptKeyEventToHome=false, mIsFromHome=false}]}, 
12-02 14:15:16.062  2812  2848 D OplusTransitionController:  targets : [Task{702da54 #748 type=standard A=10354:com.zonda.zondaapp}, Task{9195844 #740 type=standard A=10326:host.exp.exponent}], 
12-02 14:15:16.062  2812  2848 D OplusTransitionController:  participants: {ActivityRecord{21f8e66 u0 com.zonda.zondaapp/.MainActivity t748}, Task{702da54 #748 type=standard A=10354:com.zonda.zondaapp}, ActivityRecord{e002a98 u0 host.exp.exponent/.experience.HomeActivity t740}}
12-02 14:15:16.063  2812  2848 D OplusTransitionAnimationManager: mOpeningTasks add Task{702da54 #748 type=standard A=10354:com.zonda.zondaapp}
12-02 14:15:16.196  2812  2844 V WindowManager: Sent Transition #474 createdAt=12-02 14:15:15.823 via request=TransitionRequestInfo { type = OPEN, triggerTask = TaskInfo{userId=0 taskId=748 displayId=0 isRunning=true baseIntent=Intent { act=android.intent.action.VIEW dat=exp+zondaapp://expo-development-client/... flg=0x10000000 cmp=com.zonda.zondaapp/.MainActivity mCallingUid=10326 } baseActivity=ComponentInfo{com.zonda.zondaapp/com.zonda.zondaapp.MainActivity} topActivity=ComponentInfo{com.zonda.zondaapp/com.zonda.zondaapp.MainActivity} origActivity=null realActivity=ComponentInfo{com.zonda.zondaapp/com.zonda.zondaapp.MainActivity} numActivities=1 lastActiveTime=134097466 supportsSplitScreenMultiWindow=true supportsMultiWindow=true supportsPocketStudioMultiWindow=true isInFlexibleEmbedded = false uid = 10354 pid = 0 resizeMode=1 isResizeable=true minWidth=-1 minHeight=-1 defaultMinSize=220 token=WCT{RemoteToken{9d2b5fa Task{702da54 #748 type=standard A=10354:com.zonda.zondaapp}}} topActivityType=1 pictureInPictureParams=null shouldDockBigOverlays=false launchIntoPipHostTaskId=-1 lastParentTaskIdBeforePip=-1 displayCutoutSafeInsets=Rect(0, 65 - 0, 0) topActivityInfo=ActivityInfo{65876c1 com.zonda.zondaapp.MainActivity} launchCookies=[] positionInParent=Point(0, 0) parentTaskId=-1 isFocused=false isVisible=false isVisibleRequested=false isSleeping=false topActivityInSizeCompat=false topActivityInOplusCompatMode=false topActivityEligibleForLetterboxEducation= false topActivityLetterboxed= false isFromDoubleTap= false topActivityLetterboxVerticalPosition= -1 topActivityLetterboxHorizontalPosition= -1 topActivityLetterboxWidth=-1 topActivityLetterboxHeight=-1 locusId=null displayAreaFeatureId=1 cameraCompatControlState=hidden locusId= null topActivityLetterboxInsets=Rect(0, 0 - 0, 0) mOplusExtraBundle = Bundle[{androidx.activity.LaunchScenario=0}]}, remoteTransition = null, displayChange = null }
12-02 14:15:16.196  2812  2844 V WindowManager:     info={id=474 t=OPEN f=0x0 trk=0 r=[0@Point(0, 0)] c=[{WCT{RemoteToken{9d2b5fa Task{702da54 #748 type=standard A=10354:com.zonda.zondaapp}}} m=OPEN f=NONE leash=Surface(name=Task=748)/@0xb85d7ab sb=Rect(0, 0 - 720, 1604) eb=Rect(0, 0 - 720, 1604) d=0},{WCT{RemoteToken{bdd840c Task{9195844 #740 type=standard A=10326:host.exp.exponent}}} m=TO_BACK f=NONE leash=Surface(name=Task=740)/@0x8d51155 sb=Rect(0, 0 - 720, 1604) eb=Rect(0, 0 - 720, 1604) d=0}] extendInfo=[OplusTransitionExtendedInfo{mTmpFinishT=null, mInOplusCompatMode=false, mIsProcessRunning=false, mHasMismatchBoundsTarget=false, mRecentsController=null, mIsTranslucentActivityToHome=false, mAvoidInterceptKeyEventToHome=false, mIsFromHome=false}]}
12-02 14:15:16.225  2812  3764 D ResourcesManagerCache: For package com.zonda.zondaapp we got cacheList [null] appInfoExt is null ? false hasFeature ? false
12-02 14:15:16.234  2812  3764 D WindowManager: updateOrientation: mLastOrientation = SCREEN_ORIENTATION_PORTRAIT(1) newOrientation = SCREEN_ORIENTATION_PORTRAIT(1) forceUpdate = true LastOrientationSource = ActivityRecord{21f8e66 u0 com.zonda.zondaapp/.MainActivity t748}
12-02 14:15:16.236  2812  3764 D FlexibleWindowManager: onFlexibleWindowTaskInfoChanged: mTaskId = 748 oldIsTaskEmbedded = false   curIsTaskEmbedded = false  topActivity = ComponentInfo{com.zonda.zondaapp/com.zonda.zondaapp.MainActivity}
12-02 14:15:16.237  2812  3764 D OplusCameraStartupOptimization: cameraPreopenIfNeed, r = ActivityRecord{21f8e66 u0 com.zonda.zondaapp/.MainActivity t748}
12-02 14:15:16.237  2812  3764 D OplusCameraStartupOptimization: needOptimizeForCamera bNeedOptimize:false clsName: com.zonda.zondaapp/.MainActivity
12-02 14:15:16.239  2812  3764 D ActivityTaskManager: onWindowFocusChanged Task{702da54 #748 type=standard A=10354:com.zonda.zondaapp} would transfer to compact
12-02 14:15:16.241  2812  3764 I InputDispatcher: setFocusedApplication displayId=0 ActivityRecord{21f8e66 u0 com.zonda.zondaapp/.MainActivity t748}
12-02 14:15:16.241  2812  3764 D ActivityTaskManager: NFW_setLastResumedActivityUncheckLocked:true r:ActivityRecord{21f8e66 u0 com.zonda.zondaapp/.MainActivity t748} currentFocus:null
12-02 14:15:16.242  2812  3764 D FlexibleTaskController: onTaskFocusChanged prevTask:Task{9195844 #740 type=standard A=10326:host.exp.exponent} ,currentTask:Task{702da54 #748 type=standard A=10354:com.zonda.zondaapp}, reason: minimalResumeActivityLocked - onActivityStateChanged
12-02 14:15:16.242  2812  3263 E UAH_JNI : uah_event_acquire ! cmdId: 0 ,strPkg: com.zonda.zondaapp, strIdent: com.android.server.wm, timeout: 720
12-02 14:15:16.243  2812  3263 I [UAH_CLIENT]: UahEventAcquire, cmdid:0, pkg:com.zonda.zondaapp, identity:com.android.server.wm
12-02 14:15:16.243  2812  3764 I OplusAppSwitchManagerService: appswitch hasProcess ActivityRecord{21f8e66 u0 com.zonda.zondaapp/.MainActivity t748}
12-02 14:15:16.243  2812  3764 D OplusAppStartupConfigExt: ActivityChangedListener prePkg = host.exp.exponent  nextPkg = com.zonda.zondaapp
12-02 14:15:16.250  2812  3764 I OplusAppSwitchManagerService: appswitch hasProcess ActivityRecord{21f8e66 u0 com.zonda.zondaapp/.MainActivity t748}
12-02 14:15:16.256  2812  4101 D OplusAppSwitchListener: Detect com.zonda.zondaapp switch to foreground
12-02 14:15:16.257  2812  2870 E OplusThermalStats: Error getting package info: com.zonda.zondaapp
12-02 14:15:16.256  3330 25391 V DCSEX-AppSwitchManager: OnAppSwitchObserver: onAppExit, resuming = com.zonda.zondaapp, target = host.exp.exponent, is ResumingFirstStart =  true, is ResumingMultiApp =  false, extensionInfo =  Bundle[mParcelledData.dataSize=84]
12-02 14:15:16.263  2812  3274 D ORBrightnessMarvelsDataCollector: Runnable-MarvelsAppEnterInfo[2025-12-02 14:15:16,com.zonda.zondaapp,70.27209]
12-02 14:15:16.264  2812  3274 D ORBrightnessMarvelsModel: Fetch key:1, data:0:com.zonda.zondaapp;1:70.27209
12-02 14:15:16.265  3330  3359 D DCSEX-AppLaunchEventRecorder: onAppSwitch from = host.exp.exponent to = com.zonda.zondaapp
12-02 14:15:16.266  3401  3415 W Battery : ThermalControlUtils: mForegroundPkg=com.zonda.zondaapp
12-02 14:15:16.272  2812  3764 D OplusAppListInterceptManager: shouldFilterTask::packageName = com.zonda.zondaapp
12-02 14:15:16.273  2812  4101 D OplusEapManager: mTargetEnterName :com.zonda.zondaapp
12-02 14:15:16.273  2812  4101 D OplusLatencyOptimizerManager: enter pkg: com.zonda.zondaapp isPrevBlackAppTop: false mIsBlackAppTop: false
12-02 14:15:16.275  2812  4101 D VRR [OPlusFrontAppManager]: OnAppSwitchObserver: onAppEnter , info.targetName = com.zonda.zondaapp
12-02 14:15:16.280  3462  4466 I Athena  : AthenaDynamicReceiver: pre_app:host.exp.exponent, next_app:com.zonda.zondaapp(10354|15713)
12-02 14:15:16.280  3330 25391 V DCSEX-AppSwitchManager: OnAppSwitchObserver: onAppEnter, launchedFrom =  host.exp.exponent, target =  com.zonda.zondaapp, is firstStart =  true, is multiApp =  false, extensionInfo =  Bundle[mParcelledData.dataSize=140]
12-02 14:15:16.281  2812  2891 D VRR [OPlusRefreshRateService]: handleFrontAppChange pkgName: com.zonda.zondaapp
12-02 14:15:16.284  1492 12228 D AudioFlingerExtImpl: AudioFlingerExtImpl oplusSetParameters: keyvalue onForegroundActivitiesChanged=com.zonda.zondaapp:foreground:1
12-02 14:15:16.288  1492 12228 D AudioFlingerExtImpl: updateForegroundInfo mForegroundMap(2)|[com.zonda.zondaapp]=1|[host.exp.exponent]=1
12-02 14:15:16.325  2812  3764 D OplusBatteryServiceFeature: setSmartCoolDown: coolDown = 10, normalCoolDown = 10, pkgName = com.zonda.zondaapp
12-02 14:15:16.446 15713 15713 D nativeloader: Configuring clns-4 for other apk /system/system_ext/framework/androidx.camera.extensions.impl.jar. target_sdk_version=36, uses_libraries=ALL, library_path=/data/app/~~COeFfhvdOL-uXk-t50yuYQ==/com.zonda.zondaapp-zh83NxfjPao0Yan4KQdJew==/lib/arm64:/data/app/~~COeFfhvdOL-uXk-t50yuYQ==/com.zonda.zondaapp-zh83NxfjPao0Yan4KQdJew==/base.apk!/lib/arm64-v8a, permitted_path=/data:/mnt/expand:/data/user/0/com.zonda.zondaapp
12-02 14:15:16.856  2812  3634 D FlexibleWindowManager: onFlexibleWindowTaskInfoChanged: mTaskId = 748 oldIsTaskEmbedded = false   curIsTaskEmbedded = false  topActivity = ComponentInfo{com.zonda.zondaapp/com.zonda.zondaapp.MainActivity}
12-02 14:15:16.862  2812  4540 D Transition: finishTransition ar ActivityRecord{21f8e66 u0 com.zonda.zondaapp/.MainActivity t748}, isVisibleRequested=true, state=RESUMED, visibleAtTransitionEndTokens={ActivityRecord{21f8e66 u0 com.zonda.zondaapp/.MainActivity t748}}, this=TransitionRecord{de8e29f id=474 track=0 type=OPEN flags=0x0}
12-02 14:15:16.863  2812  4540 D Transition: finishTransition ar ActivityRecord{e002a98 u0 host.exp.exponent/.experience.HomeActivity t740}, isVisibleRequested=false, state=PAUSED, visibleAtTransitionEndTokens={ActivityRecord{21f8e66 u0 com.zonda.zondaapp/.MainActivity t748}}, this=TransitionRecord{de8e29f id=474 track=0 type=OPEN flags=0x0}
12-02 14:15:16.867  2812  4540 I OplusAppSwitchManagerService:  handleAppVisible , r = ActivityRecord{21f8e66 u0 com.zonda.zondaapp/.MainActivity t748}
12-02 14:15:16.869  2812  4540 D OplusTransitionAnimationManager: commitVisibilityWhenFinishTransition type=1, ar.isVisibleRequested=true, ar.isVisible=true, ar.isVisibleRequested=true, ar=ActivityRecord{21f8e66 u0 com.zonda.zondaapp/.MainActivity t748} ar type 1 ar state :RESUMED displayid :0, participants={ActivityRecord{21f8e66 u0 com.zonda.zondaapp/.MainActivity t748}, Task{702da54 #748 type=standard A=10354:com.zonda.zondaapp}, ActivityRecord{e002a98 u0 host.exp.exponent/.experience.HomeActivity t740}}
12-02 14:15:16.869  2812  4540 D OplusTransitionAnimationManager: commitVisibilityWhenFinishTransition type=1, ar.isVisibleRequested=false, ar.isVisible=false, ar.isVisibleRequested=false, ar=ActivityRecord{e002a98 u0 host.exp.exponent/.experience.HomeActivity t740} ar type 1 ar state :PAUSED displayid :0, participants={ActivityRecord{21f8e66 u0 com.zonda.zondaapp/.MainActivity t748}, Task{702da54 #748 type=standard A=10354:com.zonda.zondaapp}, ActivityRecord{e002a98 u0 host.exp.exponent/.experience.HomeActivity t740}}
12-02 14:15:17.048  3888  4225 D AMC     : [TriggerForeground] update top package to:com.zonda.zondaapp
12-02 14:15:17.654 15713 15713 D nativeloader: Configuring clns-5 for other apk /data/app/~~COeFfhvdOL-uXk-t50yuYQ==/com.zonda.zondaapp-zh83NxfjPao0Yan4KQdJew==/base.apk. target_sdk_version=36, uses_libraries=, library_path=/data/app/~~COeFfhvdOL-uXk-t50yuYQ==/com.zonda.zondaapp-zh83NxfjPao0Yan4KQdJew==/lib/arm64:/data/app/~~COeFfhvdOL-uXk-t50yuYQ==/com.zonda.zondaapp-zh83NxfjPao0Yan4KQdJew==/base.apk!/lib/arm64-v8a, permitted_path=/data:/mnt/expand:/data/user/0/com.zonda.zondaapp
12-02 14:15:17.656 15713 15713 I Quality : ActivityThread: createClassLoader delay 1209 /data/app/~~COeFfhvdOL-uXk-t50yuYQ==/com.zonda.zondaapp-zh83NxfjPao0Yan4KQdJew==/base.apk 15713
12-02 14:15:17.660 15713 15713 I Quality : ActivityThread: createOrUpdateClassLoaderLocked delay 1235 com.zonda.zondaapp 15713
12-02 14:15:17.688 15713 15713 V GraphicsEnvironment: ANGLE GameManagerService for com.zonda.zondaapp: false
12-02 14:15:17.688 15713 15713 V GraphicsEnvironment: com.zonda.zondaapp is not listed in per-application setting
12-02 14:15:17.894  2812  3634 E ScrollOptim [OplusPerfService]: isScrollOptimEnable: pkgName = com.zonda.zondaapp, output = Bundle[{pre_anim_enable=true, frame_insert_list=null, frame_insert_default_num=1, scroll_changed_enable_list=null}]
12-02 14:15:17.894 15713 15713 D ScrollOptim [ConfigManager]: initOptConfig: pkg= com.zonda.zondaapp, mOptEnable= true, mAnimAheadEnable= true, mInsertDefaultNum= 1, mFrameInsertEnableList= {}, mSCEnableList= []
12-02 14:15:17.928 15713 15713 W SoLoader: Recording new base apk path: /data/app/~~COeFfhvdOL-uXk-t50yuYQ==/com.zonda.zondaapp-zh83NxfjPao0Yan4KQdJew==/base.apk
12-02 14:15:17.932 15713 15713 I SoLoader: Preparing SO source: DirectApkSoSource[root = [/data/app/~~COeFfhvdOL-uXk-t50yuYQ==/com.zonda.zondaapp-zh83NxfjPao0Yan4KQdJew==/base.apk!/lib/arm64-v8a]]
12-02 14:15:17.956  2812  4076 I OsenseKillAction: scanNonUiProc: skip ProcessGroup{com.zonda.zondaapp/u0 lru:62/1 stat:TOP/false/false/false mem:0/118/118}: recent-used-1
12-02 14:15:17.980  2812  4076 I OsenseKillAction: KillAction: 193mb more anonRss to reclaim, 0mb more swapMb to reclaim, <trigger> mem guard, cur avail=1124mb, bundle: Bundle[{appcareThreshold=39, prevPkgName=host.exp.exponent, triggerMemory=1400, curUid=10354, curPkgName=com.zonda.zondaapp, qbmode=false, prevUid=10326, type=smart-force, level=2, scene=SCENE_APP_SWITCH, freeze_dur=1500, requestId=1517, purposeMemory=1316}]
12-02 14:15:17.999  2812  3393 D OplusAppListInterceptManager: shouldFilterTask::packageName = com.zonda.zondaapp
12-02 14:15:18.060 15713 15713 I SoLoader: Preparing SO source: ApplicationSoSource[DirectorySoSource[root = /data/app/~~COeFfhvdOL-uXk-t50yuYQ==/com.zonda.zondaapp-zh83NxfjPao0Yan4KQdJew==/lib/arm64 flags = 0]]
12-02 14:15:18.163 15713 15713 D nativeloader: Load /data/app/~~COeFfhvdOL-uXk-t50yuYQ==/com.zonda.zondaapp-zh83NxfjPao0Yan4KQdJew==/base.apk!/lib/arm64-v8a/libc++_shared.so using class loader ns clns-5 (caller=/data/app/~~COeFfhvdOL-uXk-t50yuYQ==/com.zonda.zondaapp-zh83NxfjPao0Yan4KQdJew==/base.apk!classes7.dex): ok
12-02 14:15:18.192 15713 15713 D nativeloader: Load /data/app/~~COeFfhvdOL-uXk-t50yuYQ==/com.zonda.zondaapp-zh83NxfjPao0Yan4KQdJew==/base.apk!/lib/arm64-v8a/libjsi.so using class loader ns clns-5 (caller=/data/app/~~COeFfhvdOL-uXk-t50yuYQ==/com.zonda.zondaapp-zh83NxfjPao0Yan4KQdJew==/base.apk!classes7.dex): ok
12-02 14:15:18.214 15713 15713 D nativeloader: Load /data/app/~~COeFfhvdOL-uXk-t50yuYQ==/com.zonda.zondaapp-zh83NxfjPao0Yan4KQdJew==/base.apk!/lib/arm64-v8a/libfbjni.so using class loader ns clns-5 (caller=/data/app/~~COeFfhvdOL-uXk-t50yuYQ==/com.zonda.zondaapp-zh83NxfjPao0Yan4KQdJew==/base.apk!classes7.dex): ok
12-02 14:15:18.229 15713 15713 D nativeloader: Load /data/app/~~COeFfhvdOL-uXk-t50yuYQ==/com.zonda.zondaapp-zh83NxfjPao0Yan4KQdJew==/base.apk!/lib/arm64-v8a/libreactnative.so using class loader ns clns-5 (caller=/data/app/~~COeFfhvdOL-uXk-t50yuYQ==/com.zonda.zondaapp-zh83NxfjPao0Yan4KQdJew==/base.apk!classes7.dex): ok
12-02 14:15:18.267 15713 15713 D nativeloader: Load /data/app/~~COeFfhvdOL-uXk-t50yuYQ==/com.zonda.zondaapp-zh83NxfjPao0Yan4KQdJew==/base.apk!/lib/arm64-v8a/libreact_codegen_rnscreens.so using class loader ns clns-5 (caller=/data/app/~~COeFfhvdOL-uXk-t50yuYQ==/com.zonda.zondaapp-zh83NxfjPao0Yan4KQdJew==/base.apk!classes7.dex): ok
12-02 14:15:18.284 15713 15713 D nativeloader: Load /data/app/~~COeFfhvdOL-uXk-t50yuYQ==/com.zonda.zondaapp-zh83NxfjPao0Yan4KQdJew==/base.apk!/lib/arm64-v8a/libreact_codegen_safeareacontext.so using class loader ns clns-5 (caller=/data/app/~~COeFfhvdOL-uXk-t50yuYQ==/com.zonda.zondaapp-zh83NxfjPao0Yan4KQdJew==/base.apk!classes7.dex): ok
12-02 14:15:18.300 15713 15713 D nativeloader: Load /data/app/~~COeFfhvdOL-uXk-t50yuYQ==/com.zonda.zondaapp-zh83NxfjPao0Yan4KQdJew==/base.apk!/lib/arm64-v8a/libreact_codegen_rnpicker.so using class loader ns clns-5 (caller=/data/app/~~COeFfhvdOL-uXk-t50yuYQ==/com.zonda.zondaapp-zh83NxfjPao0Yan4KQdJew==/base.apk!classes7.dex): ok
12-02 14:15:18.307 15713 15713 D nativeloader: Load /data/app/~~COeFfhvdOL-uXk-t50yuYQ==/com.zonda.zondaapp-zh83NxfjPao0Yan4KQdJew==/base.apk!/lib/arm64-v8a/libappmodules.so using class loader ns clns-5 (caller=/data/app/~~COeFfhvdOL-uXk-t50yuYQ==/com.zonda.zondaapp-zh83NxfjPao0Yan4KQdJew==/base.apk!classes7.dex): ok
12-02 14:15:18.456 15713 15713 V SystemSensorManagerExtImpl: RegisterListener stk83xx Accelerometer Non-wakeup type:1 delay:66667us by com.facebook.react.common.ShakeDetector@e4bf819 from com.zonda.zondaapp
12-02 14:15:18.660 15713 15713 I Quality : ActivityThread: callApplicationOnCreate delay 741 com.zonda.zondaapp 15713
12-02 14:15:18.664 15713 15713 I Quality : ActivityThread: bindApplication delay 2363 com.zonda.zondaapp 15713
12-02 14:15:18.665 15713 15743 I Quality : Blocked msg = Package name: com.zonda.zondaapp [ schedGroup: 5 schedPolicy: 0 ] process the message: { when=-2s386ms what=110 target=android.app.ActivityThread$H obj=AppBindData{appInfo=ApplicationInfo{fd9a7c com.zonda.zondaapp}} } took 2363 ms
12-02 14:15:18.873 15713 15713 D ScrollOptim [SceneManager]: updateCurrentActivity: mCurrentActivityName=com.zonda.zondaapp.MainActivity, isOptEnable=true, isAnimAheadEnable=true, isFrameInsertEnable=true, InsertNum=1, isEnabledForScrollChanged=false
12-02 14:15:18.874 15713 15713 D ActivityThread: ComponentInfo{com.zonda.zondaapp/com.zonda.zondaapp.MainActivity} checkFinished=false 2
12-02 14:15:18.892  1522  3129 I SurfaceFlinger: [SF client] NEW(0xb4000072452ffd80) for (15713:com.zonda.zondaapp)
12-02 14:15:18.903  2812  2961 D VRR [OPlusExternalRefreshRateManager]: isPkgTfcEnable: pkgName = com.zonda.zondaapp, enable = false
12-02 14:15:18.903  2812  2961 D VRR [OPlusExternalRefreshRateManager]: getTfcMinFramerate: pkgName = com.zonda.zondaapp, min framerate = 0
12-02 14:15:18.904 15713 15713 I DynamicFramerate [FRTCConfigManager]: FRTCConfigManager: FRTC_CAPABILITY = 120, package name = com.zonda.zondaapp, WINDOW_ANIMATION_SPEED_RATE = 10, SCROLL_ANIMATION_SPEED_RATE = 20, MuitiWindowIdleFramerate = 60, PACKAGE_ENABLE = false
12-02 14:15:18.904 15713 15713 I DynamicFramerate [DynamicFrameRateController]: init info: mPackageName = com.zonda.zondaapp, mIsEnabled = false
12-02 14:15:18.904 15713 15713 D WindowManager: Add to mViews: DecorView@690df0c[MainActivity],pkg= com.zonda.zondaapp
12-02 14:15:18.925  2812  3293 I WindowManager: addWindow: New client android.os.BinderProxy@8d7b9d1 : window=Window{71dfc36 u0 com.zonda.zondaapp/com.zonda.zondaapp.MainActivity}
12-02 14:15:18.937  2812  2848 D FlexibleWindowManager: onFlexibleWindowTaskInfoChanged: mTaskId = 748 oldIsTaskEmbedded = false   curIsTaskEmbedded = false  topActivity = ComponentInfo{com.zonda.zondaapp/com.zonda.zondaapp.MainActivity}
12-02 14:15:18.945 15713 15713 I Quality : Skipped: false 4 cost 71.04635 refreshRate 16663740 bit true processName com.zonda.zondaapp
12-02 14:15:18.958  2812  3293 D CoreBackPreview: Window{71dfc36 u0 com.zonda.zondaapp/com.zonda.zondaapp.MainActivity}: Setting back callback OnBackInvokedCallbackInfo{mCallback=android.window.IOnBackInvokedCallback$Stub$Proxy@cc5a5c2, mPriority=0, mIsAnimationCallback=false}
12-02 14:15:18.960 15713 15713 D ViewRootImplExtImpl: wrapConfigInfoIntoFlags rotation=0, smallestScreenWidthDp=360, relayoutAsync=false, newFlags=23592960, title=com.zonda.zondaapp/com.zonda.zondaapp.MainActivity
12-02 14:15:18.961  2812  3293 D WindowManagerServiceExtImpl: extractConfigInfoAndRealFlags rotation=0, screenDp=360, win=Window{71dfc36 u0 com.zonda.zondaapp/com.zonda.zondaapp.MainActivity}
12-02 14:15:18.961  2812  3293 V WindowManager: Relayout Window{71dfc36 u0 com.zonda.zondaapp/com.zonda.zondaapp.MainActivity}: viewVisibility=0, oldvis=4, req=720x1604, vsysui=LAYOUT_STABLE LIGHT_NAVIGATION_BAR, x=0, y=0
12-02 14:15:18.961  2812  3293 I WindowManager: Window{71dfc36 u0 com.zonda.zondaapp/com.zonda.zondaapp.MainActivity} state from NO_SURFACE to DRAW_PENDING; reason: resetDrawState
12-02 14:15:18.962  1522  3129 D OplusLayer: setProcInfo (6091,com.zonda.zondaapp/com.zonda.zondaapp.MainActivity#6091,com.zonda.zondaapp)
12-02 14:15:18.970  2812  3293 V WindowManager: Changing focus from null to Window{71dfc36 u0 com.zonda.zondaapp/com.zonda.zondaapp.MainActivity},diplayid=0
12-02 14:15:19.003  1522  1522 D SurfaceFlinger: Find Focus windowName=71dfc36 com.zonda.zondaapp/com.zonda.zondaapp.MainActivity, notVisible=1
12-02 14:15:19.003  1522  1522 D Layer   : Focus: com.zonda.zondaapp/com.zonda.zondaapp.MainActivity#6091 isHiddenByPolicy s.flags&layer_state_t::eLayerHidden=1
12-02 14:15:19.004  1522  1847 D SurfaceFlinger: updateWinowInfo=1, setFocusedWindow timestamp=69323543516574, windowName=71dfc36 com.zonda.zondaapp/com.zonda.zondaapp.MainActivity
12-02 14:15:19.005  2812  2961 I InputDispatcher: NFW_setFocusedWindow, 71dfc36 com.zonda.zondaapp/com.zonda.zondaapp.MainActivity on display 0, same as the previous:0
12-02 14:15:19.315 15713 15713 I SurfaceControl:  setExtendedRangeBrightness sc=Surface(name=com.zonda.zondaapp/com.zonda.zondaapp.MainActivity)/@0x49dba58,currentBufferRatio=1.0,desiredRatio=1.0
12-02 14:15:19.358  2812  2961 I WindowManager: Window{71dfc36 u0 com.zonda.zondaapp/com.zonda.zondaapp.MainActivity} state from DRAW_PENDING to COMMIT_DRAW_PENDING; reason: finishDrawingLocked
12-02 14:15:19.360  2812  2961 D OplusTransitionAnimationManager: skipFinishDrawingIfNeed clientRotation=0, currentRotation=0, hasFixedRotationApp=false, requestedOrientation=1, win=Window{71dfc36 u0 com.zonda.zondaapp/com.zonda.zondaapp.MainActivity}, activity=ActivityRecord{21f8e66 u0 com.zonda.zondaapp/.MainActivity t748}, currentConfig={1.0 ??mcc??mnc [es_MX] ldltr sw360dp w360dp h726dp 320dpi nrml long port finger -keyb/h/h -nav/h winConfig={ mBounds=Rect(0, 0 - 720, 1604) mAppBounds=Rect(0, 65 - 720, 1516) mMaxBounds=Rect(0, 0 - 720, 1604) mDisplayRotation=ROTATION_0 mWindowingMode=fullscreen mDisplayWindowingMode=fullscreen mActivityType=standard mAlwaysOnTop=undefined mRotation=ROTATION_0} s.1 fontWeightAdjustment=0mThemeChanged= 0, mThemeChangedFlags= 0, mFlipFont= 0, mScenario= 0, mAccessibleChanged= -1, mUxIconConfig= 3468921665126138145, mMaterialColor= 40018, mUserId= 0, mFontUserId= 0, mFontVariationSettings= 226, mFoldingAngle = -1.0, mIconPackName= , mDarkModeBackgroundMaxL= 0.0, mDarkModeDialogBgMaxL= 27.0, mDarkModeForegroundMinL= 100.0, mOplusConfigType= 1, mOplusChangedConfigs= 0, OpSans= -1, mBurmeseFontFlag= 2, mFlag= 0, mFlexibleActivitySuitable= -1, mPuttDisplayFlag= -1}
12-02 14:15:19.363 15713 15713 I Quality : Skipped: false 20 cost 346.8356 refreshRate 16674685 bit true processName com.zonda.zondaapp
12-02 14:15:19.367  2812  2848 I WindowManager: Window{71dfc36 u0 com.zonda.zondaapp/com.zonda.zondaapp.MainActivity} state from COMMIT_DRAW_PENDING to READY_TO_SHOW; reason: commitFinishDrawingLocked
12-02 14:15:19.368  2812  2848 D ActivityTaskManager: Finish StartingWindow: ActivityRecord{21f8e66 u0 com.zonda.zondaapp/.MainActivity t748}first real window is shown
12-02 14:15:19.384  2812  2848 I WindowManager: Window{71dfc36 u0 com.zonda.zondaapp/com.zonda.zondaapp.MainActivity} state from READY_TO_SHOW to HAS_DRAWN; reason: performShowLocked
12-02 14:15:19.396  2812  2844 I Quality : LaunchTime2.0: com.zonda.zondaapp/.MainActivity 1 3528 host.exp.exponent 264 448 36874 1589 245624832 0 0
12-02 14:15:19.398  2812  2844 I ActivityTaskManager: Displayed com.zonda.zondaapp/.MainActivity for user 0: +3s593ms
12-02 14:15:19.401  2812  2961 D OplusTransitionAnimationManager: skipFinishDrawingIfNeed clientRotation=0, currentRotation=0, hasFixedRotationApp=false, requestedOrientation=1, win=Window{71dfc36 u0 com.zonda.zondaapp/com.zonda.zondaapp.MainActivity}, activity=ActivityRecord{21f8e66 u0 com.zonda.zondaapp/.MainActivity t748}, currentConfig={1.0 ??mcc??mnc [es_MX] ldltr sw360dp w360dp h726dp 320dpi nrml long port finger -keyb/h/h -nav/h winConfig={ mBounds=Rect(0, 0 - 720, 1604) mAppBounds=Rect(0, 65 - 720, 1516) mMaxBounds=Rect(0, 0 - 720, 1604) mDisplayRotation=ROTATION_0 mWindowingMode=fullscreen mDisplayWindowingMode=fullscreen mActivityType=standard mAlwaysOnTop=undefined mRotation=ROTATION_0} s.1 fontWeightAdjustment=0mThemeChanged= 0, mThemeChangedFlags= 0, mFlipFont= 0, mScenario= 0, mAccessibleChanged= -1, mUxIconConfig= 3468921665126138145, mMaterialColor= 40018, mUserId= 0, mFontUserId= 0, mFontVariationSettings= 226, mFoldingAngle = -1.0, mIconPackName= , mDarkModeBackgroundMaxL= 0.0, mDarkModeDialogBgMaxL= 27.0, mDarkModeForegroundMinL= 100.0, mOplusConfigType= 1, mOplusChangedConfigs= 0, OpSans= -1, mBurmeseFontFlag= 2, mFlag= 0, mFlexibleActivitySuitable= -1, mPuttDisplayFlag= -1}
12-02 14:15:19.404  2812  2961 I InputDispatcher: updateFocusedWindow, 71dfc36 com.zonda.zondaapp/com.zonda.zondaapp.MainActivity on display 0, reason: Window became focusable. Previous reason: NOT_VISIBLE, result:   FocusedWindows:
12-02 14:15:19.404  2812  2961 I InputDispatcher:     displayId=0, name='71dfc36 com.zonda.zondaapp/com.zonda.zondaapp.MainActivity'
12-02 14:15:19.421  2812  2848 D ActivityTaskManager: Finish StartingWindow: ActivityRecord{21f8e66 u0 com.zonda.zondaapp/.MainActivity t748}first real window is shown
12-02 14:15:19.450  2812  2961 D InputMethodManagerService: isSecurity: attribute.packageName = com.zonda.zondaapp mCurMethodId = com.google.android.inputmethod.latin/com.android.inputmethod.latin.LatinIME isSecurity = false ( enable = false needShow = false inBlackList = false isExist = false )
12-02 14:15:19.453  2812  2961 I ImeTracker: com.zonda.zondaapp:e34fce6d: onRequestHide at ORIGIN_SERVER_HIDE_INPUT reason HIDE_UNSPECIFIED_WINDOW
12-02 14:15:19.454  2812  2961 I ImeTracker: com.zonda.zondaapp:e34fce6d: onCancelled at PHASE_SERVER_SHOULD_HIDE
12-02 14:15:19.485  2812  5664 D ActivityTaskManager: removeStartingWindowAnimation starting ActivityRecord{21f8e66 u0 com.zonda.zondaapp/.MainActivity t748} startingWindow=null ,startingView=null,Callers=com.android.server.wm.ActivityRecord.onSplashScreenAttachComplete:3151 com.android.server.wm.ActivityRecord.splashScreenAttachedLocked:7578 com.android.server.wm.ActivityClientController.splashScreenAttached:1067 android.app.IActivityClientController$Stub.onTransact:1294 com.android.server.wm.ActivityClientController.onTransact:178 
12-02 14:15:19.485  2812  5664 D OplusStartingWindowManager: interceptRemoveStartingWindow: packageName=com.zonda.zondaapp, componentName=com.zonda.zondaapp/.MainActivity, isSnapshot=false, startingSurfaceRunnable=null,isDrawCompleted=false, hasSurfaceView=false, inTransition=false
12-02 14:15:19.485  2812  5664 D OplusStartingWindowManager: interceptRemoveStartingWindow: hasSplashWindowFlag() return false for activity=ActivityRecord{21f8e66 u0 com.zonda.zondaapp/.MainActivity t748}
12-02 14:15:19.495  2812  2848 I WindowStateExtImpl: onSurfaceShowChange show = false mPackageName = com.zonda.zondaapp parentPkgName = com.zonda.zondaapp
12-02 14:15:19.501  3430  3794 D ViewRootImplExtImpl: wrapConfigInfoIntoFlags rotation=0, smallestScreenWidthDp=360, relayoutAsync=false, newFlags=23592960, title=Splash Screen com.zonda.zondaapp
12-02 14:15:19.505  2812  3634 D WindowManagerServiceExtImpl: extractConfigInfoAndRealFlags rotation=0, screenDp=360, win=Window{d0309bb u0 Splash Screen com.zonda.zondaapp}
12-02 14:15:19.506  2812  3634 V WindowManager: Relayout Window{d0309bb u0 Splash Screen com.zonda.zondaapp}: viewVisibility=8, oldvis=0, req=720x1604, vsysui=
12-02 14:15:19.512 15713 15713 I Quality : Skipped: true 2 cost 45.633846 refreshRate 16661507 bit true processName com.zonda.zondaapp
12-02 14:15:19.515  3430  3794 D OplusScrollToTopManager: Splash Screen com.zonda.zondaapp,window dying
12-02 14:15:19.516  3430  3794 D OplusScrollToTopManager: Splash Screen com.zonda.zondaapp,unregisterSystemUIBroadcastReceiver 
12-02 14:15:19.516  3430  3794 D OplusScrollToTopManager: Splash Screen com.zonda.zondaapp, unregisterSystemUIBroadcastReceiver failed java.lang.IllegalArgumentException: Receiver not registered: android.view.OplusScrollToTopManager$2@9cf9a6e
12-02 14:15:19.519  1522  1522 D Layer   : reparent to null sequence=6094, seq[2], name=Surface(name=d0309bb Splash Screen com.zonda.zondaapp)/@0x78e764b - animation-leash of starting_reveal#6094
12-02 14:15:19.529  1492  3206 D AudioFlingerExtImpl: updateForegroundInfo mForegroundMap(1)|[com.zonda.zondaapp]=1
12-02 14:15:19.531  2812  3634 W InputManager-JNI: Input channel object 'd0309bb Splash Screen com.zonda.zondaapp (client)' was disposed without first being removed with the input manager!
12-02 14:15:19.532  2812  3634 I WindowManager: Window{d0309bb u0 Splash Screen com.zonda.zondaapp} state from HAS_DRAWN to NO_SURFACE; reason: destroySurface
12-02 14:15:19.553  1522  1522 D OplusLayer: setGameMode Splash Screen com.zonda.zondaapp#6083, gameMode 0, parentLayer .
12-02 14:15:19.553  1522  1522 D Layer   : reparent to null sequence=6083, seq[5], name=Splash Screen com.zonda.zondaapp#6083
12-02 14:15:19.553  1522  1522 D OplusLayer: setGameMode d0309bb Splash Screen com.zonda.zondaapp#6082, gameMode 0, parentLayer .
12-02 14:15:19.553  1522  1522 D Layer   : reparent to null sequence=6082, seq[3], name=d0309bb Splash Screen com.zonda.zondaapp#6082
12-02 14:15:19.690 30366 30366 I GoogleInputMethodService: GoogleInputMethodService.onStartInput():1347 onStartInput(EditorInfo{EditorInfo{packageName=com.zonda.zondaapp, inputType=0, inputTypeString=NULL, enableLearning=false, autoCorrection=false, autoComplete=false, imeOptions=0, privateImeOptions=null, actionName=UNSPECIFIED, actionLabel=null, initialSelStart=-1, initialSelEnd=-1, initialCapsMode=0, label=null, fieldId=0, fieldName=null, extras=Bundle[{com.oplus.im.SCENES=0}], hintText=null, hintLocales=[]}}, false)
12-02 14:15:19.745  2812  3634 W PackageConfigPersister: App-specific configuration not found for packageName: com.zonda.zondaapp and userId: 0
