12-02 14:15:40.344 16211 16211 F DEBUG   :       #149 pc 000000000097f088  /data/app/~~COeFfhvdOL-uXk-t50yuYQ==/com.zonda.zondaapp-zh83NxfjPao0Yan4KQdJew==/base.apk!libreactnative.so (offset 0x2a2c000) (_ZNSt6__ndk120__shared_ptr_emplaceIN8facebook5react14ViewShadowNodeENS_9allocatorIS3_EEE21__on_zero_shared_implB8ne180000IS5_TnNS_9enable_ifIXntsr7is_sameINT_10value_typeENS_19__for_overwrite_tagEEE5valueEiE4typeELi0EEEvv+60) (BuildId: 1695c17f23bd1ede)
12-02 14:15:40.344 16211 16211 F DEBUG   :       #150 pc 000000000097eebc  /data/app/~~COeFfhvdOL-uXk-t50yuYQ==/com.zonda.zondaapp-zh83NxfjPao0Yan4KQdJew==/base.apk!libreactnative.so (offset 0x2a2c000) (BuildId: 1695c17f23bd1ede)
12-02 14:15:40.344 16211 16211 F DEBUG   :       #151 pc 00000000008ea86c  /data/app/~~COeFfhvdOL-uXk-t50yuYQ==/com.zonda.zondaapp-zh83NxfjPao0Yan4KQdJew==/base.apk!libreactnative.so (offset 0x2a2c000) (BuildId: 1695c17f23bd1ede)
12-02 14:15:40.344 16211 16211 F DEBUG   :       #152 pc 00000000008ea81c  /data/app/~~COeFfhvdOL-uXk-t50yuYQ==/com.zonda.zondaapp-zh83NxfjPao0Yan4KQdJew==/base.apk!libreactnative.so (offset 0x2a2c000) (BuildId: 1695c17f23bd1ede)
12-02 14:15:40.344 16211 16211 F DEBUG   :       #153 pc 0000000000955a00  /data/app/~~COeFfhvdOL-uXk-t50yuYQ==/com.zonda.zondaapp-zh83NxfjPao0Yan4KQdJew==/base.apk!libreactnative.so (offset 0x2a2c000) (BuildId: 1695c17f23bd1ede)
12-02 14:15:40.344 16211 16211 F DEBUG   :       #154 pc 0000000000c682ac  /data/app/~~COeFfhvdOL-uXk-t50yuYQ==/com.zonda.zondaapp-zh83NxfjPao0Yan4KQdJew==/base.apk!libreactnative.so (offset 0x2a2c000) (BuildId: 1695c17f23bd1ede)
12-02 14:15:40.344 16211 16211 F DEBUG   :       #155 pc 0000000000c6822c  /data/app/~~COeFfhvdOL-uXk-t50yuYQ==/com.zonda.zondaapp-zh83NxfjPao0Yan4KQdJew==/base.apk!libreactnative.so (offset 0x2a2c000) (void std::__ndk1::allocator_traits<std::__ndk1::allocator<std::__ndk1::shared_ptr<facebook::react::ShadowNode const> > >::destroy[abi:ne180000]<std::__ndk1::shared_ptr<facebook::react::ShadowNode const>, void, void>(std::__ndk1::allocator<std::__ndk1::shared_ptr<facebook::react::ShadowNode const> >&, std::__ndk1::shared_ptr<facebook::react::ShadowNode const>*)+24) (BuildId: 1695c17f23bd1ede)
12-02 14:15:40.344 16211 16211 F DEBUG   :       #156 pc 0000000000c685b8  /data/app/~~COeFfhvdOL-uXk-t50yuYQ==/com.zonda.zondaapp-zh83NxfjPao0Yan4KQdJew==/base.apk!libreactnative.so (offset 0x2a2c000) (BuildId: 1695c17f23bd1ede)
12-02 14:15:40.344 16211 16211 F DEBUG   :       #157 pc 0000000000c684d4  /data/app/~~COeFfhvdOL-uXk-t50yuYQ==/com.zonda.zondaapp-zh83NxfjPao0Yan4KQdJew==/base.apk!libreactnative.so (offset 0x2a2c000) (BuildId: 1695c17f23bd1ede)
12-02 14:15:40.344 16211 16211 F DEBUG   :       #158 pc 0000000000c68474  /data/app/~~COeFfhvdOL-uXk-t50yuYQ==/com.zonda.zondaapp-zh83NxfjPao0Yan4KQdJew==/base.apk!libreactnative.so (offset 0x2a2c000) (BuildId: 1695c17f23bd1ede)
12-02 14:15:40.344 16211 16211 F DEBUG   :       #159 pc 0000000000c6497c  /data/app/~~COeFfhvdOL-uXk-t50yuYQ==/com.zonda.zondaapp-zh83NxfjPao0Yan4KQdJew==/base.apk!libreactnative.so (offset 0x2a2c000) (BuildId: 1695c17f23bd1ede)
12-02 14:15:40.344 16211 16211 F DEBUG   :       #160 pc 0000000000d1cbd4  /data/app/~~COeFfhvdOL-uXk-t50yuYQ==/com.zonda.zondaapp-zh83NxfjPao0Yan4KQdJew==/base.apk!libreactnative.so (offset 0x2a2c000) (BuildId: 1695c17f23bd1ede)
12-02 14:15:40.344 16211 16211 F DEBUG   :       #161 pc 0000000000d1cbb0  /data/app/~~COeFfhvdOL-uXk-t50yuYQ==/com.zonda.zondaapp-zh83NxfjPao0Yan4KQdJew==/base.apk!libreactnative.so (offset 0x2a2c000) (void std::__ndk1::allocator_traits<std::__ndk1::allocator<std::__ndk1::vector<std::__ndk1::shared_ptr<facebook::react::ShadowNode const>, std::__ndk1::allocator<std::__ndk1::shared_ptr<facebook::react::ShadowNode const> > > > >::destroy[abi:ne180000]<std::__ndk1::vector<std::__ndk1::shared_ptr<facebook::react::ShadowNode const>, std::__ndk1::allocator<std::__ndk1::shared_ptr<facebook::react::ShadowNode const> > >, void, void>(std::__ndk1::allocator<std::__ndk1::vector<std::__ndk1::shared_ptr<facebook::react::ShadowNode const>, std::__ndk1::allocator<std::__ndk1::shared_ptr<facebook::react::ShadowNode const> > > >&, std::__ndk1::vector<std::__ndk1::shared_ptr<facebook::react::ShadowNode const>, std::__ndk1::allocator<std::__ndk1::shared_ptr<facebook::react::ShadowNode const> > >*)+24) (BuildId: 1695c17f23bd1ede)
12-02 14:15:40.344 16211 16211 F DEBUG   :       #162 pc 0000000000d1cb64  /data/app/~~COeFfhvdOL-uXk-t50yuYQ==/com.zonda.zondaapp-zh83NxfjPao0Yan4KQdJew==/base.apk!libreactnative.so (offset 0x2a2c000) (_ZNSt6__ndk120__shared_ptr_emplaceINS_6vectorINS_10shared_ptrIKN8facebook5react10ShadowNodeEEENS_9allocatorIS7_EEEENS8_ISA_EEE21__on_zero_shared_implB8ne180000ISB_TnNS_9enable_ifIXntsr7is_sameINT_10value_typeENS_19__for_overwrite_tagEEE5valueEiE4typeELi0EEEvv+60) (BuildId: 1695c17f23bd1ede)
12-02 14:15:40.344 16211 16211 F DEBUG   :       #163 pc 0000000000d1c980  /data/app/~~COeFfhvdOL-uXk-t50yuYQ==/com.zonda.zondaapp-zh83NxfjPao0Yan4KQdJew==/base.apk!libreactnative.so (offset 0x2a2c000) (BuildId: 1695c17f23bd1ede)
12-02 14:15:40.344 16211 16211 F DEBUG   :       #164 pc 00000000008ea86c  /data/app/~~COeFfhvdOL-uXk-t50yuYQ==/com.zonda.zondaapp-zh83NxfjPao0Yan4KQdJew==/base.apk!libreactnative.so (offset 0x2a2c000) (BuildId: 1695c17f23bd1ede)
12-02 14:15:40.344 16211 16211 F DEBUG   :       #165 pc 00000000008ea81c  /data/app/~~COeFfhvdOL-uXk-t50yuYQ==/com.zonda.zondaapp-zh83NxfjPao0Yan4KQdJew==/base.apk!libreactnative.so (offset 0x2a2c000) (BuildId: 1695c17f23bd1ede)
12-02 14:15:40.344 16211 16211 F DEBUG   :       #166 pc 00000000009554b4  /data/app/~~COeFfhvdOL-uXk-t50yuYQ==/com.zonda.zondaapp-zh83NxfjPao0Yan4KQdJew==/base.apk!libreactnative.so (offset 0x2a2c000) (BuildId: 1695c17f23bd1ede)
12-02 14:15:40.344 16211 16211 F DEBUG   :       #167 pc 00000000009553d4  /data/app/~~COeFfhvdOL-uXk-t50yuYQ==/com.zonda.zondaapp-zh83NxfjPao0Yan4KQdJew==/base.apk!libreactnative.so (offset 0x2a2c000) (BuildId: 1695c17f23bd1ede)
12-02 14:15:40.344 16211 16211 F DEBUG   :       #168 pc 0000000000954cd4  /data/app/~~COeFfhvdOL-uXk-t50yuYQ==/com.zonda.zondaapp-zh83NxfjPao0Yan4KQdJew==/base.apk!libreactnative.so (offset 0x2a2c000) (BuildId: 1695c17f23bd1ede)
12-02 14:15:40.344 16211 16211 F DEBUG   :       #169 pc 0000000000954c2c  /data/app/~~COeFfhvdOL-uXk-t50yuYQ==/com.zonda.zondaapp-zh83NxfjPao0Yan4KQdJew==/base.apk!libreactnative.so (offset 0x2a2c000) (BuildId: 1695c17f23bd1ede)
12-02 14:15:40.344 16211 16211 F DEBUG   :       #170 pc 00000000009a56b4  /data/app/~~COeFfhvdOL-uXk-t50yuYQ==/com.zonda.zondaapp-zh83NxfjPao0Yan4KQdJew==/base.apk!libreactnative.so (offset 0x2a2c000) (BuildId: 1695c17f23bd1ede)
12-02 14:15:40.344 16211 16211 F DEBUG   :       #171 pc 00000000009a551c  /data/app/~~COeFfhvdOL-uXk-t50yuYQ==/com.zonda.zondaapp-zh83NxfjPao0Yan4KQdJew==/base.apk!libreactnative.so (offset 0x2a2c000) (BuildId: 1695c17f23bd1ede)
12-02 14:15:40.344 16211 16211 F DEBUG   :       #172 pc 00000000009a584c  /data/app/~~COeFfhvdOL-uXk-t50yuYQ==/com.zonda.zondaapp-zh83NxfjPao0Yan4KQdJew==/base.apk!libreactnative.so (offset 0x2a2c000) (BuildId: 1695c17f23bd1ede)
12-02 14:15:40.344 16211 16211 F DEBUG   :       #173 pc 00000000009a5828  /data/app/~~COeFfhvdOL-uXk-t50yuYQ==/com.zonda.zondaapp-zh83NxfjPao0Yan4KQdJew==/base.apk!libreactnative.so (offset 0x2a2c000) (BuildId: 1695c17f23bd1ede)
12-02 14:15:40.344 16211 16211 F DEBUG   :       #174 pc 00000000009a5804  /data/app/~~COeFfhvdOL-uXk-t50yuYQ==/com.zonda.zondaapp-zh83NxfjPao0Yan4KQdJew==/base.apk!libreactnative.so (offset 0x2a2c000) (void std::__ndk1::allocator_traits<std::__ndk1::allocator<facebook::react::ScrollViewShadowNode> >::destroy[abi:ne180000]<facebook::react::ScrollViewShadowNode, void, void>(std::__ndk1::allocator<facebook::react::ScrollViewShadowNode>&, facebook::react::ScrollViewShadowNode*)+24) (BuildId: 1695c17f23bd1ede)
12-02 14:15:40.344 16211 16211 F DEBUG   :       #175 pc 00000000009a57b8  /data/app/~~COeFfhvdOL-uXk-t50yuYQ==/com.zonda.zondaapp-zh83NxfjPao0Yan4KQdJew==/base.apk!libreactnative.so (offset 0x2a2c000) (_ZNSt6__ndk120__shared_ptr_emplaceIN8facebook5react20ScrollViewShadowNodeENS_9allocatorIS3_EEE21__on_zero_shared_implB8ne180000IS5_TnNS_9enable_ifIXntsr7is_sameINT_10value_typeENS_19__for_overwrite_tagEEE5valueEiE4typeELi0EEEvv+60) (BuildId: 1695c17f23bd1ede)
12-02 14:15:40.344 16211 16211 F DEBUG   :       #176 pc 00000000009a50e8  /data/app/~~COeFfhvdOL-uXk-t50yuYQ==/com.zonda.zondaapp-zh83NxfjPao0Yan4KQdJew==/base.apk!libreactnative.so (offset 0x2a2c000) (BuildId: 1695c17f23bd1ede)
12-02 14:15:40.344 16211 16211 F DEBUG   :       #177 pc 00000000008ea86c  /data/app/~~COeFfhvdOL-uXk-t50yuYQ==/com.zonda.zondaapp-zh83NxfjPao0Yan4KQdJew==/base.apk!libreactnative.so (offset 0x2a2c000) (BuildId: 1695c17f23bd1ede)
12-02 14:15:40.344 16211 16211 F DEBUG   :       #178 pc 00000000008ea81c  /data/app/~~COeFfhvdOL-uXk-t50yuYQ==/com.zonda.zondaapp-zh83NxfjPao0Yan4KQdJew==/base.apk!libreactnative.so (offset 0x2a2c000) (BuildId: 1695c17f23bd1ede)
12-02 14:15:40.344 16211 16211 F DEBUG   :       #179 pc 0000000000955a00  /data/app/~~COeFfhvdOL-uXk-t50yuYQ==/com.zonda.zondaapp-zh83NxfjPao0Yan4KQdJew==/base.apk!libreactnative.so (offset 0x2a2c000) (BuildId: 1695c17f23bd1ede)
12-02 14:15:40.344 16211 16211 F DEBUG   :       #180 pc 0000000000c682ac  /data/app/~~COeFfhvdOL-uXk-t50yuYQ==/com.zonda.zondaapp-zh83NxfjPao0Yan4KQdJew==/base.apk!libreactnative.so (offset 0x2a2c000) (BuildId: 1695c17f23bd1ede)
12-02 14:15:40.344 16211 16211 F DEBUG   :       #181 pc 0000000000c6822c  /data/app/~~COeFfhvdOL-uXk-t50yuYQ==/com.zonda.zondaapp-zh83NxfjPao0Yan4KQdJew==/base.apk!libreactnative.so (offset 0x2a2c000) (void std::__ndk1::allocator_traits<std::__ndk1::allocator<std::__ndk1::shared_ptr<facebook::react::ShadowNode const> > >::destroy[abi:ne180000]<std::__ndk1::shared_ptr<facebook::react::ShadowNode const>, void, void>(std::__ndk1::allocator<std::__ndk1::shared_ptr<facebook::react::ShadowNode const> >&, std::__ndk1::shared_ptr<facebook::react::ShadowNode const>*)+24) (BuildId: 1695c17f23bd1ede)
12-02 14:15:40.344 16211 16211 F DEBUG   :       #182 pc 0000000000c685b8  /data/app/~~COeFfhvdOL-uXk-t50yuYQ==/com.zonda.zondaapp-zh83NxfjPao0Yan4KQdJew==/base.apk!libreactnative.so (offset 0x2a2c000) (BuildId: 1695c17f23bd1ede)
12-02 14:15:40.344 16211 16211 F DEBUG   :       #183 pc 0000000000c684d4  /data/app/~~COeFfhvdOL-uXk-t50yuYQ==/com.zonda.zondaapp-zh83NxfjPao0Yan4KQdJew==/base.apk!libreactnative.so (offset 0x2a2c000) (BuildId: 1695c17f23bd1ede)
12-02 14:15:40.344 16211 16211 F DEBUG   :       #184 pc 0000000000c68474  /data/app/~~COeFfhvdOL-uXk-t50yuYQ==/com.zonda.zondaapp-zh83NxfjPao0Yan4KQdJew==/base.apk!libreactnative.so (offset 0x2a2c000) (BuildId: 1695c17f23bd1ede)
12-02 14:15:40.344 16211 16211 F DEBUG   :       #185 pc 0000000000c6497c  /data/app/~~COeFfhvdOL-uXk-t50yuYQ==/com.zonda.zondaapp-zh83NxfjPao0Yan4KQdJew==/base.apk!libreactnative.so (offset 0x2a2c000) (BuildId: 1695c17f23bd1ede)
12-02 14:15:40.344 16211 16211 F DEBUG   :       #186 pc 0000000000d1cbd4  /data/app/~~COeFfhvdOL-uXk-t50yuYQ==/com.zonda.zondaapp-zh83NxfjPao0Yan4KQdJew==/base.apk!libreactnative.so (offset 0x2a2c000) (BuildId: 1695c17f23bd1ede)
12-02 14:15:40.344 16211 16211 F DEBUG   :       #187 pc 0000000000d1cbb0  /data/app/~~COeFfhvdOL-uXk-t50yuYQ==/com.zonda.zondaapp-zh83NxfjPao0Yan4KQdJew==/base.apk!libreactnative.so (offset 0x2a2c000) (void std::__ndk1::allocator_traits<std::__ndk1::allocator<std::__ndk1::vector<std::__ndk1::shared_ptr<facebook::react::ShadowNode const>, std::__ndk1::allocator<std::__ndk1::shared_ptr<facebook::react::ShadowNode const> > > > >::destroy[abi:ne180000]<std::__ndk1::vector<std::__ndk1::shared_ptr<facebook::react::ShadowNode const>, std::__ndk1::allocator<std::__ndk1::shared_ptr<facebook::react::ShadowNode const> > >, void, void>(std::__ndk1::allocator<std::__ndk1::vector<std::__ndk1::shared_ptr<facebook::react::ShadowNode const>, std::__ndk1::allocator<std::__ndk1::shared_ptr<facebook::react::ShadowNode const> > > >&, std::__ndk1::vector<std::__ndk1::shared_ptr<facebook::react::ShadowNode const>, std::__ndk1::allocator<std::__ndk1::shared_ptr<facebook::react::ShadowNode const> > >*)+24) (BuildId: 1695c17f23bd1ede)
12-02 14:15:40.344 16211 16211 F DEBUG   :       #188 pc 0000000000d1cb64  /data/app/~~COeFfhvdOL-uXk-t50yuYQ==/com.zonda.zondaapp-zh83NxfjPao0Yan4KQdJew==/base.apk!libreactnative.so (offset 0x2a2c000) (_ZNSt6__ndk120__shared_ptr_emplaceINS_6vectorINS_10shared_ptrIKN8facebook5react10ShadowNodeEEENS_9allocatorIS7_EEEENS8_ISA_EEE21__on_zero_shared_implB8ne180000ISB_TnNS_9enable_ifIXntsr7is_sameINT_10value_typeENS_19__for_overwrite_tagEEE5valueEiE4typeELi0EEEvv+60) (BuildId: 1695c17f23bd1ede)
12-02 14:15:40.344 16211 16211 F DEBUG   :       #189 pc 0000000000d1c980  /data/app/~~COeFfhvdOL-uXk-t50yuYQ==/com.zonda.zondaapp-zh83NxfjPao0Yan4KQdJew==/base.apk!libreactnative.so (offset 0x2a2c000) (BuildId: 1695c17f23bd1ede)
12-02 14:15:40.344 16211 16211 F DEBUG   :       #190 pc 00000000008ea86c  /data/app/~~COeFfhvdOL-uXk-t50yuYQ==/com.zonda.zondaapp-zh83NxfjPao0Yan4KQdJew==/base.apk!libreactnative.so (offset 0x2a2c000) (BuildId: 1695c17f23bd1ede)
12-02 14:15:40.345 16211 16211 F DEBUG   :       #191 pc 00000000008ea81c  /data/app/~~COeFfhvdOL-uXk-t50yuYQ==/com.zonda.zondaapp-zh83NxfjPao0Yan4KQdJew==/base.apk!libreactnative.so (offset 0x2a2c000) (BuildId: 1695c17f23bd1ede)
12-02 14:15:40.345 16211 16211 F DEBUG   :       #192 pc 00000000009554b4  /data/app/~~COeFfhvdOL-uXk-t50yuYQ==/com.zonda.zondaapp-zh83NxfjPao0Yan4KQdJew==/base.apk!libreactnative.so (offset 0x2a2c000) (BuildId: 1695c17f23bd1ede)
12-02 14:15:40.345 16211 16211 F DEBUG   :       #193 pc 00000000009553d4  /data/app/~~COeFfhvdOL-uXk-t50yuYQ==/com.zonda.zondaapp-zh83NxfjPao0Yan4KQdJew==/base.apk!libreactnative.so (offset 0x2a2c000) (BuildId: 1695c17f23bd1ede)
12-02 14:15:40.345 16211 16211 F DEBUG   :       #194 pc 0000000000954cd4  /data/app/~~COeFfhvdOL-uXk-t50yuYQ==/com.zonda.zondaapp-zh83NxfjPao0Yan4KQdJew==/base.apk!libreactnative.so (offset 0x2a2c000) (BuildId: 1695c17f23bd1ede)
12-02 14:15:40.345 16211 16211 F DEBUG   :       #195 pc 0000000000954c2c  /data/app/~~COeFfhvdOL-uXk-t50yuYQ==/com.zonda.zondaapp-zh83NxfjPao0Yan4KQdJew==/base.apk!libreactnative.so (offset 0x2a2c000) (BuildId: 1695c17f23bd1ede)
12-02 14:15:40.345 16211 16211 F DEBUG   :       #196 pc 000000000097f17c  /data/app/~~COeFfhvdOL-uXk-t50yuYQ==/com.zonda.zondaapp-zh83NxfjPao0Yan4KQdJew==/base.apk!libreactnative.so (offset 0x2a2c000) (BuildId: 1695c17f23bd1ede)
12-02 14:15:40.345 16211 16211 F DEBUG   :       #197 pc 000000000097f158  /data/app/~~COeFfhvdOL-uXk-t50yuYQ==/com.zonda.zondaapp-zh83NxfjPao0Yan4KQdJew==/base.apk!libreactnative.so (offset 0x2a2c000) (BuildId: 1695c17f23bd1ede)
12-02 14:15:40.426  2812 16219 W ActivityTaskManager:   Force finishing activity com.zonda.zondaapp/.MainActivity
12-02 14:15:40.437  2812  3263 E UAH_JNI : uah_event_acquire ! cmdId: 0 ,strPkg: com.zonda.zondaapp, strIdent: com.android.server.wm, timeout: 720
12-02 14:15:40.437  2812  3263 I [UAH_CLIENT]: UahEventAcquire, cmdid:0, pkg:com.zonda.zondaapp, identity:com.android.server.wm
12-02 14:15:40.442  2812 16219 D ActivityTaskManager: setAppVisibility(Token{bc522d2 ActivityRecord{218ec21 u0 com.zonda.zondaapp/.MainActivity t748 f}}}, visible=false): mNextAppTransitionRequests=[], mNextAppTransitionFlags=,mAppTransitionState=APP_STATE_IDLE visible=true mVisibleRequested=true Callers=com.android.server.wm.ActivityRecord.setVisibility:6272 com.android.server.wm.ActivityRecord.finishIfPossible:4205 com.android.server.wm.ActivityRecord.finishIfPossible:4049 com.android.server.wm.Task.finishTopCrashedActivityLocked:5973 com.android.server.wm.RootWindowContainer.lambda$finishTopCrashedActivities$17:2577 com.android.server.wm.RootWindowContainer.$r8$lambda$tU3uq54E6s47P2cFrn4v86Si-94:0 
12-02 14:15:40.443  2812 16219 D ActivityTaskManager: setVisibility(Token{bc522d2 ActivityRecord{218ec21 u0 com.zonda.zondaapp/.MainActivity t748 f}}}, visible=false) defer commitVisibility for transition collecting
12-02 14:15:40.506  2812  3036 W OplusEapManager handleErrorInfo sendEvent: : com.zonda.zondaapp happenednative_crash
12-02 14:15:40.602  1522  3129 I SurfaceFlinger: [SF client] REMOVE (0xb4000072452ff380) for (15713:com.zonda.zondaapp)
12-02 14:15:40.603  2812  4245 I WindowManager: WIN DEATH: Window{94303d0 u0 com.zonda.zondaapp/com.zonda.zondaapp.MainActivity}
12-02 14:15:40.603  2812  3678 I ImeTracker: com.zonda.zondaapp:d68b4820: onRequestHide at ORIGIN_SERVER_HIDE_INPUT reason HIDE_REMOVE_CLIENT
12-02 14:15:40.603  2812  4245 W InputManager-JNI: Input channel object '94303d0 com.zonda.zondaapp/com.zonda.zondaapp.MainActivity (client)' was disposed without first being removed with the input manager!
12-02 14:15:40.603  2812  5267 I ActivityManager: Death received, pid = 15713, processName = com.zonda.zondaapp for thread android.os.BinderProxy@cc212b4
12-02 14:15:40.605  2812  3678 I ImeTracker: com.zonda.zondaapp:d68b4820: onCancelled at PHASE_SERVER_SHOULD_HIDE
12-02 14:15:40.605  2812  4245 V WindowManager: Changing focus from Window{94303d0 u0 com.zonda.zondaapp/com.zonda.zondaapp.MainActivity EXITING} to null,diplayid=0
12-02 14:15:40.607  2812  3189 D ConnectivityService: releasing NetworkRequest [ REQUEST id=5984, [ Capabilities: INTERNET&NOT_RESTRICTED&TRUSTED&NOT_VCN_MANAGED Uid: 10354 RequestorUid: 10354 RequestorPkg: com.zonda.zondaapp UnderlyingNetworks: Null] ] (release request)
12-02 14:15:40.621  2812  3607 I ActivityManager: Process com.zonda.zondaapp (pid 15713) has died: fg  TOP 
12-02 14:15:40.627  1492 12228 D AudioFlingerExtImpl: AudioFlingerExtImpl oplusSetParameters: keyvalue onForegroundActivitiesChanged=com.zonda.zondaapp:foreground:0
12-02 14:15:40.628  2812  3607 D ActivityTaskManager: removeAppToken: ActivityRecord{218ec21 u0 com.zonda.zondaapp/.MainActivity t748 f}} delayed=true parent=Task{702da54 #748 type=standard A=10354:com.zonda.zondaapp} animating=true Callers=com.android.server.wm.DisplayContent.removeAppToken:1665 com.android.server.wm.ActivityRecord.removeFromHistory:4686 com.android.server.wm.ActivityRecord.handleAppDied:5016 com.android.server.wm.WindowProcessController.handleAppDied:1532 
12-02 14:15:40.632  2812  3964 I OplusHansManager : onUidGone(), 10354 com.zonda.zondaapp exit SM
12-02 14:15:40.648  2812  3607 I OplusHansManager : front pkg: host.exp.exponent, uid: 10326, prev pkg: com.zonda.zondaapp, prev uid: 10354
12-02 14:15:40.667  2812  3607 D FlexibleTaskController: onTaskFocusChanged prevTask:Task{702da54 #748 type=standard A=10354:com.zonda.zondaapp} ,currentTask:Task{9195844 #740 type=standard A=10326:host.exp.exponent}, reason: resumeTopActivity - onActivityStateChanged
12-02 14:15:40.673  2812  3477 I Osense-BaseDecisionMaker: notifySceneToAthenaPolicy: SCENE_APP_SWITCH, bundle: Bundle[{prevPkgName=com.zonda.zondaapp, curUid=10326, curPkgName=host.exp.exponent, prevUid=10354}]
12-02 14:15:40.674  2812  3929 I OplusResourcePreloadManager: resume pkg: host.exp.exponent, uid:10326, prev pkg: com.zonda.zondaapp, prev uid: 10354
12-02 14:15:40.809  2812  2848 W WindowManager: Failed to deliver inset control state change to w=Window{94303d0 u0 com.zonda.zondaapp/com.zonda.zondaapp.MainActivity EXITING}
12-02 14:15:40.874  2812  2848 D Transition: collectOrderChanges onTopTasksEnd: [Task{9195844 #740 type=standard A=10326:host.exp.exponent}], reportedOnTop:null, mOnTopTasksStart: [Task{702da54 #748 type=standard A=10354:com.zonda.zondaapp}], TDA child: [Task{36c6a5 #3 type=undefined}, Task{2512355 #1 type=home}, Task{702da54 #748 type=standard A=10354:com.zonda.zondaapp}, Task{9195844 #740 type=standard A=10326:host.exp.exponent}]
12-02 14:15:40.875  2812  2848 D OplusFlexibleActivityTransitionManager: fixTransitType type result:2, targets: [Task{9195844 #740 type=standard A=10326:host.exp.exponent}, Task{702da54 #748 type=standard A=10354:com.zonda.zondaapp}]
12-02 14:15:40.878  2812  2848 D OplusZoomWindowManagerService: saveSupportFreeFormToTaskInfo target = ComponentInfo{com.zonda.zondaapp/com.zonda.zondaapp.MainActivity} isSupportZoomMode = true
12-02 14:15:40.878  2812  2848 D OplusTransitionController:  info: {id=476 t=CLOSE f=0x10 trk=0 r=[0@Point(0, 0)] c=[{WCT{RemoteToken{bdd840c Task{9195844 #740 type=standard A=10326:host.exp.exponent}}} m=TO_FRONT f=MOVE_TO_TOP leash=Surface(name=Task=740)/@0x8d51155 sb=Rect(0, 0 - 720, 1604) eb=Rect(0, 0 - 720, 1604) d=0},{WCT{RemoteToken{9d2b5fa Task{702da54 #748 type=standard A=10354:com.zonda.zondaapp}}} m=CLOSE f=NONE leash=Surface(name=Task=748)/@0xb85d7ab sb=Rect(0, 0 - 720, 1604) eb=Rect(0, 0 - 720, 1604) d=0}] extendInfo=[OplusTransitionExtendedInfo{mTmpFinishT=null, mInOplusCompatMode=false, mIsProcessRunning=false, mHasMismatchBoundsTarget=false, mRecentsController=null, mIsTranslucentActivityToHome=false, mAvoidInterceptKeyEventToHome=false, mIsFromHome=false}]}, 
12-02 14:15:40.878  2812  2848 D OplusTransitionController:  targets : [Task{9195844 #740 type=standard A=10326:host.exp.exponent}, Task{702da54 #748 type=standard A=10354:com.zonda.zondaapp}], 
12-02 14:15:40.878  2812  2848 D OplusTransitionController:  participants: {ActivityRecord{218ec21 u0 com.zonda.zondaapp/.MainActivity t748 f} isExiting}, Task{702da54 #748 type=standard A=10354:com.zonda.zondaapp}, Task{9195844 #740 type=standard A=10326:host.exp.exponent}, ActivityRecord{e002a98 u0 host.exp.exponent/.experience.HomeActivity t740}}
12-02 14:15:40.879  2812  2848 D OplusTransitionAnimationManager: mOpeningTasks add Task{702da54 #748 type=standard A=10354:com.zonda.zondaapp}
12-02 14:15:40.895  2812  2848 D TaskSnapshotCache: putSnapshot mRunningCache top= ActivityRecord{218ec21 u0 com.zonda.zondaapp/.MainActivity t748 f} isExiting}, mTaskId=748, snapshot=TaskSnapshot{ mId=1764706540880 mCaptureTime=134122497902387 mTopActivityComponent=com.zonda.zondaapp/.MainActivity mSnapshot=android.hardware.HardwareBuffer@1f1b3f1 (504x1122) mColorSpace=sRGB IEC61966-2.1 (id=0, model=RGB) mOrientation=1 mRotation=0 mTaskSize=Point(720, 1604) mContentInsets=[0,65][0,88] mLetterboxInsets=[0,0][0,0] mIsLowResolution=false mIsRealSnapshot=true mWindowingMode=1 mAppearance=24 mIsTranslucent=false mHasImeSurface=false, mAppIdMap size= 4
12-02 14:15:40.901  2812  2844 V WindowManager:     info={id=476 t=CLOSE f=0x10 trk=0 r=[0@Point(0, 0)] c=[{WCT{RemoteToken{bdd840c Task{9195844 #740 type=standard A=10326:host.exp.exponent}}} m=TO_FRONT f=MOVE_TO_TOP leash=Surface(name=Task=740)/@0x8d51155 sb=Rect(0, 0 - 720, 1604) eb=Rect(0, 0 - 720, 1604) d=0},{WCT{RemoteToken{9d2b5fa Task{702da54 #748 type=standard A=10354:com.zonda.zondaapp}}} m=CLOSE f=NONE leash=Surface(name=Task=748)/@0xb85d7ab sb=Rect(0, 0 - 720, 1604) eb=Rect(0, 0 - 720, 1604) d=0}] extendInfo=[OplusTransitionExtendedInfo{mTmpFinishT=null, mInOplusCompatMode=false, mIsProcessRunning=false, mHasMismatchBoundsTarget=false, mRecentsController=null, mIsTranslucentActivityToHome=false, mAvoidInterceptKeyEventToHome=false, mIsFromHome=false}]}
12-02 14:15:40.941  2812  2847 W ActivityTaskManager: Activity top resumed state loss timeout for ActivityRecord{218ec21 u0 com.zonda.zondaapp/.MainActivity t748 f} isExiting}
12-02 14:15:40.942  2812  2847 D OplusAppStartupConfigExt: ActivityChangedListener prePkg = com.zonda.zondaapp  nextPkg = host.exp.exponent
12-02 14:15:40.962  2812  4101 D OplusAppSwitchListener: Detect com.zonda.zondaapp switch to background
12-02 14:15:40.962  2812  4101 D OplusFeatureReduceBrightness: onAppExit , info = com.zonda.zondaapp
12-02 14:15:40.962  2812  4101 D OplusEapManager: mTargetExitName :com.zonda.zondaapp
12-02 14:15:40.965  3330 25391 V DCSEX-AppSwitchManager: OnAppSwitchObserver: onAppExit, resuming = host.exp.exponent, target = com.zonda.zondaapp, is ResumingFirstStart =  false, is ResumingMultiApp =  false, extensionInfo =  Bundle[mParcelledData.dataSize=84]
12-02 14:15:40.968  3330  3359 D DCSEX-AppLaunchEventRecorder: onAppSwitch from = com.zonda.zondaapp to = host.exp.exponent
12-02 14:15:40.968  3330  3359 D DCSEX-AppLaunchEventRecorder: recordExitApp = com.zonda.zondaapp
12-02 14:15:40.976  3462  5268 I Athena  : AthenaDynamicReceiver: pre_app:com.zonda.zondaapp, next_app:host.exp.exponent(10326|29146)
12-02 14:15:40.977  2812  2848 W WindowManager: Failed to deliver inset control state change to w=Window{94303d0 u0 com.zonda.zondaapp/com.zonda.zondaapp.MainActivity EXITING}
12-02 14:15:40.992  2812  3764 D VRR [OPlusRefreshRateService]:  setFrameRateTargetControl [ 0.0 , com.zonda.zondaapp , false , com.oplus.battery ]
12-02 14:15:40.992  2812  3764 D VRR [OPlusExternalRefreshRateManager]:  [FRTC] FrameRate : 0 com.zonda.zondaapp false com.oplus.battery 0 1000
12-02 14:15:41.014  1522  1756 I VRR [FRTC]: setFrameRateTarget with [0, com.zonda.zondaapp, 0, com.oplus.battery, 1, 0, 1000]
12-02 14:15:41.543  2812  3764 D Transition: finishTransition ar ActivityRecord{218ec21 u0 com.zonda.zondaapp/.MainActivity t748 f} isExiting}, isVisibleRequested=false, state=DESTROYED, visibleAtTransitionEndTokens={ActivityRecord{e002a98 u0 host.exp.exponent/.experience.HomeActivity t740}}, this=TransitionRecord{f7d4e9a id=476 track=0 type=CLOSE flags=0x10}
12-02 14:15:41.544  2812  3764 D ActivityTaskManager: commitVisibility: ActivityRecord{218ec21 u0 com.zonda.zondaapp/.MainActivity t748 f} isExiting}: visible=false visibleRequested=false, isInTransition=false, runningAnimation=false, caller=com.android.server.wm.Transition.finishTransition:1316 com.android.server.wm.TransitionController.finishTransition:951 com.android.server.wm.WindowOrganizerController.finishTransition:500 android.window.IWindowOrganizerController$Stub.onTransact:383 com.android.server.wm.WindowOrganizerController.onTransact:192 android.os.Binder.execTransactInternal:1387 
12-02 14:15:41.546  2812  3764 W WindowManager: Exception thrown during dispatchAppVisibility Window{94303d0 u0 com.zonda.zondaapp/com.zonda.zondaapp.MainActivity EXITING}
12-02 14:15:41.547  1522  1522 D OplusLayer: setGameMode ActivityRecord{218ec21 u0 com.zonda.zondaapp/.MainActivity t748}#6096, gameMode 0, parentLayer Task=748#6080.
12-02 14:15:41.548  1522  1522 D OplusLayer: setGameMode f14c846 ActivityRecordInputSink com.zonda.zondaapp/.MainActivity#6100, gameMode 0, parentLayer ActivityRecord{218ec21 u0 com.zonda.zondaapp/.MainActivity t748}#6096.
12-02 14:15:41.553  2812  3764 D OplusAONSmartDim: onWakeLockReleaseLocked: lock=94145227, flags=0x2000000a, packageName=android, tag="WindowManager/displayId:0", ws=WorkSource{10354 com.zonda.zondaapp}, uid=1000, pid=2812
12-02 14:15:41.557  2812  3764 D ActivityTaskManager: removeAppToken: ActivityRecord{218ec21 u0 com.zonda.zondaapp/.MainActivity t748 f}} delayed=false parent=Task{702da54 #748 type=standard A=10354:com.zonda.zondaapp} animating=false Callers=com.android.server.wm.ActivityRecord.removeImmediately:5031 com.android.server.wm.ActivityRecord.removeIfPossible:5046 com.android.server.wm.ActivityRecord.handleCompleteDeferredRemoval:5052 com.android.server.wm.WindowContainer.handleCompleteDeferredRemoval:1483 
12-02 14:15:41.557  2812  3764 I WindowManager: Window{94303d0 u0 com.zonda.zondaapp/com.zonda.zondaapp.MainActivity EXITING} state from HAS_DRAWN to NO_SURFACE; reason: destroySurface
12-02 14:15:41.563  1522  1522 D Layer   : reparent to null sequence=6102, seq[6], name=com.zonda.zondaapp/com.zonda.zondaapp.MainActivity#6102
12-02 14:15:41.563  1522  1522 D Layer   : reparent to null sequence=6101, seq[6], name=94303d0 com.zonda.zondaapp/com.zonda.zondaapp.MainActivity#6101
12-02 14:15:41.574  2812  3764 I OplusScreenSecurityMask: onStackRemoved task = Task{702da54 #748 type=standard A=10354:com.zonda.zondaapp} record = null displayId = 0
12-02 14:15:41.576  2812  3764 D OplusAlwaysAliveManager: removing: 748, ComponentInfo{com.zonda.zondaapp/com.zonda.zondaapp.MainActivity}
12-02 14:15:41.579  2812  3764 D OplusTransitionAnimationManager: commitVisibilityWhenFinishTransition type=2, ar.isVisibleRequested=false, ar.isVisible=false, ar.isVisibleRequested=false, ar=ActivityRecord{218ec21 u0 com.zonda.zondaapp/.MainActivity t-1 f}} ar type 1 ar state :DESTROYED displayid :-1, participants={ActivityRecord{218ec21 u0 com.zonda.zondaapp/.MainActivity t-1 f}}, Task{702da54 #748 type=standard A=10354:com.zonda.zondaapp}, Task{9195844 #740 type=standard A=10326:host.exp.exponent}, ActivityRecord{e002a98 u0 host.exp.exponent/.experience.HomeActivity t740}}
12-02 14:15:41.579  2812  3764 D OplusTransitionAnimationManager: commitVisibilityWhenFinishTransition type=2, ar.isVisibleRequested=true, ar.isVisible=true, ar.isVisibleRequested=true, ar=ActivityRecord{e002a98 u0 host.exp.exponent/.experience.HomeActivity t740} ar type 1 ar state :RESUMED displayid :0, participants={ActivityRecord{218ec21 u0 com.zonda.zondaapp/.MainActivity t-1 f}}, Task{702da54 #748 type=standard A=10354:com.zonda.zondaapp}, Task{9195844 #740 type=standard A=10326:host.exp.exponent}, ActivityRecord{e002a98 u0 host.exp.exponent/.experience.HomeActivity t740}}
12-02 14:15:41.584  2812  2848 D OplusFlexibleWindowMinimizedManagerHelper: onTaskVanished taskInfo:748 task:Task{702da54 #748 type=standard A=10354:com.zonda.zondaapp}
12-02 14:15:41.584  2812  2848 I FlexibleTaskController: releaseFlexibleTaskCaptionView task=Task{702da54 #748 type=standard A=10354:com.zonda.zondaapp}
12-02 14:15:41.585  2812  2848 D OplusFlexibleWindowMinimizedManagerHelper: onTaskVanished taskInfo:748 task:Task{702da54 #748 type=standard A=10354:com.zonda.zondaapp}
12-02 14:15:41.585  2812  2848 I FlexibleTaskController: releaseFlexibleTaskCaptionView task=Task{702da54 #748 type=standard A=10354:com.zonda.zondaapp}
12-02 14:15:41.597  1522  1522 D Layer   : reparent to null sequence=6096, seq[11], name=ActivityRecord{218ec21 u0 com.zonda.zondaapp/.MainActivity t748}#6096
12-02 14:15:41.630  2812  3764 D OplusAppListInterceptManager: shouldFilterTask::packageName = com.zonda.zondaapp
12-02 14:15:41.639  2812  3764 D OplusAppListInterceptManager: shouldFilterTask::packageName = com.zonda.zondaapp
12-02 14:15:42.705  2812  4076 I OsenseKillAction: KillAction: 233mb more anonRss to reclaim, 0mb more swapMb to reclaim, <trigger> mem guard, cur avail=1283mb, bundle: Bundle[{appcareThreshold=39, prevPkgName=com.zonda.zondaapp, triggerMemory=1400, curUid=10326, curPkgName=host.exp.exponent, qbmode=false, prevUid=10354, type=smart-force, level=2, scene=SCENE_APP_SWITCH, freeze_dur=1500, requestId=1521, purposeMemory=1516}]
12-02 14:15:42.715  2812  3393 D OplusAppListInterceptManager: shouldFilterTask::packageName = com.zonda.zondaapp
12-02 14:15:45.972  3401  3528 D AppSwitchObserverHelper: packageName: com.zonda.zondaapp,com.zonda.zondaapp
12-02 14:16:30.729  3430  3436 W ndroid.systemui: ApkAssets: Deleting an ApkAssets object '<empty> and /data/app/~~COeFfhvdOL-uXk-t50yuYQ==/com.zonda.zondaapp