12-02 14:15:19.903 15713 15713 V SystemSensorManagerExtImpl: RegisterListener stk83xx Accelerometer Non-wakeup type:1 delay:66667us by com.facebook.react.common.ShakeDetector@17e8291 from com.zonda.zondaapp
12-02 14:15:19.921  2812  5664 D OplusZoomWindowRUSConfigManager: isSupportZoomModeWithPolicyLocked: target = com.zonda.zondaapp/.MainActivity
12-02 14:15:19.921  2812  5664 D OplusZoomWindowRUSConfigManager: targetPkg = com.zonda.zondaapp
12-02 14:15:19.923  2812  5664 D ActivityStarterExtImpl: setForceUpdateWindow, targetTask = Task{702da54 #748 type=standard A=10354:com.zonda.zondaapp} r = ActivityRecord{218ec21 u0 com.zonda.zondaapp/.MainActivity t-1} notFinish =false
12-02 14:15:19.924  2812  5664 I TaskFragmentExtImpl: reset pause in recents anim for mTaskFragment: Task{702da54 #748 type=standard A=10354:com.zonda.zondaapp}
12-02 14:15:19.925  2812  5664 D OplusZoomWindowRUSConfigManager: isSupportZoomModeWithPolicyLocked: target = com.zonda.zondaapp/.MainActivity
12-02 14:15:19.925  2812  5664 D OplusZoomWindowRUSConfigManager: targetPkg = com.zonda.zondaapp
12-02 14:15:19.931  2812  5664 D ActivityTaskManager: setAppVisibility(Token{bb4bdfd ActivityRecord{21f8e66 u0 com.zonda.zondaapp/.MainActivity t748 f}}}, visible=false): mNextAppTransitionRequests=[], mNextAppTransitionFlags=,mAppTransitionState=APP_STATE_IDLE visible=true mVisibleRequested=true Callers=com.android.server.wm.ActivityRecord.setVisibility:6272 com.android.server.wm.ActivityRecord.finishIfPossible:4205 com.android.server.wm.ActivityRecord.finishIfPossible:4049 com.android.server.wm.Task.removeActivities:1732 com.android.server.wm.Task.performClearTaskForReuse:1748 com.android.server.wm.ActivityStarter.complyActivityFlags:3036 
12-02 14:15:19.932  2812  5664 D ActivityTaskManager: setVisibility(Token{bb4bdfd ActivityRecord{21f8e66 u0 com.zonda.zondaapp/.MainActivity t748 f}}}, visible=false) defer commitVisibility for transition collecting
12-02 14:15:19.937  2812  5664 D TaskFragmentExtImpl: shouldSetReadyFalse and resumedActivity is: ActivityRecord{21f8e66 u0 com.zonda.zondaapp/.MainActivity t748 f}} launchFromLauncher is: false
12-02 14:15:19.941  2812  5664 D FlexibleWindowManager: current task:Task{702da54 #748 type=standard A=10354:com.zonda.zondaapp} is focus and visible,no need setAlwaysOnTop for flexible task.
12-02 14:15:19.941  2812  5664 D FlexibleWindowManager: current task:Task{702da54 #748 type=standard A=10354:com.zonda.zondaapp} is focus and visible,no need setAlwaysOnTop for flexible task.
12-02 14:15:19.942  2812  5664 D OplusStartingWindowManager: reviseWindowFlagsForStarting ar =:ActivityRecord{218ec21 u0 com.zonda.zondaapp/.MainActivity t748}, callingPkgName =:com.zonda.zondaapp, activityCreated =:false, snapshot =:null, RUS version:20240715
12-02 14:15:19.942  2812  5664 D OplusStartingWindowManager: we don't revise window flags for third activity :ActivityRecord{218ec21 u0 com.zonda.zondaapp/.MainActivity t748}
12-02 14:15:19.942  2812  5664 D ActivityTaskManager: validateStartingWindowTheme:  Pkg=com.zonda.zondaapp, Translucent=false, Floating=false, ShowWallpaper=false, Disable=false, LaunchSource=4
12-02 14:15:19.942  2812  5664 D ActivityTaskManager: getStartingWindowType: , newTask=true, taskSwitch=false, processRunning=true, allowTaskSnapshot=true, activityCreated=false, activityAllDrawn=false, snapshot=null, record:ActivityRecord{218ec21 u0 com.zonda.zondaapp/.MainActivity t748}
12-02 14:15:19.945  2812  5664 D OplusZoomWindowRUSConfigManager: isSupportZoomModeWithPolicyLocked: target = com.zonda.zondaapp/.MainActivity
12-02 14:15:19.945  2812  5664 D OplusZoomWindowRUSConfigManager: targetPkg = com.zonda.zondaapp
12-02 14:15:19.950  3430  3645 V WindowManagerShell: Transition requested: android.os.BinderProxy@d5eef7a TransitionRequestInfo { type = OPEN, triggerTask = TaskInfo{userId=0 taskId=748 displayId=0 isRunning=true baseIntent=Intent { act=android.intent.action.VIEW dat=exp+zondaapp://expo-development-client/... flg=0x10000000 cmp=com.zonda.zondaapp/.MainActivity mCallingUid=10326 } baseActivity=ComponentInfo{com.zonda.zondaapp/com.zonda.zondaapp.MainActivity} topActivity=ComponentInfo{com.zonda.zondaapp/com.zonda.zondaapp.MainActivity} origActivity=null realActivity=ComponentInfo{com.zonda.zondaapp/com.zonda.zondaapp.MainActivity} numActivities=1 lastActiveTime=134101536 supportsSplitScreenMultiWindow=true supportsMultiWindow=true supportsPocketStudioMultiWindow=true isInFlexibleEmbedded = false uid = 10354 pid = 0 resizeMode=1 isResizeable=true minWidth=-1 minHeight=-1 defaultMinSize=220 token=WCT{android.window.IWindowContainerToken$Stub$Proxy@bf532b} topActivityType=1 pictureInPictureParams=null shouldDockBigOverlays=false launchIntoPipHostTaskId=-1 lastParentTaskIdBeforePip=-1 displayCutoutSafeInsets=Rect(0, 65 - 0, 0) topActivityInfo=ActivityInfo{b0fb388 com.zonda.zondaapp.MainActivity} launchCookies=[] positionInParent=Point(0, 0) parentTaskId=-1 isFocused=true isVisible=true isVisibleRequested=false isSleeping=false topActivityInSizeCompat=false topActivityInOplusCompatMode=false topActivityEligibleForLetterboxEducation= false topActivityLetterboxed= false isFromDoubleTap= false topActivityLetterboxVerticalPosition= -1 topActivityLetterboxHorizontalPosition= -1 topActivityLetterboxWidth=-1 topActivityLetterboxHeight=-1 locusId=null displayAreaFeatureId=1 cameraCompatControlState=hidden locusId= null topActivityLetterboxInsets=Rect(0, 0 - 0, 0) mOplusExtraBundle = Bundle[mParcelledData.dataSize=84]}, remoteTransition = null, displayChange = null }
12-02 14:15:19.951  2812  5664 D FlexibleWindowManager: onFlexibleWindowTaskInfoChanged: mTaskId = 748 oldIsTaskEmbedded = false   curIsTaskEmbedded = false  topActivity = ComponentInfo{com.zonda.zondaapp/com.zonda.zondaapp.MainActivity}
12-02 14:15:19.952  2812  5664 I ActivityTaskManager: START u0 {act=android.intent.action.VIEW cat=[android.intent.category.LAUNCHER] dat=exp+zondaapp://expo-development-client/... flg=0x10018000 pkg=com.zonda.zondaapp cmp=com.zonda.zondaapp/.MainActivity mCallingUid=10354} with LAUNCH_SINGLE_TASK from uid 10354 (BAL_ALLOW_VISIBLE_WINDOW) result code=0
12-02 14:15:19.952  3430  3794 D WindowManager: Add to mViews: android.widget.FrameLayout{b5c8946 V.E...... ......I. 0,0-0,0 viewInfo = },pkg= com.zonda.zondaapp
12-02 14:15:19.953 15713 15713 I Quality : Skipped: true 3 cost 53.500023 refreshRate 16663759 bit true processName com.zonda.zondaapp
12-02 14:15:19.959  2812  3643 D ActivityTaskManager: attachStartingWindow: mStartingData=com.android.server.wm.SplashScreenStartingData@47bc01b,mStartingWindow=Window{f4b2715 u0 Splash Screen com.zonda.zondaapp}
12-02 14:15:19.960  2812  3643 I WindowManager: addWindow: New client android.os.BinderProxy@62b58cc : window=Window{f4b2715 u0 Splash Screen com.zonda.zondaapp}
12-02 14:15:19.965  2812  5664 I ActivityTaskManager: The Process com.zonda.zondaapp Already Exists in BG. So sending its PID: 15713
12-02 14:15:19.967  2812  5664 D ActivityTaskManager: setAppVisibility(Token{bc522d2 ActivityRecord{218ec21 u0 com.zonda.zondaapp/.MainActivity t748}}, visible=true): mNextAppTransitionRequests=[], mNextAppTransitionFlags=,mAppTransitionState=APP_STATE_IDLE visible=false mVisibleRequested=false Callers=com.android.server.wm.ActivityRecord.setVisibility:6272 com.android.server.wm.ActivityRecord.makeVisibleIfNeeded:7267 com.android.server.wm.EnsureActivitiesVisibleHelper.setActivityVisibilityState:231 com.android.server.wm.EnsureActivitiesVisibleHelper.process:162 com.android.server.wm.TaskFragment.updateActivityVisibilities:1307 com.android.server.wm.Task.lambda$ensureActivitiesVisible$22:5483 
12-02 14:15:19.968  2812  5664 D ActivityTaskManager: setVisibility(Token{bc522d2 ActivityRecord{218ec21 u0 com.zonda.zondaapp/.MainActivity t748}}, visible=true) defer commitVisibility for transition collecting
12-02 14:15:19.968  2812  5664 D WindowManager: updateOrientation: mLastOrientation = SCREEN_ORIENTATION_PORTRAIT(1) newOrientation = SCREEN_ORIENTATION_PORTRAIT(1) forceUpdate = true LastOrientationSource = ActivityRecord{218ec21 u0 com.zonda.zondaapp/.MainActivity t748}
12-02 14:15:19.970  2812  5664 D FlexibleWindowManager: onFlexibleWindowTaskInfoChanged: mTaskId = 748 oldIsTaskEmbedded = false   curIsTaskEmbedded = false  topActivity = ComponentInfo{com.zonda.zondaapp/com.zonda.zondaapp.MainActivity}
12-02 14:15:19.970  2812  5664 D ActivityTaskManager: setAppVisibility(Token{bc522d2 ActivityRecord{218ec21 u0 com.zonda.zondaapp/.MainActivity t748}}, visible=true): mNextAppTransitionRequests=[], mNextAppTransitionFlags=,mAppTransitionState=APP_STATE_IDLE visible=false mVisibleRequested=true Callers=com.android.server.wm.ActivityRecord.setVisibility:6272 com.android.server.wm.ActivityTaskSupervisor.realStartActivityLocked:889 com.android.server.wm.ActivityTaskSupervisor.startSpecificActivity:1157 com.android.server.wm.TaskFragment.resumeTopActivity:1806 com.android.server.wm.Task.resumeTopActivityInnerLocked:5670 com.android.server.wm.Task.resumeTopActivityUncheckedLocked:5595 
12-02 14:15:19.970  2812  5664 D ActivityTaskManager: setVisibility(Token{bc522d2 ActivityRecord{218ec21 u0 com.zonda.zondaapp/.MainActivity t748}}, visible=true) defer commitVisibility for transition collecting
12-02 14:15:19.971  2812  5664 D OplusCameraStartupOptimization: cameraPreopenIfNeed, r = ActivityRecord{218ec21 u0 com.zonda.zondaapp/.MainActivity t748}
12-02 14:15:19.971  2812  5664 D OplusCameraStartupOptimization: needOptimizeForCamera bNeedOptimize:false clsName: com.zonda.zondaapp/.MainActivity
12-02 14:15:19.972  2812  5664 I InputDispatcher: setFocusedApplication displayId=0 ActivityRecord{218ec21 u0 com.zonda.zondaapp/.MainActivity t748}
12-02 14:15:19.972  2812  5664 D ActivityTaskManager: NFW_setLastResumedActivityUncheckLocked:true r:ActivityRecord{218ec21 u0 com.zonda.zondaapp/.MainActivity t748} currentFocus:Window{71dfc36 u0 com.zonda.zondaapp/com.zonda.zondaapp.MainActivity}
12-02 14:15:19.973  2812  5664 V WindowManager: Changing focus from Window{71dfc36 u0 com.zonda.zondaapp/com.zonda.zondaapp.MainActivity} to null,diplayid=0
12-02 14:15:19.976  2812  5664 D ActivityTaskManager: setAppVisibility(Token{bc522d2 ActivityRecord{218ec21 u0 com.zonda.zondaapp/.MainActivity t748}}, visible=true): mNextAppTransitionRequests=[], mNextAppTransitionFlags=,mAppTransitionState=APP_STATE_IDLE visible=false mVisibleRequested=true Callers=com.android.server.wm.ActivityRecord.setVisibility:6272 com.android.server.wm.ActivityRecord.completeResumeLocked:7588 com.android.server.wm.Task.minimalResumeActivityLocked:5391 com.android.server.wm.ActivityTaskSupervisor.realStartActivityLocked:1069 com.android.server.wm.ActivityTaskSupervisor.startSpecificActivity:1157 com.android.server.wm.TaskFragment.resumeTopActivity:1806 
12-02 14:15:19.976  2812  5664 D ActivityTaskManager: setVisibility(Token{bc522d2 ActivityRecord{218ec21 u0 com.zonda.zondaapp/.MainActivity t748}}, visible=true) defer commitVisibility for transition collecting
12-02 14:15:19.989  3430  3794 D ViewRootImplExtImpl: wrapConfigInfoIntoFlags rotation=0, smallestScreenWidthDp=360, relayoutAsync=false, newFlags=23592960, title=Splash Screen com.zonda.zondaapp
12-02 14:15:19.990  2812  5664 D CoreBackPreview: Window{f4b2715 u0 Splash Screen com.zonda.zondaapp}: Setting back callback OnBackInvokedCallbackInfo{mCallback=android.window.IOnBackInvokedCallback$Stub$Proxy@d1b35b8, mPriority=0, mIsAnimationCallback=false}
12-02 14:15:19.990  2812  3293 D WindowManagerServiceExtImpl: extractConfigInfoAndRealFlags rotation=0, screenDp=360, win=Window{f4b2715 u0 Splash Screen com.zonda.zondaapp}
12-02 14:15:19.990  2812  3293 V WindowManager: Relayout Window{f4b2715 u0 Splash Screen com.zonda.zondaapp}: viewVisibility=0, oldvis=0, req=720x1604, vsysui=, x=0, y=0
12-02 14:15:19.990  2812  3293 I WindowManager: Window{f4b2715 u0 Splash Screen com.zonda.zondaapp} state from NO_SURFACE to DRAW_PENDING; reason: resetDrawState
12-02 14:15:19.991  1522 30040 D OplusLayer: setProcInfo (6098,Splash Screen com.zonda.zondaapp#6098,com.android.systemui)
12-02 14:15:20.003  2812  2848 D FlexibleWindowManager: onFlexibleWindowTaskInfoChanged: mTaskId = 748 oldIsTaskEmbedded = false   curIsTaskEmbedded = false  topActivity = ComponentInfo{com.zonda.zondaapp/com.zonda.zondaapp.MainActivity}
12-02 14:15:20.004  3430  3794 I SurfaceControl:  setExtendedRangeBrightness sc=Surface(name=Splash Screen com.zonda.zondaapp)/@0xbef6ba0,currentBufferRatio=1.0,desiredRatio=1.0
12-02 14:15:20.019  2812  3643 D OplusTransitionController: onSyncFinishedDrawing, Window{f4b2715 u0 Splash Screen com.zonda.zondaapp}
12-02 14:15:20.020  2812  3643 I WindowManager: finishDrawing skipLayout:false Window{f4b2715 u0 Splash Screen com.zonda.zondaapp} com.android.server.wm.WindowManagerService.finishDrawingWindow:2973 com.android.server.wm.Session.finishDrawing:311 android.view.IWindowSession$Stub.onTransact:779 
12-02 14:15:20.020  2812  3643 I WindowManager: Window{f4b2715 u0 Splash Screen com.zonda.zondaapp} state from DRAW_PENDING to COMMIT_DRAW_PENDING; reason: finishDrawingLocked
12-02 14:15:20.020  2812  3643 D OplusTransitionAnimationManager: skipFinishDrawingIfNeed clientRotation=0, currentRotation=0, hasFixedRotationApp=false, requestedOrientation=1, win=Window{f4b2715 u0 Splash Screen com.zonda.zondaapp}, activity=ActivityRecord{218ec21 u0 com.zonda.zondaapp/.MainActivity t748}, currentConfig={1.0 ??mcc??mnc [es_MX] ldltr sw360dp w360dp h726dp 320dpi nrml long port finger -keyb/h/h -nav/h winConfig={ mBounds=Rect(0, 0 - 720, 1604) mAppBounds=Rect(0, 65 - 720, 1516) mMaxBounds=Rect(0, 0 - 720, 1604) mDisplayRotation=ROTATION_0 mWindowingMode=fullscreen mDisplayWindowingMode=fullscreen mActivityType=standard mAlwaysOnTop=undefined mRotation=ROTATION_0} s.1 fontWeightAdjustment=0mThemeChanged= 0, mThemeChangedFlags= 0, mFlipFont= 0, mScenario= 0, mAccessibleChanged= -1, mUxIconConfig= 3468921665126138145, mMaterialColor= 40018, mUserId= 0, mFontUserId= 0, mFontVariationSettings= 226, mFoldingAngle = -1.0, mIconPackName= , mDarkModeBackgroundMaxL= 0.0, mDarkModeDialogBgMaxL= 27.0, mDarkModeForegroundMinL= 100.0, mOplusConfigType= 1, mOplusChangedConfigs= 0, OpSans= -1, mBurmeseFontFlag= 2, mFlag= 0, mFlexibleActivitySuitable= -1, mPuttDisplayFlag= -1}
12-02 14:15:20.024  2812  2848 I WindowManager: Window{f4b2715 u0 Splash Screen com.zonda.zondaapp} state from COMMIT_DRAW_PENDING to READY_TO_SHOW; reason: commitFinishDrawingLocked
12-02 14:15:20.028  2812  2848 D ActivityTaskManager: commitVisibility: ActivityRecord{218ec21 u0 com.zonda.zondaapp/.MainActivity t748}: visible=true visibleRequested=true, isInTransition=true, runningAnimation=true, caller=com.android.server.wm.Transition.commitVisibleActivities:2012 com.android.server.wm.Transition.onTransactionReady:1630 com.android.server.wm.BLASTSyncEngine$SyncGroup.finishNow:318 com.android.server.wm.BLASTSyncEngine$SyncGroup.tryFinish:237 com.android.server.wm.BLASTSyncEngine$SyncGroup.-$$Nest$mtryFinish:0 com.android.server.wm.BLASTSyncEngine.onSurfacePlacement:626 
12-02 14:15:20.029  2812  2848 I WindowManager: Window{f4b2715 u0 Splash Screen com.zonda.zondaapp} state from READY_TO_SHOW to HAS_DRAWN; reason: performShowLocked
12-02 14:15:20.029  2812  2848 I WindowStateExtImpl: onSurfaceShowChange show = true mPackageName = com.zonda.zondaapp parentPkgName = com.zonda.zondaapp
12-02 14:15:20.030  2812  2848 D Transition: collectOrderChanges onTopTasksEnd: [Task{702da54 #748 type=standard A=10354:com.zonda.zondaapp}], reportedOnTop:null, mOnTopTasksStart: [Task{702da54 #748 type=standard A=10354:com.zonda.zondaapp}], TDA child: [Task{36c6a5 #3 type=undefined}, Task{2512355 #1 type=home}, Task{9195844 #740 type=standard A=10326:host.exp.exponent}, Task{702da54 #748 type=standard A=10354:com.zonda.zondaapp}]
12-02 14:15:20.030  2812  2848 D OplusFlexibleActivityTransitionManager: fixTransitType type result:1, targets: [ActivityRecord{218ec21 u0 com.zonda.zondaapp/.MainActivity t748}, ActivityRecord{21f8e66 u0 com.zonda.zondaapp/.MainActivity t748 f}}]
12-02 14:15:20.033  2812  2848 D OplusZoomWindowManagerService: saveSupportFreeFormToTaskInfo target = ComponentInfo{com.zonda.zondaapp/com.zonda.zondaapp.MainActivity} isSupportZoomMode = true
12-02 14:15:20.033  2812  2848 D OplusZoomWindowManagerService: saveSupportFreeFormToTaskInfo target = ComponentInfo{com.zonda.zondaapp/com.zonda.zondaapp.MainActivity} isSupportZoomMode = true
12-02 14:15:20.034  2812  2848 D OplusTransitionController:  info: {id=475 t=OPEN f=0x0 trk=0 r=[0@Point(0, 0)] c=[{null m=OPEN f=FILLS_TASK|IS_BEHIND_STARTING_WINDOW|NO_ANIMATION leash=Surface(name=ActivityRecord{218ec21 u0 com.zonda.zondaapp/.MainActivity t748})/@0xc5cef6 sb=Rect(0, 0 - 0, 0) eb=Rect(0, 0 - 720, 1604) d=-1->0 r=-1->0:-1},{null m=CLOSE f=FILLS_TASK|IS_BEHIND_STARTING_WINDOW leash=Surface(name=ActivityRecord{21f8e66 u0 com.zonda.zondaapp/.MainActivity t748})/@0x18c42f7 sb=Rect(0, 0 - 720, 1604) eb=Rect(0, 0 - 720, 1604) d=0}] extendInfo=[OplusTransitionExtendedInfo{mTmpFinishT=null, mInOplusCompatMode=false, mIsProcessRunning=false, mHasMismatchBoundsTarget=false, mRecentsController=null, mIsTranslucentActivityToHome=false, mAvoidInterceptKeyEventToHome=false, mIsFromHome=false}]}, 
12-02 14:15:20.034  2812  2848 D OplusTransitionController:  targets : [ActivityRecord{218ec21 u0 com.zonda.zondaapp/.MainActivity t748}, ActivityRecord{21f8e66 u0 com.zonda.zondaapp/.MainActivity t748 f}}], 
12-02 14:15:20.034  2812  2848 D OplusTransitionController:  participants: {ActivityRecord{218ec21 u0 com.zonda.zondaapp/.MainActivity t748}, ActivityRecord{21f8e66 u0 com.zonda.zondaapp/.MainActivity t748 f}}}
12-02 14:15:20.039  3430  3645 V WindowManagerShell: onTransitionReady android.os.BinderProxy@d5eef7a: {id=475 t=OPEN f=0x0 trk=0 r=[0@Point(0, 0)] c=[{null m=OPEN f=FILLS_TASK|IS_BEHIND_STARTING_WINDOW|NO_ANIMATION leash=Surface(name=ActivityRecord{218ec21 u0 com.zonda.zondaapp/.MainActivity t748})/@0xedb0eb8 sb=Rect(0, 0 - 0, 0) eb=Rect(0, 0 - 720, 1604) d=-1->0 r=-1->0:-1},{null m=CLOSE f=FILLS_TASK|IS_BEHIND_STARTING_WINDOW leash=Surface(name=ActivityRecord{21f8e66 u0 com.zonda.zondaapp/.MainActivity t748})/@0xc118491 sb=Rect(0, 0 - 720, 1604) eb=Rect(0, 0 - 720, 1604) d=0}] extendInfo=[OplusTransitionExtendedInfo{mTmpFinishT=null, mInOplusCompatMode=false, mIsProcessRunning=false, mHasMismatchBoundsTarget=false, mRecentsController=null, mIsTranslucentActivityToHome=false, mAvoidInterceptKeyEventToHome=false, mIsFromHome=false}]}
12-02 14:15:20.041  3430  3645 D OnePuttTransitionHandler:  startAnimation= android.os.BinderProxy@d5eef7a startTransaction= android.view.SurfaceControl$Transaction@68caff7 finishTransaction= android.view.SurfaceControl$Transaction@78e5e64 finishCallback= com.android.wm.shell.transition.Transitions$$ExternalSyntheticLambda7@db8d8cd TransitionInfo ={id=475 t=OPEN f=0x0 trk=0 r=[0@Point(0, 0)] c=[{null m=OPEN f=FILLS_TASK|IS_BEHIND_STARTING_WINDOW|NO_ANIMATION leash=Surface(name=ActivityRecord{218ec21 u0 com.zonda.zondaapp/.MainActivity t748})/@0xedb0eb8 sb=Rect(0, 0 - 0, 0) eb=Rect(0, 0 - 720, 1604) d=-1->0 r=-1->0:-1},{null m=CLOSE f=FILLS_TASK|IS_BEHIND_STARTING_WINDOW leash=Surface(name=ActivityRecord{21f8e66 u0 com.zonda.zondaapp/.MainActivity t748})/@0xc118491 sb=Rect(0, 0 - 720, 1604) eb=Rect(0, 0 - 720, 1604) d=0}] extendInfo=[OplusTransitionExtendedInfo{mTmpFinishT=null, mInOplusCompatMode=false, mIsProcessRunning=false, mHasMismatchBoundsTarget=false, mRecentsController=null, mIsTranslucentActivityToHome=false, mAvoidInterceptKeyEventToHome=false, mIsFromHome=false}]}
12-02 14:15:20.041  3430  3645 D FlexibleTaskTransitionHandler:  performAnimation transition:android.os.BinderProxy@d5eef7a ,info:{id=475 t=OPEN f=0x0 trk=0 r=[0@Point(0, 0)] c=[{null m=OPEN f=FILLS_TASK|IS_BEHIND_STARTING_WINDOW|NO_ANIMATION leash=Surface(name=ActivityRecord{218ec21 u0 com.zonda.zondaapp/.MainActivity t748})/@0xedb0eb8 sb=Rect(0, 0 - 0, 0) eb=Rect(0, 0 - 720, 1604) d=-1->0 r=-1->0:-1},{null m=CLOSE f=FILLS_TASK|IS_BEHIND_STARTING_WINDOW leash=Surface(name=ActivityRecord{21f8e66 u0 com.zonda.zondaapp/.MainActivity t748})/@0xc118491 sb=Rect(0, 0 - 720, 1604) eb=Rect(0, 0 - 720, 1604) d=0}] extendInfo=[OplusTransitionExtendedInfo{mTmpFinishT=null, mInOplusCompatMode=false, mIsProcessRunning=false, mHasMismatchBoundsTarget=false, mRecentsController=null, mIsTranslucentActivityToHome=false, mAvoidInterceptKeyEventToHome=false, mIsFromHome=false}]}
12-02 14:15:20.041  3430  3645 D FlexibleTaskTransitionHandler:  no need handler this transitionInfo: {id=475 t=OPEN f=0x0 trk=0 r=[0@Point(0, 0)] c=[{null m=OPEN f=FILLS_TASK|IS_BEHIND_STARTING_WINDOW|NO_ANIMATION leash=Surface(name=ActivityRecord{218ec21 u0 com.zonda.zondaapp/.MainActivity t748})/@0xedb0eb8 sb=Rect(0, 0 - 0, 0) eb=Rect(0, 0 - 720, 1604) d=-1->0 r=-1->0:-1},{null m=CLOSE f=FILLS_TASK|IS_BEHIND_STARTING_WINDOW leash=Surface(name=ActivityRecord{21f8e66 u0 com.zonda.zondaapp/.MainActivity t748})/@0xc118491 sb=Rect(0, 0 - 720, 1604) eb=Rect(0, 0 - 720, 1604) d=0}] extendInfo=[OplusTransitionExtendedInfo{mTmpFinishT=null, mInOplusCompatMode=false, mIsProcessRunning=false, mHasMismatchBoundsTarget=false, mRecentsController=null, mIsTranslucentActivityToHome=false, mAvoidInterceptKeyEventToHome=false, mIsFromHome=false}]}
12-02 14:15:20.041  3430  3645 V WindowManagerShell: Transition doesn't have explicit remote, search filters for match for {id=475 t=OPEN f=0x0 trk=0 r=[0@Point(0, 0)] c=[{null m=OPEN f=FILLS_TASK|IS_BEHIND_STARTING_WINDOW|NO_ANIMATION leash=Surface(name=ActivityRecord{218ec21 u0 com.zonda.zondaapp/.MainActivity t748})/@0xedb0eb8 sb=Rect(0, 0 - 0, 0) eb=Rect(0, 0 - 720, 1604) d=-1->0 r=-1->0:-1},{null m=CLOSE f=FILLS_TASK|IS_BEHIND_STARTING_WINDOW leash=Surface(name=ActivityRecord{21f8e66 u0 com.zonda.zondaapp/.MainActivity t748})/@0xc118491 sb=Rect(0, 0 - 720, 1604) eb=Rect(0, 0 - 720, 1604) d=0}] extendInfo=[OplusTransitionExtendedInfo{mTmpFinishT=null, mInOplusCompatMode=false, mIsProcessRunning=false, mHasMismatchBoundsTarget=false, mRecentsController=null, mIsTranslucentActivityToHome=false, mAvoidInterceptKeyEventToHome=false, mIsFromHome=false}]}
12-02 14:15:20.042  3430  3645 V WindowManagerShell: start default transition animation, info = {id=475 t=OPEN f=0x0 trk=0 r=[0@Point(0, 0)] c=[{null m=OPEN f=FILLS_TASK|IS_BEHIND_STARTING_WINDOW|NO_ANIMATION leash=Surface(name=ActivityRecord{218ec21 u0 com.zonda.zondaapp/.MainActivity t748})/@0xedb0eb8 sb=Rect(0, 0 - 0, 0) eb=Rect(0, 0 - 720, 1604) d=-1->0 r=-1->0:-1},{null m=CLOSE f=FILLS_TASK|IS_BEHIND_STARTING_WINDOW leash=Surface(name=ActivityRecord{21f8e66 u0 com.zonda.zondaapp/.MainActivity t748})/@0xc118491 sb=Rect(0, 0 - 720, 1604) eb=Rect(0, 0 - 720, 1604) d=0}] extendInfo=[OplusTransitionExtendedInfo{mTmpFinishT=null, mInOplusCompatMode=false, mIsProcessRunning=false, mHasMismatchBoundsTarget=false, mRecentsController=null, mIsTranslucentActivityToHome=false, mAvoidInterceptKeyEventToHome=false, mIsFromHome=false}]}
12-02 14:15:20.043  2812  2844 V WindowManager: Sent Transition #475 createdAt=12-02 14:15:19.922 via request=TransitionRequestInfo { type = OPEN, triggerTask = TaskInfo{userId=0 taskId=748 displayId=0 isRunning=true baseIntent=Intent { act=android.intent.action.VIEW dat=exp+zondaapp://expo-development-client/... flg=0x10000000 cmp=com.zonda.zondaapp/.MainActivity mCallingUid=10326 } baseActivity=ComponentInfo{com.zonda.zondaapp/com.zonda.zondaapp.MainActivity} topActivity=ComponentInfo{com.zonda.zondaapp/com.zonda.zondaapp.MainActivity} origActivity=null realActivity=ComponentInfo{com.zonda.zondaapp/com.zonda.zondaapp.MainActivity} numActivities=1 lastActiveTime=134101536 supportsSplitScreenMultiWindow=true supportsMultiWindow=true supportsPocketStudioMultiWindow=true isInFlexibleEmbedded = false uid = 10354 pid = 0 resizeMode=1 isResizeable=true minWidth=-1 minHeight=-1 defaultMinSize=220 token=WCT{RemoteToken{9d2b5fa Task{702da54 #748 type=standard A=10354:com.zonda.zondaapp}}} topActivityType=1 pictureInPictureParams=null shouldDockBigOverlays=false launchIntoPipHostTaskId=-1 lastParentTaskIdBeforePip=-1 displayCutoutSafeInsets=Rect(0, 65 - 0, 0) topActivityInfo=ActivityInfo{2e81a88 com.zonda.zondaapp.MainActivity} launchCookies=[] positionInParent=Point(0, 0) parentTaskId=-1 isFocused=true isVisible=true isVisibleRequested=false isSleeping=false topActivityInSizeCompat=false topActivityInOplusCompatMode=false topActivityEligibleForLetterboxEducation= false topActivityLetterboxed= false isFromDoubleTap= false topActivityLetterboxVerticalPosition= -1 topActivityLetterboxHorizontalPosition= -1 topActivityLetterboxWidth=-1 topActivityLetterboxHeight=-1 locusId=null displayAreaFeatureId=1 cameraCompatControlState=hidden locusId= null topActivityLetterboxInsets=Rect(0, 0 - 0, 0) mOplusExtraBundle = Bundle[{androidx.activity.LaunchScenario=0}]}, remoteTransition = null, displayChange = null }
12-02 14:15:20.044  2812  2844 V WindowManager:     info={id=475 t=OPEN f=0x0 trk=0 r=[0@Point(0, 0)] c=[{null m=OPEN f=FILLS_TASK|IS_BEHIND_STARTING_WINDOW|NO_ANIMATION leash=Surface(name=ActivityRecord{218ec21 u0 com.zonda.zondaapp/.MainActivity t748})/@0xc5cef6 sb=Rect(0, 0 - 0, 0) eb=Rect(0, 0 - 720, 1604) d=-1->0 r=-1->0:-1},{null m=CLOSE f=FILLS_TASK|IS_BEHIND_STARTING_WINDOW leash=Surface(name=ActivityRecord{21f8e66 u0 com.zonda.zondaapp/.MainActivity t748})/@0x18c42f7 sb=Rect(0, 0 - 720, 1604) eb=Rect(0, 0 - 720, 1604) d=0}] extendInfo=[OplusTransitionExtendedInfo{mTmpFinishT=null, mInOplusCompatMode=false, mIsProcessRunning=false, mHasMismatchBoundsTarget=false, mRecentsController=null, mIsTranslucentActivityToHome=false, mAvoidInterceptKeyEventToHome=false, mIsFromHome=false}]}
12-02 14:15:20.048  2812  3643 D Transition: finishTransition ar ActivityRecord{218ec21 u0 com.zonda.zondaapp/.MainActivity t748}, isVisibleRequested=true, state=RESUMED, visibleAtTransitionEndTokens={ActivityRecord{218ec21 u0 com.zonda.zondaapp/.MainActivity t748}}, this=TransitionRecord{7ae9a1e id=475 track=0 type=OPEN flags=0x0}
12-02 14:15:20.048  2812  3643 D Transition: finishTransition ar ActivityRecord{21f8e66 u0 com.zonda.zondaapp/.MainActivity t748 f}}, isVisibleRequested=false, state=STOPPING, visibleAtTransitionEndTokens={ActivityRecord{218ec21 u0 com.zonda.zondaapp/.MainActivity t748}}, this=TransitionRecord{7ae9a1e id=475 track=0 type=OPEN flags=0x0}
12-02 14:15:20.049  2812  3643 D ActivityTaskManager: commitVisibility: ActivityRecord{21f8e66 u0 com.zonda.zondaapp/.MainActivity t748 f}}: visible=false visibleRequested=false, isInTransition=false, runningAnimation=false, caller=com.android.server.wm.Transition.finishTransition:1316 com.android.server.wm.TransitionController.finishTransition:951 com.android.server.wm.WindowOrganizerController.finishTransition:500 android.window.IWindowOrganizerController$Stub.onTransact:383 com.android.server.wm.WindowOrganizerController.onTransact:192 android.os.Binder.execTransactInternal:1387 
12-02 14:15:20.050  2812  3643 I OplusAppSwitchManagerService:  handleAppVisible , r = ActivityRecord{218ec21 u0 com.zonda.zondaapp/.MainActivity t748}
12-02 14:15:20.051  2812  3643 D OplusTransitionAnimationManager: commitVisibilityWhenFinishTransition type=1, ar.isVisibleRequested=true, ar.isVisible=true, ar.isVisibleRequested=true, ar=ActivityRecord{218ec21 u0 com.zonda.zondaapp/.MainActivity t748} ar type 1 ar state :RESUMED displayid :0, participants={ActivityRecord{218ec21 u0 com.zonda.zondaapp/.MainActivity t748}, ActivityRecord{21f8e66 u0 com.zonda.zondaapp/.MainActivity t748 f}}}
12-02 14:15:20.051  2812  3643 D OplusTransitionAnimationManager: commitVisibilityWhenFinishTransition type=1, ar.isVisibleRequested=false, ar.isVisible=false, ar.isVisibleRequested=false, ar=ActivityRecord{21f8e66 u0 com.zonda.zondaapp/.MainActivity t748 f}} ar type 1 ar state :STOPPING displayid :0, participants={ActivityRecord{218ec21 u0 com.zonda.zondaapp/.MainActivity t748}, ActivityRecord{21f8e66 u0 com.zonda.zondaapp/.MainActivity t748 f}}}
12-02 14:15:20.051  1522  1522 D Layer   : reparent to null sequence=6099, seq[2], name=Transition Root: ActivityRecord{218ec21 u0 com.zonda.zondaapp/.MainActivity t748}#6099
12-02 14:15:20.052  1522  1522 D Layer   : reparent to null sequence=6099, seq[2], name=Transition Root: ActivityRecord{218ec21 u0 com.zonda.zondaapp/.MainActivity t748}#6099
12-02 14:15:20.072 15713 15713 D ScrollOptim [SceneManager]: updateCurrentActivity: mCurrentActivityName=com.zonda.zondaapp.MainActivity, isOptEnable=true, isAnimAheadEnable=true, isFrameInsertEnable=true, InsertNum=1, isEnabledForScrollChanged=false
12-02 14:15:20.072 15713 15713 D ActivityThread: ComponentInfo{com.zonda.zondaapp/com.zonda.zondaapp.MainActivity} checkFinished=false 2
12-02 14:15:20.075  1522 30040 I SurfaceFlinger: [SF client] NEW(0xb4000072452ff380) for (15713:com.zonda.zondaapp)
12-02 14:15:20.077 15713 15713 D WindowManager: Add to mViews: DecorView@61ede48[MainActivity],pkg= com.zonda.zondaapp
12-02 14:15:20.083  2812  3643 I WindowManager: addWindow: New client android.os.BinderProxy@9b81793 : window=Window{94303d0 u0 com.zonda.zondaapp/com.zonda.zondaapp.MainActivity}
12-02 14:15:20.087  2812  2848 D FlexibleWindowManager: onFlexibleWindowTaskInfoChanged: mTaskId = 748 oldIsTaskEmbedded = false   curIsTaskEmbedded = false  topActivity = ComponentInfo{com.zonda.zondaapp/com.zonda.zondaapp.MainActivity}
12-02 14:15:20.445 15713 15891 D OplusScrollToTopManager: com.zonda.zondaapp/com.zonda.zondaapp.MainActivity,This DecorView@690df0c[MainActivity] change focus to true
12-02 14:15:20.470  2812  3634 D CoreBackPreview: Window{94303d0 u0 com.zonda.zondaapp/com.zonda.zondaapp.MainActivity}: Setting back callback OnBackInvokedCallbackInfo{mCallback=android.window.IOnBackInvokedCallback$Stub$Proxy@184ff85, mPriority=0, mIsAnimationCallback=false}
12-02 14:15:20.506 15713 15713 D ViewRootImplExtImpl: wrapConfigInfoIntoFlags rotation=0, smallestScreenWidthDp=360, relayoutAsync=false, newFlags=23592960, title=com.zonda.zondaapp/com.zonda.zondaapp.MainActivity
12-02 14:15:20.506  2812  3634 D WindowManagerServiceExtImpl: extractConfigInfoAndRealFlags rotation=0, screenDp=360, win=Window{94303d0 u0 com.zonda.zondaapp/com.zonda.zondaapp.MainActivity}
12-02 14:15:20.507  2812  3634 V WindowManager: Relayout Window{94303d0 u0 com.zonda.zondaapp/com.zonda.zondaapp.MainActivity}: viewVisibility=0, oldvis=4, req=720x1604, vsysui=LAYOUT_STABLE LIGHT_NAVIGATION_BAR, x=0, y=0
12-02 14:15:20.507  2812  3634 I WindowManager: Window{94303d0 u0 com.zonda.zondaapp/com.zonda.zondaapp.MainActivity} state from NO_SURFACE to DRAW_PENDING; reason: resetDrawState
12-02 14:15:20.508  1522  3129 D OplusLayer: setProcInfo (6102,com.zonda.zondaapp/com.zonda.zondaapp.MainActivity#6102,com.zonda.zondaapp)
12-02 14:15:20.521  2812  3634 V WindowManager: Changing focus from null to Window{94303d0 u0 com.zonda.zondaapp/com.zonda.zondaapp.MainActivity},diplayid=0
12-02 14:15:20.552  1522  1522 D SurfaceFlinger: Find Focus windowName=94303d0 com.zonda.zondaapp/com.zonda.zondaapp.MainActivity, notVisible=1
12-02 14:15:20.552  1522  1522 D Layer   : Focus: com.zonda.zondaapp/com.zonda.zondaapp.MainActivity#6102 isHiddenByPolicy s.flags&layer_state_t::eLayerHidden=1
12-02 14:15:20.553  1522  1847 D SurfaceFlinger: updateWinowInfo=1, setFocusedWindow timestamp=69325100163240, windowName=94303d0 com.zonda.zondaapp/com.zonda.zondaapp.MainActivity
12-02 14:15:20.560  2812  3643 I InputDispatcher: NFW_setFocusedWindow, 94303d0 com.zonda.zondaapp/com.zonda.zondaapp.MainActivity on display 0, same as the previous:0
12-02 14:15:20.562 15713 15713 I SurfaceControl:  setExtendedRangeBrightness sc=Surface(name=com.zonda.zondaapp/com.zonda.zondaapp.MainActivity)/@0x8252f2c,currentBufferRatio=1.0,desiredRatio=1.0
12-02 14:15:20.574  2812  3634 I WindowManager: Window{94303d0 u0 com.zonda.zondaapp/com.zonda.zondaapp.MainActivity} state from DRAW_PENDING to COMMIT_DRAW_PENDING; reason: finishDrawingLocked
12-02 14:15:20.574  2812  3634 D OplusTransitionAnimationManager: skipFinishDrawingIfNeed clientRotation=0, currentRotation=0, hasFixedRotationApp=false, requestedOrientation=1, win=Window{94303d0 u0 com.zonda.zondaapp/com.zonda.zondaapp.MainActivity}, activity=ActivityRecord{218ec21 u0 com.zonda.zondaapp/.MainActivity t748}, currentConfig={1.0 ??mcc??mnc [es_MX] ldltr sw360dp w360dp h726dp 320dpi nrml long port finger -keyb/h/h -nav/h winConfig={ mBounds=Rect(0, 0 - 720, 1604) mAppBounds=Rect(0, 65 - 720, 1516) mMaxBounds=Rect(0, 0 - 720, 1604) mDisplayRotation=ROTATION_0 mWindowingMode=fullscreen mDisplayWindowingMode=fullscreen mActivityType=standard mAlwaysOnTop=undefined mRotation=ROTATION_0} s.1 fontWeightAdjustment=0mThemeChanged= 0, mThemeChangedFlags= 0, mFlipFont= 0, mScenario= 0, mAccessibleChanged= -1, mUxIconConfig= 3468921665126138145, mMaterialColor= 40018, mUserId= 0, mFontUserId= 0, mFontVariationSettings= 226, mFoldingAngle = -1.0, mIconPackName= , mDarkModeBackgroundMaxL= 0.0, mDarkModeDialogBgMaxL= 27.0, mDarkModeForegroundMinL= 100.0, mOplusConfigType= 1, mOplusChangedConfigs= 0, OpSans= -1, mBurmeseFontFlag= 2, mFlag= 0, mFlexibleActivitySuitable= -1, mPuttDisplayFlag= -1}
12-02 14:15:20.575 15713 15713 D ViewRootImplExtImpl: wrapConfigInfoIntoFlags rotation=0, smallestScreenWidthDp=360, relayoutAsync=false, newFlags=23592960, title=com.zonda.zondaapp/com.zonda.zondaapp.MainActivity
12-02 14:15:20.577  2812  2848 I WindowManager: Window{94303d0 u0 com.zonda.zondaapp/com.zonda.zondaapp.MainActivity} state from COMMIT_DRAW_PENDING to READY_TO_SHOW; reason: commitFinishDrawingLocked
12-02 14:15:20.577  2812  2848 D ActivityTaskManager: Finish StartingWindow: ActivityRecord{218ec21 u0 com.zonda.zondaapp/.MainActivity t748}first real window is shown
12-02 14:15:20.578  2812  2844 I ActivityTaskManager: Displayed com.zonda.zondaapp/.MainActivity for user 0: +663ms
12-02 14:15:20.591  2812  2848 I WindowManager: Window{94303d0 u0 com.zonda.zondaapp/com.zonda.zondaapp.MainActivity} state from READY_TO_SHOW to HAS_DRAWN; reason: performShowLocked
12-02 14:15:20.597  2812  3634 D WindowManagerServiceExtImpl: extractConfigInfoAndRealFlags rotation=0, screenDp=360, win=Window{71dfc36 u0 com.zonda.zondaapp/com.zonda.zondaapp.MainActivity}
12-02 14:15:20.598  2812  3634 V WindowManager: Relayout Window{71dfc36 u0 com.zonda.zondaapp/com.zonda.zondaapp.MainActivity}: viewVisibility=8, oldvis=0, req=720x1604, vsysui=LAYOUT_STABLE LIGHT_NAVIGATION_BAR
12-02 14:15:20.602  2812  3643 I InputDispatcher: updateFocusedWindow, 94303d0 com.zonda.zondaapp/com.zonda.zondaapp.MainActivity on display 0, reason: Window became focusable. Previous reason: NOT_VISIBLE, result:   FocusedWindows:
12-02 14:15:20.602  2812  3643 I InputDispatcher:     displayId=0, name='94303d0 com.zonda.zondaapp/com.zonda.zondaapp.MainActivity'
12-02 14:15:20.606 15713 15713 I Quality : ActivityThread: doFrame delay 513 com.zonda.zondaapp 15713
12-02 14:15:20.614  2812  2848 D ActivityTaskManager: Finish StartingWindow: ActivityRecord{218ec21 u0 com.zonda.zondaapp/.MainActivity t748}first real window is shown
12-02 14:15:20.625 15713 15713 I Quality : Skipped: false 28 cost 475.3086 refreshRate 16663243 bit true processName com.zonda.zondaapp
12-02 14:15:20.649  2812  3293 D InputMethodManagerService: isSecurity: attribute.packageName = com.zonda.zondaapp mCurMethodId = com.google.android.inputmethod.latin/com.android.inputmethod.latin.LatinIME isSecurity = false ( enable = false needShow = false inBlackList = false isExist = false )
12-02 14:15:20.650  2812  3293 I ImeTracker: com.zonda.zondaapp:6c0ac905: onRequestHide at ORIGIN_SERVER_HIDE_INPUT reason HIDE_UNSPECIFIED_WINDOW
12-02 14:15:20.650  2812  3293 I ImeTracker: com.zonda.zondaapp:6c0ac905: onCancelled at PHASE_SERVER_SHOULD_HIDE
12-02 14:15:20.661 30366 30366 I GoogleInputMethodService: GoogleInputMethodService.onStartInput():1347 onStartInput(EditorInfo{EditorInfo{packageName=com.zonda.zondaapp, inputType=0, inputTypeString=NULL, enableLearning=false, autoCorrection=false, autoComplete=false, imeOptions=0, privateImeOptions=null, actionName=UNSPECIFIED, actionLabel=null, initialSelStart=-1, initialSelEnd=-1, initialCapsMode=0, label=null, fieldId=0, fieldName=null, extras=Bundle[{com.oplus.im.SCENES=0}], hintText=null, hintLocales=[]}}, false)
12-02 14:15:20.667  1522  1522 D OplusLayer: setGameMode ImeContainer#13, gameMode 0, parentLayer ActivityRecord{218ec21 u0 com.zonda.zondaapp/.MainActivity t748}#6096.
12-02 14:15:20.667 15713 15713 D OplusScrollToTopManager: com.zonda.zondaapp/com.zonda.zondaapp.MainActivity,window dying
12-02 14:15:20.667 15713 15713 D OplusScrollToTopManager: com.zonda.zondaapp/com.zonda.zondaapp.MainActivity,unregisterSystemUIBroadcastReceiver 
12-02 14:15:20.667 15713 15713 D OplusScrollToTopManager: com.zonda.zondaapp/com.zonda.zondaapp.MainActivity, unregisterSystemUIBroadcastReceiver failed java.lang.IllegalArgumentException: Receiver not registered: android.view.OplusScrollToTopManager$2@f0146de
12-02 14:15:20.668  2812  3643 W PackageConfigPersister: App-specific configuration not found for packageName: com.zonda.zondaapp and userId: 0
12-02 14:15:20.675  2812  3634 D CoreBackPreview: Window{71dfc36 u0 com.zonda.zondaapp/com.zonda.zondaapp.MainActivity}: Setting back callback null
12-02 14:15:20.676  2812  3634 W InputManager-JNI: Input channel object '71dfc36 com.zonda.zondaapp/com.zonda.zondaapp.MainActivity (client)' was disposed without first being removed with the input manager!
12-02 14:15:20.677  2812  3634 I WindowManager: Window{71dfc36 u0 com.zonda.zondaapp/com.zonda.zondaapp.MainActivity} state from HAS_DRAWN to NO_SURFACE; reason: destroySurface
12-02 14:15:20.684  1522  1522 D Layer   : reparent to null sequence=6091, seq[6], name=com.zonda.zondaapp/com.zonda.zondaapp.MainActivity#6091
12-02 14:15:20.684  1522  1522 D Layer   : reparent to null sequence=6090, seq[6], name=71dfc36 com.zonda.zondaapp/com.zonda.zondaapp.MainActivity#6090
12-02 14:15:20.686 15713 15713 I Quality : Skipped: false 3 cost 52.83624 refreshRate 16663396 bit true processName com.zonda.zondaapp
12-02 14:15:20.691  2812  3634 D ActivityTaskManager: removeAppToken: ActivityRecord{21f8e66 u0 com.zonda.zondaapp/.MainActivity t748 f}} delayed=false parent=Task{702da54 #748 type=standard A=10354:com.zonda.zondaapp} animating=false Callers=com.android.server.wm.DisplayContent.removeAppToken:1665 com.android.server.wm.ActivityRecord.removeFromHistory:4686 com.android.server.wm.ActivityRecord.destroyed:4779 com.android.server.wm.ActivityClientController.activityDestroyed:333 
12-02 14:15:20.697  2812  2961 D OplusTransitionAnimationManager: skipFinishDrawingIfNeed clientRotation=0, currentRotation=0, hasFixedRotationApp=false, requestedOrientation=1, win=Window{94303d0 u0 com.zonda.zondaapp/com.zonda.zondaapp.MainActivity}, activity=ActivityRecord{218ec21 u0 com.zonda.zondaapp/.MainActivity t748}, currentConfig={1.0 ??mcc??mnc [es_MX] ldltr sw360dp w360dp h726dp 320dpi nrml long port finger -keyb/h/h -nav/h winConfig={ mBounds=Rect(0, 0 - 720, 1604) mAppBounds=Rect(0, 65 - 720, 1516) mMaxBounds=Rect(0, 0 - 720, 1604) mDisplayRotation=ROTATION_0 mWindowingMode=fullscreen mDisplayWindowingMode=fullscreen mActivityType=standard mAlwaysOnTop=undefined mRotation=ROTATION_0} s.1 fontWeightAdjustment=0mThemeChanged= 0, mThemeChangedFlags= 0, mFlipFont= 0, mScenario= 0, mAccessibleChanged= -1, mUxIconConfig= 3468921665126138145, mMaterialColor= 40018, mUserId= 0, mFontUserId= 0, mFontVariationSettings= 226, mFoldingAngle = -1.0, mIconPackName= , mDarkModeBackgroundMaxL= 0.0, mDarkModeDialogBgMaxL= 27.0, mDarkModeForegroundMinL= 100.0, mOplusConfigType= 1, mOplusChangedConfigs= 0, OpSans= -1, mBurmeseFontFlag= 2, mFlag= 0, mFlexibleActivitySuitable= -1, mPuttDisplayFlag= -1}
12-02 14:15:20.712  2812  2961 D ActivityTaskManager: removeStartingWindowAnimation starting ActivityRecord{218ec21 u0 com.zonda.zondaapp/.MainActivity t748} startingWindow=null ,startingView=null,Callers=com.android.server.wm.ActivityRecord.onSplashScreenAttachComplete:3151 com.android.server.wm.ActivityRecord.splashScreenAttachedLocked:7578 com.android.server.wm.ActivityClientController.splashScreenAttached:1067 android.app.IActivityClientController$Stub.onTransact:1294 com.android.server.wm.ActivityClientController.onTransact:178 
12-02 14:15:20.713  2812  2961 D OplusStartingWindowManager: interceptRemoveStartingWindow: packageName=com.zonda.zondaapp, componentName=com.zonda.zondaapp/.MainActivity, isSnapshot=false, startingSurfaceRunnable=null,isDrawCompleted=false, hasSurfaceView=false, inTransition=false
12-02 14:15:20.713  2812  2961 D OplusStartingWindowManager: interceptRemoveStartingWindow: hasSplashWindowFlag() return false for activity=ActivityRecord{218ec21 u0 com.zonda.zondaapp/.MainActivity t748}
12-02 14:15:20.717  3430  3794 D ViewRootImplExtImpl: wrapConfigInfoIntoFlags rotation=0, smallestScreenWidthDp=360, relayoutAsync=false, newFlags=23592960, title=Splash Screen com.zonda.zondaapp
12-02 14:15:20.717  1522  1522 D OplusLayer: setGameMode ActivityRecord{21f8e66 u0 com.zonda.zondaapp/.MainActivity t748}#6081, gameMode 0, parentLayer .
12-02 14:15:20.717  1522  1522 D OplusLayer: setGameMode db6e5a7 ActivityRecordInputSink com.zonda.zondaapp/.MainActivity#6087, gameMode 0, parentLayer ActivityRecord{21f8e66 u0 com.zonda.zondaapp/.MainActivity t748}#6081.
12-02 14:15:20.718  1522  1522 D Layer   : reparent to null sequence=6081, seq[7], name=ActivityRecord{21f8e66 u0 com.zonda.zondaapp/.MainActivity t748}#6081
12-02 14:15:20.723  2812  3643 D WindowManagerServiceExtImpl: extractConfigInfoAndRealFlags rotation=0, screenDp=360, win=Window{f4b2715 u0 Splash Screen com.zonda.zondaapp}
12-02 14:15:20.724  2812  3643 V WindowManager: Relayout Window{f4b2715 u0 Splash Screen com.zonda.zondaapp}: viewVisibility=8, oldvis=0, req=720x1604, vsysui=
12-02 14:15:20.726  2812  3643 I WindowStateExtImpl: onSurfaceShowChange show = false mPackageName = com.zonda.zondaapp parentPkgName = com.zonda.zondaapp
12-02 14:15:20.732  3430  3794 D OplusScrollToTopManager: Splash Screen com.zonda.zondaapp,window dying
12-02 14:15:20.732  3430  3794 D OplusScrollToTopManager: Splash Screen com.zonda.zondaapp,unregisterSystemUIBroadcastReceiver 
12-02 14:15:20.732  3430  3794 D OplusScrollToTopManager: Splash Screen com.zonda.zondaapp, unregisterSystemUIBroadcastReceiver failed java.lang.IllegalArgumentException: Receiver not registered: android.view.OplusScrollToTopManager$2@b8b95e8
12-02 14:15:20.734  1522  1522 D OplusLayer: setGameMode f4b2715 Splash Screen com.zonda.zondaapp#6097, gameMode 0, parentLayer ActivityRecord{218ec21 u0 com.zonda.zondaapp/.MainActivity t748}#6096.
12-02 14:15:20.734  1522  1522 D OplusLayer: setGameMode Splash Screen com.zonda.zondaapp#6098, gameMode 0, parentLayer f4b2715 Splash Screen com.zonda.zondaapp#6097.
12-02 14:15:20.734  1522  1522 D Layer   : reparent to null sequence=6107, seq[2], name=Surface(name=f4b2715 Splash Screen com.zonda.zondaapp)/@0x4660b83 - animation-leash of starting_reveal#6107
12-02 14:15:20.737  2812  3293 W InputManager-JNI: Input channel object 'f4b2715 Splash Screen com.zonda.zondaapp (client)' was disposed without first being removed with the input manager!
12-02 14:15:20.738  2812  3293 I WindowManager: Window{f4b2715 u0 Splash Screen com.zonda.zondaapp} state from HAS_DRAWN to NO_SURFACE; reason: destroySurface
12-02 14:15:20.750  1522  1522 D Layer   : reparent to null sequence=6098, seq[5], name=Splash Screen com.zonda.zondaapp#6098
12-02 14:15:20.751  1522  1522 D Layer   : reparent to null sequence=6097, seq[4], name=f4b2715 Splash Screen com.zonda.zondaapp#6097
12-02 14:15:21.086  3888  4225 D AMC     : [TriggerForeground] update top package to:com.zonda.zondaapp
12-02 14:15:21.294 15713 15887 D nativeloader: Load /data/app/~~COeFfhvdOL-uXk-t50yuYQ==/com.zonda.zondaapp-zh83NxfjPao0Yan4KQdJew==/base.apk!/lib/arm64-v8a/libhermes.so using class loader ns clns-5 (caller=/data/app/~~COeFfhvdOL-uXk-t50yuYQ==/com.zonda.zondaapp-zh83NxfjPao0Yan4KQdJew==/base.apk!classes7.dex): ok
12-02 14:15:21.299 15713 15887 D nativeloader: Load /data/app/~~COeFfhvdOL-uXk-t50yuYQ==/com.zonda.zondaapp-zh83NxfjPao0Yan4KQdJew==/base.apk!/lib/arm64-v8a/libhermestooling.so using class loader ns clns-5 (caller=/data/app/~~COeFfhvdOL-uXk-t50yuYQ==/com.zonda.zondaapp-zh83NxfjPao0Yan4KQdJew==/base.apk!classes7.dex): ok
12-02 14:15:21.644 15713 15891 D OplusScrollToTopManager: com.zonda.zondaapp/com.zonda.zondaapp.MainActivity,This DecorView@61ede48[MainActivity] change focus to true
12-02 14:15:21.687 15713 15713 V SystemSensorManagerExtImpl: RegisterListener stk83xx Accelerometer Non-wakeup type:1 delay:66667us by expo.modules.devmenu.detectors.ShakeDetector@3df3a22 from com.zonda.zondaapp
12-02 14:15:21.700 15713 15713 I Quality : Skipped: true 1 cost 16.873568 refreshRate 16664786 bit true processName com.zonda.zondaapp
12-02 14:15:22.673 15713 15917 D nativeloader: Load /data/app/~~COeFfhvdOL-uXk-t50yuYQ==/com.zonda.zondaapp-zh83NxfjPao0Yan4KQdJew==/base.apk!/lib/arm64-v8a/libexpo-modules-core.so using class loader ns clns-5 (caller=/data/app/~~COeFfhvdOL-uXk-t50yuYQ==/com.zonda.zondaapp-zh83NxfjPao0Yan4KQdJew==/base.apk!classes7.dex): ok
12-02 14:15:22.882 15713 15908 W unknown:ReconnectingWebSocket: Couldn't connect to "ws://5rz1gia-diego-dcr-8081.exp.direct:443/message?device=CPH2669%20-%2014%20-%20API%2034&app=com.zonda.zondaapp&clientid=DevLauncherBridgelessDevSupportManager", will silently retry
12-02 14:15:23.262  3812  4105 D AppStateRecord: getFgAppInStuckList: fgApp com.zonda.zondaapp
12-02 14:15:23.927 15713 15917 D nativeloader: Load /data/app/~~COeFfhvdOL-uXk-t50yuYQ==/com.zonda.zondaapp-zh83NxfjPao0Yan4KQdJew==/base.apk!/lib/arm64-v8a/librnscreens.so using class loader ns clns-5 (caller=/data/app/~~COeFfhvdOL-uXk-t50yuYQ==/com.zonda.zondaapp-zh83NxfjPao0Yan4KQdJew==/base.apk!classes2.dex): ok
12-02 14:15:24.756 15713 15989 D ProfileInstaller: Installing profile for com.zonda.zondaapp
12-02 14:15:25.897  2812  3538 D ConnectivityService: requestNetwork for uid/pid:10354/15713 activeRequest: null callbackRequest: 5983 [NetworkRequest [ REQUEST id=5984, [ Capabilities: INTERNET&NOT_RESTRICTED&TRUSTED&NOT_VCN_MANAGED Uid: 10354 RequestorUid: 10354 RequestorPkg: com.zonda.zondaapp UnderlyingNetworks: Null] ]] callback flags: 0 order: 2147483647 isUidTracked: false declaredMethods: AVAIL|LOSING|LOST|UNAVAIL|NC|LP
12-02 14:15:25.908  2812  3182 D WifiNetworkFactory: got request NetworkRequest [ REQUEST id=5984, [ Capabilities: INTERNET&NOT_RESTRICTED&TRUSTED&NOT_VCN_MANAGED Uid: 10354 RequestorUid: 10354 RequestorPkg: com.zonda.zondaapp UnderlyingNetworks: Null] ]
12-02 14:15:25.909  2812  3182 D UntrustedWifiNetworkFactory: got request NetworkRequest [ REQUEST id=5984, [ Capabilities: INTERNET&NOT_RESTRICTED&TRUSTED&NOT_VCN_MANAGED Uid: 10354 RequestorUid: 10354 RequestorPkg: com.zonda.zondaapp UnderlyingNetworks: Null] ]
12-02 14:15:25.910  2812  3182 D OemPaidWifiNetworkFactory: got request NetworkRequest [ REQUEST id=5984, [ Capabilities: INTERNET&NOT_RESTRICTED&TRUSTED&NOT_VCN_MANAGED Uid: 10354 RequestorUid: 10354 RequestorPkg: com.zonda.zondaapp UnderlyingNetworks: Null] ]
12-02 14:15:25.912  2812  3182 D MultiInternetWifiNetworkFactory: got request NetworkRequest [ REQUEST id=5984, [ Capabilities: INTERNET&NOT_RESTRICTED&TRUSTED&NOT_VCN_MANAGED Uid: 10354 RequestorUid: 10354 RequestorPkg: com.zonda.zondaapp UnderlyingNetworks: Null] ]
12-02 14:15:26.103 15713 15917 D nativeloader: Load /data/app/~~COeFfhvdOL-uXk-t50yuYQ==/com.zonda.zondaapp-zh83NxfjPao0Yan4KQdJew==/base.apk!/lib/arm64-v8a/libworklets.so using class loader ns clns-5 (caller=/data/app/~~COeFfhvdOL-uXk-t50yuYQ==/com.zonda.zondaapp-zh83NxfjPao0Yan4KQdJew==/base.apk!classes7.dex): ok
12-02 14:15:26.170  1522 30040 I SurfaceFlinger: [SF client] REMOVE (0xb4000072452ffd80) for (15713:com.zonda.zondaapp)
12-02 14:15:26.351 15713 15917 D nativeloader: Load /data/app/~~COeFfhvdOL-uXk-t50yuYQ==/com.zonda.zondaapp-zh83NxfjPao0Yan4KQdJew==/base.apk!/lib/arm64-v8a/libreanimated.so using class loader ns clns-5 (caller=/data/app/~~COeFfhvdOL-uXk-t50yuYQ==/com.zonda.zondaapp-zh83NxfjPao0Yan4KQdJew==/base.apk!classes7.dex): ok
12-02 14:15:27.202 15713 15713 D ViewRootImplExtImpl: wrapConfigInfoIntoFlags rotation=0, smallestScreenWidthDp=360, relayoutAsync=true, newFlags=23592960, title=com.zonda.zondaapp/com.zonda.zondaapp.MainActivity
12-02 14:15:27.206  2812  3538 D WindowManagerServiceExtImpl: extractConfigInfoAndRealFlags rotation=0, screenDp=360, win=Window{94303d0 u0 com.zonda.zondaapp/com.zonda.zondaapp.MainActivity}
12-02 14:15:27.211  2812  3538 V WindowManager: Relayout Window{94303d0 u0 com.zonda.zondaapp/com.zonda.zondaapp.MainActivity}: viewVisibility=0, oldvis=0, req=720x1604, vsysui=LAYOUT_STABLE LIGHT_NAVIGATION_BAR, x=0, y=0
12-02 14:15:27.217  2812  3538 D OplusAONSmartDim: onWakeLockAcquireLocked: lock=94145227, flags=0x2000000a, packageName=android, tag="WindowManager/displayId:0", ws=WorkSource{10354 com.zonda.zondaapp}, uid=1000, pid=2812
12-02 14:15:27.247 15713 15713 I SurfaceControl:  setExtendedRangeBrightness sc=Surface(name=com.zonda.zondaapp/com.zonda.zondaapp.MainActivity)/@0x8252f2c,currentBufferRatio=1.0,desiredRatio=1.0
12-02 14:15:28.018 15713 15713 D ViewRootImplExtImpl: wrapConfigInfoIntoFlags rotation=0, smallestScreenWidthDp=360, relayoutAsync=true, newFlags=23592960, title=com.zonda.zondaapp/com.zonda.zondaapp.MainActivity
12-02 14:15:28.019  2812  3538 D WindowManagerServiceExtImpl: extractConfigInfoAndRealFlags rotation=0, screenDp=360, win=Window{94303d0 u0 com.zonda.zondaapp/com.zonda.zondaapp.MainActivity}
