12-02 13:53:14.846 10214 10214 F DEBUG   :       #159 pc 0000000000c68474  /data/app/~~COeFfhvdOL-uXk-t50yuYQ==/com.zonda.zondaapp-zh83NxfjPao0Yan4KQdJew==/base.apk!libreactnative.so (offset 0x2a2c000) (BuildId: 1695c17f23bd1ede)
12-02 13:53:14.846 10214 10214 F DEBUG   :       #160 pc 0000000000c6497c  /data/app/~~COeFfhvdOL-uXk-t50yuYQ==/com.zonda.zondaapp-zh83NxfjPao0Yan4KQdJew==/base.apk!libreactnative.so (offset 0x2a2c000) (BuildId: 1695c17f23bd1ede)
12-02 13:53:14.846 10214 10214 F DEBUG   :       #161 pc 0000000000d1cbd4  /data/app/~~COeFfhvdOL-uXk-t50yuYQ==/com.zonda.zondaapp-zh83NxfjPao0Yan4KQdJew==/base.apk!libreactnative.so (offset 0x2a2c000) (BuildId: 1695c17f23bd1ede)
12-02 13:53:14.846 10214 10214 F DEBUG   :       #162 pc 0000000000d1cbb0  /data/app/~~COeFfhvdOL-uXk-t50yuYQ==/com.zonda.zondaapp-zh83NxfjPao0Yan4KQdJew==/base.apk!libreactnative.so (offset 0x2a2c000) (void std::__ndk1::allocator_traits<std::__ndk1::allocator<std::__ndk1::vector<std::__ndk1::shared_ptr<facebook::react::ShadowNode const>, std::__ndk1::allocator<std::__ndk1::shared_ptr<facebook::react::ShadowNode const> > > > >::destroy[abi:ne180000]<std::__ndk1::vector<std::__ndk1::shared_ptr<facebook::react::ShadowNode const>, std::__ndk1::allocator<std::__ndk1::shared_ptr<facebook::react::ShadowNode const> > >, void, void>(std::__ndk1::allocator<std::__ndk1::vector<std::__ndk1::shared_ptr<facebook::react::ShadowNode const>, std::__ndk1::allocator<std::__ndk1::shared_ptr<facebook::react::ShadowNode const> > > >&, std::__ndk1::vector<std::__ndk1::shared_ptr<facebook::react::ShadowNode const>, std::__ndk1::allocator<std::__ndk1::shared_ptr<facebook::react::ShadowNode const> > >*)+24) (BuildId: 1695c17f23bd1ede)
12-02 13:53:14.846 10214 10214 F DEBUG   :       #163 pc 0000000000d1cb64  /data/app/~~COeFfhvdOL-uXk-t50yuYQ==/com.zonda.zondaapp-zh83NxfjPao0Yan4KQdJew==/base.apk!libreactnative.so (offset 0x2a2c000) (_ZNSt6__ndk120__shared_ptr_emplaceINS_6vectorINS_10shared_ptrIKN8facebook5react10ShadowNodeEEENS_9allocatorIS7_EEEENS8_ISA_EEE21__on_zero_shared_implB8ne180000ISB_TnNS_9enable_ifIXntsr7is_sameINT_10value_typeENS_19__for_overwrite_tagEEE5valueEiE4typeELi0EEEvv+60) (BuildId: 1695c17f23bd1ede)
12-02 13:53:14.846 10214 10214 F DEBUG   :       #164 pc 0000000000d1c980  /data/app/~~COeFfhvdOL-uXk-t50yuYQ==/com.zonda.zondaapp-zh83NxfjPao0Yan4KQdJew==/base.apk!libreactnative.so (offset 0x2a2c000) (BuildId: 1695c17f23bd1ede)
12-02 13:53:14.846 10214 10214 F DEBUG   :       #165 pc 00000000008ea86c  /data/app/~~COeFfhvdOL-uXk-t50yuYQ==/com.zonda.zondaapp-zh83NxfjPao0Yan4KQdJew==/base.apk!libreactnative.so (offset 0x2a2c000) (BuildId: 1695c17f23bd1ede)
12-02 13:53:14.846 10214 10214 F DEBUG   :       #166 pc 00000000008ea81c  /data/app/~~COeFfhvdOL-uXk-t50yuYQ==/com.zonda.zondaapp-zh83NxfjPao0Yan4KQdJew==/base.apk!libreactnative.so (offset 0x2a2c000) (BuildId: 1695c17f23bd1ede)
12-02 13:53:14.846 10214 10214 F DEBUG   :       #167 pc 00000000009554b4  /data/app/~~COeFfhvdOL-uXk-t50yuYQ==/com.zonda.zondaapp-zh83NxfjPao0Yan4KQdJew==/base.apk!libreactnative.so (offset 0x2a2c000) (BuildId: 1695c17f23bd1ede)
12-02 13:53:14.846 10214 10214 F DEBUG   :       #168 pc 00000000009553d4  /data/app/~~COeFfhvdOL-uXk-t50yuYQ==/com.zonda.zondaapp-zh83NxfjPao0Yan4KQdJew==/base.apk!libreactnative.so (offset 0x2a2c000) (BuildId: 1695c17f23bd1ede)
12-02 13:53:14.846 10214 10214 F DEBUG   :       #169 pc 0000000000954cd4  /data/app/~~COeFfhvdOL-uXk-t50yuYQ==/com.zonda.zondaapp-zh83NxfjPao0Yan4KQdJew==/base.apk!libreactnative.so (offset 0x2a2c000) (BuildId: 1695c17f23bd1ede)
12-02 13:53:14.846 10214 10214 F DEBUG   :       #170 pc 0000000000954c2c  /data/app/~~COeFfhvdOL-uXk-t50yuYQ==/com.zonda.zondaapp-zh83NxfjPao0Yan4KQdJew==/base.apk!libreactnative.so (offset 0x2a2c000) (BuildId: 1695c17f23bd1ede)
12-02 13:53:14.846 10214 10214 F DEBUG   :       #171 pc 00000000009a56b4  /data/app/~~COeFfhvdOL-uXk-t50yuYQ==/com.zonda.zondaapp-zh83NxfjPao0Yan4KQdJew==/base.apk!libreactnative.so (offset 0x2a2c000) (BuildId: 1695c17f23bd1ede)
12-02 13:53:14.846 10214 10214 F DEBUG   :       #172 pc 00000000009a551c  /data/app/~~COeFfhvdOL-uXk-t50yuYQ==/com.zonda.zondaapp-zh83NxfjPao0Yan4KQdJew==/base.apk!libreactnative.so (offset 0x2a2c000) (BuildId: 1695c17f23bd1ede)
12-02 13:53:14.846 10214 10214 F DEBUG   :       #173 pc 00000000009a584c  /data/app/~~COeFfhvdOL-uXk-t50yuYQ==/com.zonda.zondaapp-zh83NxfjPao0Yan4KQdJew==/base.apk!libreactnative.so (offset 0x2a2c000) (BuildId: 1695c17f23bd1ede)
12-02 13:53:14.846 10214 10214 F DEBUG   :       #174 pc 00000000009a5828  /data/app/~~COeFfhvdOL-uXk-t50yuYQ==/com.zonda.zondaapp-zh83NxfjPao0Yan4KQdJew==/base.apk!libreactnative.so (offset 0x2a2c000) (BuildId: 1695c17f23bd1ede)
12-02 13:53:14.846 10214 10214 F DEBUG   :       #175 pc 00000000009a5804  /data/app/~~COeFfhvdOL-uXk-t50yuYQ==/com.zonda.zondaapp-zh83NxfjPao0Yan4KQdJew==/base.apk!libreactnative.so (offset 0x2a2c000) (void std::__ndk1::allocator_traits<std::__ndk1::allocator<facebook::react::ScrollViewShadowNode> >::destroy[abi:ne180000]<facebook::react::ScrollViewShadowNode, void, void>(std::__ndk1::allocator<facebook::react::ScrollViewShadowNode>&, facebook::react::ScrollViewShadowNode*)+24) (BuildId: 1695c17f23bd1ede)
12-02 13:53:14.846 10214 10214 F DEBUG   :       #176 pc 00000000009a57b8  /data/app/~~COeFfhvdOL-uXk-t50yuYQ==/com.zonda.zondaapp-zh83NxfjPao0Yan4KQdJew==/base.apk!libreactnative.so (offset 0x2a2c000) (_ZNSt6__ndk120__shared_ptr_emplaceIN8facebook5react20ScrollViewShadowNodeENS_9allocatorIS3_EEE21__on_zero_shared_implB8ne180000IS5_TnNS_9enable_ifIXntsr7is_sameINT_10value_typeENS_19__for_overwrite_tagEEE5valueEiE4typeELi0EEEvv+60) (BuildId: 1695c17f23bd1ede)
12-02 13:53:14.846 10214 10214 F DEBUG   :       #177 pc 00000000009a50e8  /data/app/~~COeFfhvdOL-uXk-t50yuYQ==/com.zonda.zondaapp-zh83NxfjPao0Yan4KQdJew==/base.apk!libreactnative.so (offset 0x2a2c000) (BuildId: 1695c17f23bd1ede)
12-02 13:53:14.846 10214 10214 F DEBUG   :       #178 pc 00000000008ea86c  /data/app/~~COeFfhvdOL-uXk-t50yuYQ==/com.zonda.zondaapp-zh83NxfjPao0Yan4KQdJew==/base.apk!libreactnative.so (offset 0x2a2c000) (BuildId: 1695c17f23bd1ede)
12-02 13:53:14.846 10214 10214 F DEBUG   :       #179 pc 00000000008ea81c  /data/app/~~COeFfhvdOL-uXk-t50yuYQ==/com.zonda.zondaapp-zh83NxfjPao0Yan4KQdJew==/base.apk!libreactnative.so (offset 0x2a2c000) (BuildId: 1695c17f23bd1ede)
12-02 13:53:14.846 10214 10214 F DEBUG   :       #180 pc 0000000000955a00  /data/app/~~COeFfhvdOL-uXk-t50yuYQ==/com.zonda.zondaapp-zh83NxfjPao0Yan4KQdJew==/base.apk!libreactnative.so (offset 0x2a2c000) (BuildId: 1695c17f23bd1ede)
12-02 13:53:14.846 10214 10214 F DEBUG   :       #181 pc 0000000000c682ac  /data/app/~~COeFfhvdOL-uXk-t50yuYQ==/com.zonda.zondaapp-zh83NxfjPao0Yan4KQdJew==/base.apk!libreactnative.so (offset 0x2a2c000) (BuildId: 1695c17f23bd1ede)
12-02 13:53:14.846 10214 10214 F DEBUG   :       #182 pc 0000000000c6822c  /data/app/~~COeFfhvdOL-uXk-t50yuYQ==/com.zonda.zondaapp-zh83NxfjPao0Yan4KQdJew==/base.apk!libreactnative.so (offset 0x2a2c000) (void std::__ndk1::allocator_traits<std::__ndk1::allocator<std::__ndk1::shared_ptr<facebook::react::ShadowNode const> > >::destroy[abi:ne180000]<std::__ndk1::shared_ptr<facebook::react::ShadowNode const>, void, void>(std::__ndk1::allocator<std::__ndk1::shared_ptr<facebook::react::ShadowNode const> >&, std::__ndk1::shared_ptr<facebook::react::ShadowNode const>*)+24) (BuildId: 1695c17f23bd1ede)
12-02 13:53:14.846 10214 10214 F DEBUG   :       #183 pc 0000000000c685b8  /data/app/~~COeFfhvdOL-uXk-t50yuYQ==/com.zonda.zondaapp-zh83NxfjPao0Yan4KQdJew==/base.apk!libreactnative.so (offset 0x2a2c000) (BuildId: 1695c17f23bd1ede)
12-02 13:53:14.846 10214 10214 F DEBUG   :       #184 pc 0000000000c684d4  /data/app/~~COeFfhvdOL-uXk-t50yuYQ==/com.zonda.zondaapp-zh83NxfjPao0Yan4KQdJew==/base.apk!libreactnative.so (offset 0x2a2c000) (BuildId: 1695c17f23bd1ede)
12-02 13:53:14.846 10214 10214 F DEBUG   :       #185 pc 0000000000c68474  /data/app/~~COeFfhvdOL-uXk-t50yuYQ==/com.zonda.zondaapp-zh83NxfjPao0Yan4KQdJew==/base.apk!libreactnative.so (offset 0x2a2c000) (BuildId: 1695c17f23bd1ede)
12-02 13:53:14.846 10214 10214 F DEBUG   :       #186 pc 0000000000c6497c  /data/app/~~COeFfhvdOL-uXk-t50yuYQ==/com.zonda.zondaapp-zh83NxfjPao0Yan4KQdJew==/base.apk!libreactnative.so (offset 0x2a2c000) (BuildId: 1695c17f23bd1ede)
12-02 13:53:14.846 10214 10214 F DEBUG   :       #187 pc 0000000000d1cbd4  /data/app/~~COeFfhvdOL-uXk-t50yuYQ==/com.zonda.zondaapp-zh83NxfjPao0Yan4KQdJew==/base.apk!libreactnative.so (offset 0x2a2c000) (BuildId: 1695c17f23bd1ede)
12-02 13:53:14.846 10214 10214 F DEBUG   :       #188 pc 0000000000d1cbb0  /data/app/~~COeFfhvdOL-uXk-t50yuYQ==/com.zonda.zondaapp-zh83NxfjPao0Yan4KQdJew==/base.apk!libreactnative.so (offset 0x2a2c000) (void std::__ndk1::allocator_traits<std::__ndk1::allocator<std::__ndk1::vector<std::__ndk1::shared_ptr<facebook::react::ShadowNode const>, std::__ndk1::allocator<std::__ndk1::shared_ptr<facebook::react::ShadowNode const> > > > >::destroy[abi:ne180000]<std::__ndk1::vector<std::__ndk1::shared_ptr<facebook::react::ShadowNode const>, std::__ndk1::allocator<std::__ndk1::shared_ptr<facebook::react::ShadowNode const> > >, void, void>(std::__ndk1::allocator<std::__ndk1::vector<std::__ndk1::shared_ptr<facebook::react::ShadowNode const>, std::__ndk1::allocator<std::__ndk1::shared_ptr<facebook::react::ShadowNode const> > > >&, std::__ndk1::vector<std::__ndk1::shared_ptr<facebook::react::ShadowNode const>, std::__ndk1::allocator<std::__ndk1::shared_ptr<facebook::react::ShadowNode const> > >*)+24) (BuildId: 1695c17f23bd1ede)
12-02 13:53:14.846 10214 10214 F DEBUG   :       #189 pc 0000000000d1cb64  /data/app/~~COeFfhvdOL-uXk-t50yuYQ==/com.zonda.zondaapp-zh83NxfjPao0Yan4KQdJew==/base.apk!libreactnative.so (offset 0x2a2c000) (_ZNSt6__ndk120__shared_ptr_emplaceINS_6vectorINS_10shared_ptrIKN8facebook5react10ShadowNodeEEENS_9allocatorIS7_EEEENS8_ISA_EEE21__on_zero_shared_implB8ne180000ISB_TnNS_9enable_ifIXntsr7is_sameINT_10value_typeENS_19__for_overwrite_tagEEE5valueEiE4typeELi0EEEvv+60) (BuildId: 1695c17f23bd1ede)
12-02 13:53:14.846 10214 10214 F DEBUG   :       #190 pc 0000000000d1c980  /data/app/~~COeFfhvdOL-uXk-t50yuYQ==/com.zonda.zondaapp-zh83NxfjPao0Yan4KQdJew==/base.apk!libreactnative.so (offset 0x2a2c000) (BuildId: 1695c17f23bd1ede)
12-02 13:53:14.846 10214 10214 F DEBUG   :       #191 pc 00000000008ea86c  /data/app/~~COeFfhvdOL-uXk-t50yuYQ==/com.zonda.zondaapp-zh83NxfjPao0Yan4KQdJew==/base.apk!libreactnative.so (offset 0x2a2c000) (BuildId: 1695c17f23bd1ede)
12-02 13:53:14.846 10214 10214 F DEBUG   :       #192 pc 00000000008ea81c  /data/app/~~COeFfhvdOL-uXk-t50yuYQ==/com.zonda.zondaapp-zh83NxfjPao0Yan4KQdJew==/base.apk!libreactnative.so (offset 0x2a2c000) (BuildId: 1695c17f23bd1ede)
12-02 13:53:14.846 10214 10214 F DEBUG   :       #193 pc 00000000009554b4  /data/app/~~COeFfhvdOL-uXk-t50yuYQ==/com.zonda.zondaapp-zh83NxfjPao0Yan4KQdJew==/base.apk!libreactnative.so (offset 0x2a2c000) (BuildId: 1695c17f23bd1ede)
12-02 13:53:14.846 10214 10214 F DEBUG   :       #194 pc 00000000009553d4  /data/app/~~COeFfhvdOL-uXk-t50yuYQ==/com.zonda.zondaapp-zh83NxfjPao0Yan4KQdJew==/base.apk!libreactnative.so (offset 0x2a2c000) (BuildId: 1695c17f23bd1ede)
12-02 13:53:14.846 10214 10214 F DEBUG   :       #195 pc 0000000000954cd4  /data/app/~~COeFfhvdOL-uXk-t50yuYQ==/com.zonda.zondaapp-zh83NxfjPao0Yan4KQdJew==/base.apk!libreactnative.so (offset 0x2a2c000) (BuildId: 1695c17f23bd1ede)
12-02 13:53:14.846 10214 10214 F DEBUG   :       #196 pc 0000000000954c2c  /data/app/~~COeFfhvdOL-uXk-t50yuYQ==/com.zonda.zondaapp-zh83NxfjPao0Yan4KQdJew==/base.apk!libreactnative.so (offset 0x2a2c000) (BuildId: 1695c17f23bd1ede)
12-02 13:53:14.846 10214 10214 F DEBUG   :       #197 pc 000000000097f17c  /data/app/~~COeFfhvdOL-uXk-t50yuYQ==/com.zonda.zondaapp-zh83NxfjPao0Yan4KQdJew==/base.apk!libreactnative.so (offset 0x2a2c000) (BuildId: 1695c17f23bd1ede)
12-02 13:53:14.847 10214 10214 F DEBUG   :       #198 pc 000000000097f158  /data/app/~~COeFfhvdOL-uXk-t50yuYQ==/com.zonda.zondaapp-zh83NxfjPao0Yan4KQdJew==/base.apk!libreactnative.so (offset 0x2a2c000) (BuildId: 1695c17f23bd1ede)
12-02 13:53:14.847 10214 10214 F DEBUG   :       #199 pc 000000000097f11c  /data/app/~~COeFfhvdOL-uXk-t50yuYQ==/com.zonda.zondaapp-zh83NxfjPao0Yan4KQdJew==/base.apk!libreactnative.so (offset 0x2a2c000) (BuildId: 1695c17f23bd1ede)
12-02 13:53:14.847 10214 10214 F DEBUG   :       #200 pc 000000000097f0f8  /data/app/~~COeFfhvdOL-uXk-t50yuYQ==/com.zonda.zondaapp-zh83NxfjPao0Yan4KQdJew==/base.apk!libreactnative.so (offset 0x2a2c000) (BuildId: 1695c17f23bd1ede)
12-02 13:53:14.847 10214 10214 F DEBUG   :       #201 pc 000000000097f0d4  /data/app/~~COeFfhvdOL-uXk-t50yuYQ==/com.zonda.zondaapp-zh83NxfjPao0Yan4KQdJew==/base.apk!libreactnative.so (offset 0x2a2c000) (void std::__ndk1::allocator_traits<std::__ndk1::allocator<facebook::react::ViewShadowNode> >::destroy[abi:ne180000]<facebook::react::ViewShadowNode, void, void>(std::__ndk1::allocator<facebook::react::ViewShadowNode>&, facebook::react::ViewShadowNode*)+24) (BuildId: 1695c17f23bd1ede)
12-02 13:53:14.847 10214 10214 F DEBUG   :       #202 pc 000000000097f088  /data/app/~~COeFfhvdOL-uXk-t50yuYQ==/com.zonda.zondaapp-zh83NxfjPao0Yan4KQdJew==/base.apk!libreactnative.so (offset 0x2a2c000) (_ZNSt6__ndk120__shared_ptr_emplaceIN8facebook5react14ViewShadowNodeENS_9allocatorIS3_EEE21__on_zero_shared_implB8ne180000IS5_TnNS_9enable_ifIXntsr7is_sameINT_10value_typeENS_19__for_overwrite_tagEEE5valueEiE4typeELi0EEEvv+60) (BuildId: 1695c17f23bd1ede)
12-02 13:53:14.847 10214 10214 F DEBUG   :       #203 pc 000000000097eebc  /data/app/~~COeFfhvdOL-uXk-t50yuYQ==/com.zonda.zondaapp-zh83NxfjPao0Yan4KQdJew==/base.apk!libreactnative.so (offset 0x2a2c000) (BuildId: 1695c17f23bd1ede)
12-02 13:53:14.847 10214 10214 F DEBUG   :       #204 pc 00000000008ea86c  /data/app/~~COeFfhvdOL-uXk-t50yuYQ==/com.zonda.zondaapp-zh83NxfjPao0Yan4KQdJew==/base.apk!libreactnative.so (offset 0x2a2c000) (BuildId: 1695c17f23bd1ede)
12-02 13:53:14.847 10214 10214 F DEBUG   :       #205 pc 00000000008ea81c  /data/app/~~COeFfhvdOL-uXk-t50yuYQ==/com.zonda.zondaapp-zh83NxfjPao0Yan4KQdJew==/base.apk!libreactnative.so (offset 0x2a2c000) (BuildId: 1695c17f23bd1ede)
12-02 13:53:14.847 10214 10214 F DEBUG   :       #206 pc 0000000000955a00  /data/app/~~COeFfhvdOL-uXk-t50yuYQ==/com.zonda.zondaapp-zh83NxfjPao0Yan4KQdJew==/base.apk!libreactnative.so (offset 0x2a2c000) (BuildId: 1695c17f23bd1ede)
12-02 13:53:14.847 10214 10214 F DEBUG   :       #207 pc 0000000000d194d8  /data/app/~~COeFfhvdOL-uXk-t50yuYQ==/com.zonda.zondaapp-zh83NxfjPao0Yan4KQdJew==/base.apk!libreactnative.so (offset 0x2a2c000) (facebook::react::ShadowNodeWrapper::~ShadowNodeWrapper()+44) (BuildId: 1695c17f23bd1ede)
12-02 13:53:14.847 10214 10214 F DEBUG   :       #208 pc 0000000000c6973c  /data/app/~~COeFfhvdOL-uXk-t50yuYQ==/com.zonda.zondaapp-zh83NxfjPao0Yan4KQdJew==/base.apk!libreactnative.so (offset 0x2a2c000) (BuildId: 1695c17f23bd1ede)
12-02 13:53:14.847 10214 10214 F DEBUG   :       #209 pc 0000000000c69710  /data/app/~~COeFfhvdOL-uXk-t50yuYQ==/com.zonda.zondaapp-zh83NxfjPao0Yan4KQdJew==/base.apk!libreactnative.so (offset 0x2a2c000) (void std::__ndk1::allocator_traits<std::__ndk1::allocator<facebook::react::ShadowNodeWrapper> >::destroy[abi:ne180000]<facebook::react::ShadowNodeWrapper, void, void>(std::__ndk1::allocator<facebook::react::ShadowNodeWrapper>&, facebook::react::ShadowNodeWrapper*)+24) (BuildId: 1695c17f23bd1ede)
12-02 13:53:14.847 10214 10214 F DEBUG   :       #210 pc 0000000000c696c4  /data/app/~~COeFfhvdOL-uXk-t50yuYQ==/com.zonda.zondaapp-zh83NxfjPao0Yan4KQdJew==/base.apk!libreactnative.so (offset 0x2a2c000) (_ZNSt6__ndk120__shared_ptr_emplaceIN8facebook5react17ShadowNodeWrapperENS_9allocatorIS3_EEE21__on_zero_shared_implB8ne180000IS5_TnNS_9enable_ifIXntsr7is_sameINT_10value_typeENS_19__for_overwrite_tagEEE5valueEiE4typeELi0EEEvv+60) (BuildId: 1695c17f23bd1ede)
12-02 13:53:14.847 10214 10214 F DEBUG   :       #211 pc 0000000000c69444  /data/app/~~COeFfhvdOL-uXk-t50yuYQ==/com.zonda.zondaapp-zh83NxfjPao0Yan4KQdJew==/base.apk!libreactnative.so (offset 0x2a2c000) (BuildId: 1695c17f23bd1ede)
12-02 13:53:14.847 10214 10214 F DEBUG   :       #212 pc 00000000000da5e0  /data/app/~~COeFfhvdOL-uXk-t50yuYQ==/com.zonda.zondaapp-zh83NxfjPao0Yan4KQdJew==/base.apk!libhermes.so (offset 0x20bc000) (BuildId: bc9c540d5e0f8652717771ec980a6d535dc34e0e)
12-02 13:53:14.847 10214 10214 F DEBUG   :       #213 pc 00000000002546b4  /data/app/~~COeFfhvdOL-uXk-t50yuYQ==/com.zonda.zondaapp-zh83NxfjPao0Yan4KQdJew==/base.apk!libhermes.so (offset 0x20bc000) (BuildId: bc9c540d5e0f8652717771ec980a6d535dc34e0e)
12-02 13:53:14.847 10214 10214 F DEBUG   :       #214 pc 000000000025f5b0  /data/app/~~COeFfhvdOL-uXk-t50yuYQ==/com.zonda.zondaapp-zh83NxfjPao0Yan4KQdJew==/base.apk!libhermes.so (offset 0x20bc000) (BuildId: bc9c540d5e0f8652717771ec980a6d535dc34e0e)
12-02 13:53:14.847 10214 10214 F DEBUG   :       #215 pc 000000000025e88c  /data/app/~~COeFfhvdOL-uXk-t50yuYQ==/com.zonda.zondaapp-zh83NxfjPao0Yan4KQdJew==/base.apk!libhermes.so (offset 0x20bc000) (BuildId: bc9c540d5e0f8652717771ec980a6d535dc34e0e)
12-02 14:03:40.031  2812  2902 I AppsFilter: interaction: PackageSetting{98d6578 com.zonda.zondaapp/10354} -> PackageSetting{fef81d4 com.facebook.appmanager/10259} BLOCKED
12-02 14:10:25.915  2812  3643 D OplusAppListInterceptManager: shouldFilterTask::packageName = com.zonda.zondaapp
12-02 14:10:27.551  2812  3764 D OplusZoomWindowRUSConfigManager: isSupportZoomModeWithPolicyLocked: target = com.zonda.zondaapp/.MainActivity
12-02 14:10:27.551  2812  3764 D OplusZoomWindowRUSConfigManager: targetPkg = com.zonda.zondaapp
12-02 14:10:27.563  2812  3764 D FlexibleWindowManager: no reused task found for ActivityRecord{84f1fbb u0 com.zonda.zondaapp/.MainActivity t-1}
12-02 14:10:27.570  2812  3764 I OplusScreenSecurityMask: onStackAdded task = Task{91eb16 #747 type=standard A=10354:com.zonda.zondaapp} record = null displayId = 0
12-02 14:10:27.582  2812  3764 D OplusStartingWindowManager: reviseWindowFlagsForStarting ar =:ActivityRecord{84f1fbb u0 com.zonda.zondaapp/.MainActivity t747}, callingPkgName =:host.exp.exponent, activityCreated =:false, snapshot =:null, RUS version:20240715
12-02 14:10:27.582  2812  3764 D OplusStartingWindowManager: we don't revise window flags for third activity :ActivityRecord{84f1fbb u0 com.zonda.zondaapp/.MainActivity t747}
12-02 14:10:27.583  2812  3764 D ActivityTaskManager: validateStartingWindowTheme:  Pkg=com.zonda.zondaapp, Translucent=false, Floating=false, ShowWallpaper=false, Disable=false, LaunchSource=4
12-02 14:10:27.583  2812  3764 D ActivityTaskManager: getStartingWindowType: , newTask=true, taskSwitch=true, processRunning=false, allowTaskSnapshot=true, activityCreated=false, activityAllDrawn=false, snapshot=null, record:ActivityRecord{84f1fbb u0 com.zonda.zondaapp/.MainActivity t747}
12-02 14:10:27.585  2812  3764 D OplusZoomWindowRUSConfigManager: isSupportZoomModeWithPolicyLocked: target = com.zonda.zondaapp/.MainActivity
12-02 14:10:27.585  2812  3764 D OplusZoomWindowRUSConfigManager: targetPkg = com.zonda.zondaapp
12-02 14:10:27.591  2812  3764 D TaskFragmentExtImpl: shouldSetReadyFalse and resumedActivity is: ActivityRecord{84f1fbb u0 com.zonda.zondaapp/.MainActivity t747} launchFromLauncher is: false
12-02 14:10:27.606  2812  3764 D ActivityTaskManager: notifyTaskRemoved, task: Task{5181fab #745 type=standard A=10354:com.zonda.zondaapp} trace:com.android.server.wm.RecentTasks.removeForAddTask:1697 com.android.server.wm.RecentTasks.add:1260 com.android.server.wm.ActivityStarter.startActivityInner:2386 com.android.server.wm.ActivityStarter.startActivityUnchecked:1770 com.android.server.wm.ActivityStarter.executeRequest:1548 
12-02 14:10:27.606  2812  3764 D ActivityTaskManager: notifyTaskAdded, task: Task{91eb16 #747 type=standard A=10354:com.zonda.zondaapp} trace:com.android.server.wm.RecentTasks.add:1275 com.android.server.wm.ActivityStarter.startActivityInner:2386 com.android.server.wm.ActivityStarter.startActivityUnchecked:1770 com.android.server.wm.ActivityStarter.executeRequest:1548 com.android.server.wm.ActivityStarter.execute:838 
12-02 14:10:27.613  2812  3764 I ActivityTaskManager: START u0 {act=android.intent.action.VIEW dat=exp+zondaapp://expo-development-client/... flg=0x10000000 cmp=com.zonda.zondaapp/.MainActivity mCallingUid=10326} with LAUNCH_SINGLE_TASK from uid 10326 (BAL_ALLOW_VISIBLE_WINDOW) result code=0
12-02 14:10:27.614  3430  3645 V WindowManagerShell: Transition requested: android.os.BinderProxy@4389a6c TransitionRequestInfo { type = OPEN, triggerTask = TaskInfo{userId=0 taskId=747 displayId=0 isRunning=true baseIntent=Intent { act=android.intent.action.VIEW dat=exp+zondaapp://expo-development-client/... flg=0x10000000 cmp=com.zonda.zondaapp/.MainActivity mCallingUid=10326 } baseActivity=ComponentInfo{com.zonda.zondaapp/com.zonda.zondaapp.MainActivity} topActivity=ComponentInfo{com.zonda.zondaapp/com.zonda.zondaapp.MainActivity} origActivity=null realActivity=ComponentInfo{com.zonda.zondaapp/com.zonda.zondaapp.MainActivity} numActivities=1 lastActiveTime=133809209 supportsSplitScreenMultiWindow=true supportsMultiWindow=true supportsPocketStudioMultiWindow=true isInFlexibleEmbedded = false uid = 10354 pid = 0 resizeMode=1 isResizeable=true minWidth=-1 minHeight=-1 defaultMinSize=220 token=WCT{android.window.IWindowContainerToken$Stub$Proxy@6aed835} topActivityType=1 pictureInPictureParams=null shouldDockBigOverlays=false launchIntoPipHostTaskId=-1 lastParentTaskIdBeforePip=-1 displayCutoutSafeInsets=Rect(0, 65 - 0, 0) topActivityInfo=ActivityInfo{c5064ca com.zonda.zondaapp.MainActivity} launchCookies=[] positionInParent=Point(0, 0) parentTaskId=-1 isFocused=false isVisible=false isVisibleRequested=false isSleeping=false topActivityInSizeCompat=false topActivityInOplusCompatMode=false topActivityEligibleForLetterboxEducation= false topActivityLetterboxed= false isFromDoubleTap= false topActivityLetterboxVerticalPosition= -1 topActivityLetterboxHorizontalPosition= -1 topActivityLetterboxWidth=-1 topActivityLetterboxHeight=-1 locusId=null displayAreaFeatureId=1 cameraCompatControlState=hidden locusId= null topActivityLetterboxInsets=Rect(0, 0 - 0, 0) mOplusExtraBundle = Bundle[mParcelledData.dataSize=84]}, remoteTransition = null, displayChange = null }
12-02 14:10:27.644  4056 24908 I iopgp   : Iopgp: TRANSACTION_IOPGP_PRELOAD Sequence_id = 30 pkg_name = com.zonda.zondaapp uid = 10354 size = 1 isProfile = 1
12-02 14:10:27.646  2812  3643 D ActivityTaskManager: attachStartingWindow: mStartingData=com.android.server.wm.SplashScreenStartingData@5036dab,mStartingWindow=Window{3121625 u0 Splash Screen com.zonda.zondaapp}
12-02 14:10:27.647  2812  3643 I WindowManager: addWindow: New client android.os.BinderProxy@3ab5a1c : window=Window{3121625 u0 Splash Screen com.zonda.zondaapp}
12-02 14:10:27.665  2812  2863 I ActivityManager: Start proc 13417:com.zonda.zondaapp/u0a354 for next-top-activity {com.zonda.zondaapp/com.zonda.zondaapp.MainActivity}
12-02 14:10:27.670  2812  4596 D ActivityTaskManager: setAppVisibility(Token{cc5fc97 ActivityRecord{84f1fbb u0 com.zonda.zondaapp/.MainActivity t747}}, visible=true): mNextAppTransitionRequests=[], mNextAppTransitionFlags=,mAppTransitionState=APP_STATE_IDLE visible=false mVisibleRequested=false Callers=com.android.server.wm.ActivityRecord.setVisibility:6272 com.android.server.wm.EnsureActivitiesVisibleHelper.makeVisibleAndRestartIfNeeded:276 com.android.server.wm.EnsureActivitiesVisibleHelper.setActivityVisibilityState:213 com.android.server.wm.EnsureActivitiesVisibleHelper.process:162 com.android.server.wm.TaskFragment.updateActivityVisibilities:1307 com.android.server.wm.Task.lambda$ensureActivitiesVisible$22:5483 
12-02 14:10:27.670  2812  4596 D ActivityTaskManager: setVisibility(Token{cc5fc97 ActivityRecord{84f1fbb u0 com.zonda.zondaapp/.MainActivity t747}}, visible=true) defer commitVisibility for transition collecting
12-02 14:10:27.688  2812  4540 D CoreBackPreview: Window{3121625 u0 Splash Screen com.zonda.zondaapp}: Setting back callback OnBackInvokedCallbackInfo{mCallback=android.window.IOnBackInvokedCallback$Stub$Proxy@7ded0b4, mPriority=0, mIsAnimationCallback=false}
12-02 14:10:27.688  2812  4540 D WindowManagerServiceExtImpl: extractConfigInfoAndRealFlags rotation=0, screenDp=360, win=Window{3121625 u0 Splash Screen com.zonda.zondaapp}
12-02 14:10:27.688  2812  4540 V WindowManager: Relayout Window{3121625 u0 Splash Screen com.zonda.zondaapp}: viewVisibility=0, oldvis=0, req=720x1604, vsysui=, x=0, y=0
12-02 14:10:27.689  2812  4540 I WindowManager: Window{3121625 u0 Splash Screen com.zonda.zondaapp} state from NO_SURFACE to DRAW_PENDING; reason: resetDrawState
12-02 14:10:27.727  2812  3538 D OplusTransitionController: onSyncFinishedDrawing, Window{3121625 u0 Splash Screen com.zonda.zondaapp}
12-02 14:10:27.731  2812  3538 I WindowManager: finishDrawing skipLayout:false Window{3121625 u0 Splash Screen com.zonda.zondaapp} com.android.server.wm.WindowManagerService.finishDrawingWindow:2973 com.android.server.wm.Session.finishDrawing:311 android.view.IWindowSession$Stub.onTransact:779 
12-02 14:10:27.731  2812  3538 I WindowManager: Window{3121625 u0 Splash Screen com.zonda.zondaapp} state from DRAW_PENDING to COMMIT_DRAW_PENDING; reason: finishDrawingLocked
12-02 14:10:27.733  2812  3538 D OplusTransitionAnimationManager: skipFinishDrawingIfNeed clientRotation=0, currentRotation=0, hasFixedRotationApp=false, requestedOrientation=1, win=Window{3121625 u0 Splash Screen com.zonda.zondaapp}, activity=ActivityRecord{84f1fbb u0 com.zonda.zondaapp/.MainActivity t747}, currentConfig={1.0 ??mcc??mnc [es_MX] ldltr sw360dp w360dp h726dp 320dpi nrml long port finger -keyb/h/h -nav/h winConfig={ mBounds=Rect(0, 0 - 720, 1604) mAppBounds=Rect(0, 65 - 720, 1516) mMaxBounds=Rect(0, 0 - 720, 1604) mDisplayRotation=ROTATION_0 mWindowingMode=fullscreen mDisplayWindowingMode=fullscreen mActivityType=standard mAlwaysOnTop=undefined mRotation=ROTATION_0} s.1 fontWeightAdjustment=0mThemeChanged= 0, mThemeChangedFlags= 0, mFlipFont= 0, mScenario= 0, mAccessibleChanged= -1, mUxIconConfig= 3468921665126138145, mMaterialColor= 40018, mUserId= 0, mFontUserId= 0, mFontVariationSettings= 226, mFoldingAngle = -1.0, mIconPackName= , mDarkModeBackgroundMaxL= 0.0, mDarkModeDialogBgMaxL= 27.0, mDarkModeForegroundMinL= 100.0, mOplusConfigType= 1, mOplusChangedConfigs= 0, OpSans= -1, mBurmeseFontFlag= 2, mFlag= 0, mFlexibleActivitySuitable= -1, mPuttDisplayFlag= -1}
12-02 14:10:27.736  2812  2848 I WindowManager: Window{3121625 u0 Splash Screen com.zonda.zondaapp} state from COMMIT_DRAW_PENDING to READY_TO_SHOW; reason: commitFinishDrawingLocked
12-02 14:10:27.743  2812  2848 D ActivityTaskManager: commitVisibility: ActivityRecord{84f1fbb u0 com.zonda.zondaapp/.MainActivity t747}: visible=true visibleRequested=true, isInTransition=true, runningAnimation=true, caller=com.android.server.wm.Transition.commitVisibleActivities:2012 com.android.server.wm.Transition.onTransactionReady:1630 com.android.server.wm.BLASTSyncEngine$SyncGroup.finishNow:318 com.android.server.wm.BLASTSyncEngine$SyncGroup.tryFinish:237 com.android.server.wm.BLASTSyncEngine$SyncGroup.-$$Nest$mtryFinish:0 com.android.server.wm.BLASTSyncEngine.onSurfacePlacement:626 
12-02 14:10:27.745  2812  2848 I WindowManager: Window{3121625 u0 Splash Screen com.zonda.zondaapp} state from READY_TO_SHOW to HAS_DRAWN; reason: performShowLocked
12-02 14:10:27.745  2812  2848 I WindowStateExtImpl: onSurfaceShowChange show = true mPackageName = com.zonda.zondaapp parentPkgName = com.zonda.zondaapp
12-02 14:10:27.746  2812  2848 D Transition: collectOrderChanges onTopTasksEnd: [Task{91eb16 #747 type=standard A=10354:com.zonda.zondaapp}], reportedOnTop:null, mOnTopTasksStart: [Task{91eb16 #747 type=standard A=10354:com.zonda.zondaapp}], TDA child: [Task{36c6a5 #3 type=undefined}, Task{2512355 #1 type=home}, Task{9195844 #740 type=standard A=10326:host.exp.exponent}, Task{91eb16 #747 type=standard A=10354:com.zonda.zondaapp}]
12-02 14:10:27.747  2812  2848 D OplusFlexibleActivityTransitionManager: fixTransitType type result:1, targets: [Task{91eb16 #747 type=standard A=10354:com.zonda.zondaapp}, Task{9195844 #740 type=standard A=10326:host.exp.exponent}]
12-02 14:10:27.750  2812  2848 D OplusZoomWindowManagerService: saveSupportFreeFormToTaskInfo target = ComponentInfo{com.zonda.zondaapp/com.zonda.zondaapp.MainActivity} isSupportZoomMode = true
12-02 14:10:27.751  2812  2848 D OplusTransitionController:  info: {id=471 t=OPEN f=0x0 trk=0 r=[0@Point(0, 0)] c=[{WCT{RemoteToken{1f24420 Task{91eb16 #747 type=standard A=10354:com.zonda.zondaapp}}} m=OPEN f=NONE leash=Surface(name=Task=747)/@0x5a8f1d9 sb=Rect(0, 0 - 720, 1604) eb=Rect(0, 0 - 720, 1604) d=0},{WCT{RemoteToken{bdd840c Task{9195844 #740 type=standard A=10326:host.exp.exponent}}} m=TO_BACK f=NONE leash=Surface(name=Task=740)/@0x8d51155 sb=Rect(0, 0 - 720, 1604) eb=Rect(0, 0 - 720, 1604) d=0}] extendInfo=[OplusTransitionExtendedInfo{mTmpFinishT=null, mInOplusCompatMode=false, mIsProcessRunning=false, mHasMismatchBoundsTarget=false, mRecentsController=null, mIsTranslucentActivityToHome=false, mAvoidInterceptKeyEventToHome=false, mIsFromHome=false}]}, 
12-02 14:10:27.751  2812  2848 D OplusTransitionController:  targets : [Task{91eb16 #747 type=standard A=10354:com.zonda.zondaapp}, Task{9195844 #740 type=standard A=10326:host.exp.exponent}], 
12-02 14:10:27.751  2812  2848 D OplusTransitionController:  participants: {Task{91eb16 #747 type=standard A=10354:com.zonda.zondaapp}, ActivityRecord{84f1fbb u0 com.zonda.zondaapp/.MainActivity t747}, ActivityRecord{e002a98 u0 host.exp.exponent/.experience.HomeActivity t740}}
12-02 14:10:27.751  2812  2848 D OplusTransitionAnimationManager: mOpeningTasks add Task{91eb16 #747 type=standard A=10354:com.zonda.zondaapp}
12-02 14:10:27.869  2812  2844 V WindowManager: Sent Transition #471 createdAt=12-02 14:10:27.559 via request=TransitionRequestInfo { type = OPEN, triggerTask = TaskInfo{userId=0 taskId=747 displayId=0 isRunning=true baseIntent=Intent { act=android.intent.action.VIEW dat=exp+zondaapp://expo-development-client/... flg=0x10000000 cmp=com.zonda.zondaapp/.MainActivity mCallingUid=10326 } baseActivity=ComponentInfo{com.zonda.zondaapp/com.zonda.zondaapp.MainActivity} topActivity=ComponentInfo{com.zonda.zondaapp/com.zonda.zondaapp.MainActivity} origActivity=null realActivity=ComponentInfo{com.zonda.zondaapp/com.zonda.zondaapp.MainActivity} numActivities=1 lastActiveTime=133809209 supportsSplitScreenMultiWindow=true supportsMultiWindow=true supportsPocketStudioMultiWindow=true isInFlexibleEmbedded = false uid = 10354 pid = 0 resizeMode=1 isResizeable=true minWidth=-1 minHeight=-1 defaultMinSize=220 token=WCT{RemoteToken{1f24420 Task{91eb16 #747 type=standard A=10354:com.zonda.zondaapp}}} topActivityType=1 pictureInPictureParams=null shouldDockBigOverlays=false launchIntoPipHostTaskId=-1 lastParentTaskIdBeforePip=-1 displayCutoutSafeInsets=Rect(0, 65 - 0, 0) topActivityInfo=ActivityInfo{df2d44a com.zonda.zondaapp.MainActivity} launchCookies=[] positionInParent=Point(0, 0) parentTaskId=-1 isFocused=false isVisible=false isVisibleRequested=false isSleeping=false topActivityInSizeCompat=false topActivityInOplusCompatMode=false topActivityEligibleForLetterboxEducation= false topActivityLetterboxed= false isFromDoubleTap= false topActivityLetterboxVerticalPosition= -1 topActivityLetterboxHorizontalPosition= -1 topActivityLetterboxWidth=-1 topActivityLetterboxHeight=-1 locusId=null displayAreaFeatureId=1 cameraCompatControlState=hidden locusId= null topActivityLetterboxInsets=Rect(0, 0 - 0, 0) mOplusExtraBundle = Bundle[{androidx.activity.LaunchScenario=0}]}, remoteTransition = null, displayChange = null }
12-02 14:10:27.870  2812  2844 V WindowManager:     info={id=471 t=OPEN f=0x0 trk=0 r=[0@Point(0, 0)] c=[{WCT{RemoteToken{1f24420 Task{91eb16 #747 type=standard A=10354:com.zonda.zondaapp}}} m=OPEN f=NONE leash=Surface(name=Task=747)/@0x5a8f1d9 sb=Rect(0, 0 - 720, 1604) eb=Rect(0, 0 - 720, 1604) d=0},{WCT{RemoteToken{bdd840c Task{9195844 #740 type=standard A=10326:host.exp.exponent}}} m=TO_BACK f=NONE leash=Surface(name=Task=740)/@0x8d51155 sb=Rect(0, 0 - 720, 1604) eb=Rect(0, 0 - 720, 1604) d=0}] extendInfo=[OplusTransitionExtendedInfo{mTmpFinishT=null, mInOplusCompatMode=false, mIsProcessRunning=false, mHasMismatchBoundsTarget=false, mRecentsController=null, mIsTranslucentActivityToHome=false, mAvoidInterceptKeyEventToHome=false, mIsFromHome=false}]}
12-02 14:10:27.903  2812  3764 D WindowManager: updateOrientation: mLastOrientation = SCREEN_ORIENTATION_PORTRAIT(1) newOrientation = SCREEN_ORIENTATION_PORTRAIT(1) forceUpdate = true LastOrientationSource = ActivityRecord{84f1fbb u0 com.zonda.zondaapp/.MainActivity t747}
12-02 14:10:27.905  2812  3764 D FlexibleWindowManager: onFlexibleWindowTaskInfoChanged: mTaskId = 747 oldIsTaskEmbedded = false   curIsTaskEmbedded = false  topActivity = ComponentInfo{com.zonda.zondaapp/com.zonda.zondaapp.MainActivity}
12-02 14:10:27.906  2812  3764 D OplusCameraStartupOptimization: cameraPreopenIfNeed, r = ActivityRecord{84f1fbb u0 com.zonda.zondaapp/.MainActivity t747}
12-02 14:10:27.906  2812  3764 D OplusCameraStartupOptimization: needOptimizeForCamera bNeedOptimize:false clsName: com.zonda.zondaapp/.MainActivity
12-02 14:10:27.907  2812  3764 D ActivityTaskManager: onWindowFocusChanged Task{91eb16 #747 type=standard A=10354:com.zonda.zondaapp} would transfer to compact
12-02 14:10:27.909  2812  3764 D ActivityTaskManager: NFW_setLastResumedActivityUncheckLocked:true r:ActivityRecord{84f1fbb u0 com.zonda.zondaapp/.MainActivity t747} currentFocus:null
12-02 14:10:27.909  2812  3764 D FlexibleTaskController: onTaskFocusChanged prevTask:Task{9195844 #740 type=standard A=10326:host.exp.exponent} ,currentTask:Task{91eb16 #747 type=standard A=10354:com.zonda.zondaapp}, reason: minimalResumeActivityLocked - onActivityStateChanged
12-02 14:10:27.910  2812  3764 I OplusAppSwitchManagerService: appswitch hasProcess ActivityRecord{84f1fbb u0 com.zonda.zondaapp/.MainActivity t747}
12-02 14:10:27.925  2812  3764 I OplusAppSwitchManagerService: appswitch hasProcess ActivityRecord{84f1fbb u0 com.zonda.zondaapp/.MainActivity t747}
12-02 14:10:27.935  2812  4101 D OplusAppSwitchListener: Detect com.zonda.zondaapp switch to foreground
12-02 14:10:27.936  2812  4101 D OplusEapManager: mTargetEnterName :com.zonda.zondaapp
12-02 14:10:27.947  2812  4101 D VRR [OPlusFrontAppManager]: OnAppSwitchObserver: onAppEnter , info.targetName = com.zonda.zondaapp
12-02 14:10:27.966  2812  2891 D VRR [OPlusRefreshRateService]: handleFrontAppChange pkgName: com.zonda.zondaapp
12-02 14:10:27.968  2812  3274 D ORBrightnessMarvelsDataCollector: Runnable-MarvelsAppEnterInfo[2025-12-02 14:10:27,com.zonda.zondaapp,84.0]
12-02 14:10:27.976  2812  2870 E OplusThermalStats: Error getting package info: com.zonda.zondaapp
12-02 14:10:28.094  2812  3538 D OplusBatteryServiceFeature: setSmartCoolDown: coolDown = 10, normalCoolDown = 10, pkgName = com.zonda.zondaapp
12-02 14:10:28.365  2812  2829 D FlexibleWindowManager: onFlexibleWindowTaskInfoChanged: mTaskId = 747 oldIsTaskEmbedded = false   curIsTaskEmbedded = false  topActivity = ComponentInfo{com.zonda.zondaapp/com.zonda.zondaapp.MainActivity}
12-02 14:10:28.533  2812  2829 D Transition: finishTransition ar ActivityRecord{84f1fbb u0 com.zonda.zondaapp/.MainActivity t747}, isVisibleRequested=true, state=RESUMED, visibleAtTransitionEndTokens={ActivityRecord{84f1fbb u0 com.zonda.zondaapp/.MainActivity t747}}, this=TransitionRecord{e4d1c69 id=471 track=0 type=OPEN flags=0x0}
12-02 14:10:28.533  2812  2829 D Transition: finishTransition ar ActivityRecord{e002a98 u0 host.exp.exponent/.experience.HomeActivity t740}, isVisibleRequested=false, state=PAUSED, visibleAtTransitionEndTokens={ActivityRecord{84f1fbb u0 com.zonda.zondaapp/.MainActivity t747}}, this=TransitionRecord{e4d1c69 id=471 track=0 type=OPEN flags=0x0}
12-02 14:10:28.538  2812  2829 I OplusAppSwitchManagerService:  handleAppVisible , r = ActivityRecord{84f1fbb u0 com.zonda.zondaapp/.MainActivity t747}
12-02 14:10:28.542  2812  2829 D OplusTransitionAnimationManager: commitVisibilityWhenFinishTransition type=1, ar.isVisibleRequested=true, ar.isVisible=true, ar.isVisibleRequested=true, ar=ActivityRecord{84f1fbb u0 com.zonda.zondaapp/.MainActivity t747} ar type 1 ar state :RESUMED displayid :0, participants={Task{91eb16 #747 type=standard A=10354:com.zonda.zondaapp}, ActivityRecord{84f1fbb u0 com.zonda.zondaapp/.MainActivity t747}, ActivityRecord{e002a98 u0 host.exp.exponent/.experience.HomeActivity t740}}
12-02 14:10:28.542  2812  2829 D OplusTransitionAnimationManager: commitVisibilityWhenFinishTransition type=1, ar.isVisibleRequested=false, ar.isVisible=false, ar.isVisibleRequested=false, ar=ActivityRecord{e002a98 u0 host.exp.exponent/.experience.HomeActivity t740} ar type 1 ar state :PAUSED displayid :0, participants={Task{91eb16 #747 type=standard A=10354:com.zonda.zondaapp}, ActivityRecord{84f1fbb u0 com.zonda.zondaapp/.MainActivity t747}, ActivityRecord{e002a98 u0 host.exp.exponent/.experience.HomeActivity t740}}
12-02 14:10:29.262 13417 13417 I Quality : ActivityThread: createClassLoader delay 1118 /data/app/~~COeFfhvdOL-uXk-t50yuYQ==/com.zonda.zondaapp-zh83NxfjPao0Yan4KQdJew==/base.apk 13417
12-02 14:10:29.264 13417 13417 I Quality : ActivityThread: createOrUpdateClassLoaderLocked delay 1145 com.zonda.zondaapp 13417
12-02 14:10:29.754  2812  3393 D OplusAppListInterceptManager: shouldFilterTask::packageName = com.zonda.zondaapp
12-02 14:10:30.295 13417 13417 I Quality : ActivityThread: callApplicationOnCreate delay 793 com.zonda.zondaapp 13417
12-02 14:10:30.298 13417 13417 I Quality : ActivityThread: bindApplication delay 2318 com.zonda.zondaapp 13417
12-02 14:10:30.300 13417 13442 I Quality : Blocked msg = Package name: com.zonda.zondaapp [ schedGroup: 5 schedPolicy: 0 ] process the message: { when=-2s338ms what=110 target=android.app.ActivityThread$H obj=AppBindData{appInfo=ApplicationInfo{8f4bf05 com.zonda.zondaapp}} } took 2318 ms
12-02 14:10:30.509 13417 13417 D ActivityThread: ComponentInfo{com.zonda.zondaapp/com.zonda.zondaapp.MainActivity} checkFinished=false 2
12-02 14:10:30.537  2812  3667 D VRR [OPlusExternalRefreshRateManager]: isPkgTfcEnable: pkgName = com.zonda.zondaapp, enable = false
12-02 14:10:30.537  2812  3667 D VRR [OPlusExternalRefreshRateManager]: getTfcMinFramerate: pkgName = com.zonda.zondaapp, min framerate = 0
12-02 14:10:30.569  2812  5859 I WindowManager: addWindow: New client android.os.BinderProxy@a8c7efb : window=Window{da4bb18 u0 com.zonda.zondaapp/com.zonda.zondaapp.MainActivity}
12-02 14:10:30.572  2812  2848 D FlexibleWindowManager: onFlexibleWindowTaskInfoChanged: mTaskId = 747 oldIsTaskEmbedded = false   curIsTaskEmbedded = false  topActivity = ComponentInfo{com.zonda.zondaapp/com.zonda.zondaapp.MainActivity}
12-02 14:10:30.590 13417 13417 I Quality : Skipped: false 4 cost 81.41167 refreshRate 16662924 bit true processName com.zonda.zondaapp
12-02 14:10:30.603  2812  5859 D CoreBackPreview: Window{da4bb18 u0 com.zonda.zondaapp/com.zonda.zondaapp.MainActivity}: Setting back callback OnBackInvokedCallbackInfo{mCallback=android.window.IOnBackInvokedCallback$Stub$Proxy@9b670c4, mPriority=0, mIsAnimationCallback=false}
12-02 14:10:30.606  2812  5859 D WindowManagerServiceExtImpl: extractConfigInfoAndRealFlags rotation=0, screenDp=360, win=Window{da4bb18 u0 com.zonda.zondaapp/com.zonda.zondaapp.MainActivity}
12-02 14:10:30.606  2812  5859 V WindowManager: Relayout Window{da4bb18 u0 com.zonda.zondaapp/com.zonda.zondaapp.MainActivity}: viewVisibility=0, oldvis=4, req=720x1604, vsysui=LAYOUT_STABLE LIGHT_NAVIGATION_BAR, x=0, y=0
12-02 14:10:30.607  2812  5859 I WindowManager: Window{da4bb18 u0 com.zonda.zondaapp/com.zonda.zondaapp.MainActivity} state from NO_SURFACE to DRAW_PENDING; reason: resetDrawState
12-02 14:10:30.614  2812  5859 V WindowManager: Changing focus from null to Window{da4bb18 u0 com.zonda.zondaapp/com.zonda.zondaapp.MainActivity},diplayid=0
12-02 14:10:30.964  2812  5859 I WindowManager: Window{da4bb18 u0 com.zonda.zondaapp/com.zonda.zondaapp.MainActivity} state from DRAW_PENDING to COMMIT_DRAW_PENDING; reason: finishDrawingLocked
12-02 14:10:30.964  2812  5859 D OplusTransitionAnimationManager: skipFinishDrawingIfNeed clientRotation=0, currentRotation=0, hasFixedRotationApp=false, requestedOrientation=1, win=Window{da4bb18 u0 com.zonda.zondaapp/com.zonda.zondaapp.MainActivity}, activity=ActivityRecord{84f1fbb u0 com.zonda.zondaapp/.MainActivity t747}, currentConfig={1.0 ??mcc??mnc [es_MX] ldltr sw360dp w360dp h726dp 320dpi nrml long port finger -keyb/h/h -nav/h winConfig={ mBounds=Rect(0, 0 - 720, 1604) mAppBounds=Rect(0, 65 - 720, 1516) mMaxBounds=Rect(0, 0 - 720, 1604) mDisplayRotation=ROTATION_0 mWindowingMode=fullscreen mDisplayWindowingMode=fullscreen mActivityType=standard mAlwaysOnTop=undefined mRotation=ROTATION_0} s.1 fontWeightAdjustment=0mThemeChanged= 0, mThemeChangedFlags= 0, mFlipFont= 0, mScenario= 0, mAccessibleChanged= -1, mUxIconConfig= 3468921665126138145, mMaterialColor= 40018, mUserId= 0, mFontUserId= 0, mFontVariationSettings= 226, mFoldingAngle = -1.0, mIconPackName= , mDarkModeBackgroundMaxL= 0.0, mDarkModeDialogBgMaxL= 27.0, mDarkModeForegroundMinL= 100.0, mOplusConfigType= 1, mOplusChangedConfigs= 0, OpSans= -1, mBurmeseFontFlag= 2, mFlag= 0, mFlexibleActivitySuitable= -1, mPuttDisplayFlag= -1}
12-02 14:10:30.970 13417 13417 I Quality : Skipped: false 18 cost 316.53772 refreshRate 16660514 bit true processName com.zonda.zondaapp
12-02 14:10:30.970  2812  2848 I WindowManager: Window{da4bb18 u0 com.zonda.zondaapp/com.zonda.zondaapp.MainActivity} state from COMMIT_DRAW_PENDING to READY_TO_SHOW; reason: commitFinishDrawingLocked
12-02 14:10:30.971  2812  2848 D ActivityTaskManager: Finish StartingWindow: ActivityRecord{84f1fbb u0 com.zonda.zondaapp/.MainActivity t747}first real window is shown
12-02 14:10:30.980  2812  2848 I WindowManager: Window{da4bb18 u0 com.zonda.zondaapp/com.zonda.zondaapp.MainActivity} state from READY_TO_SHOW to HAS_DRAWN; reason: performShowLocked
12-02 14:10:31.010  2812  3634 D InputMethodManagerService: isSecurity: attribute.packageName = com.zonda.zondaapp mCurMethodId = com.google.android.inputmethod.latin/com.android.inputmethod.latin.LatinIME isSecurity = false ( enable = false needShow = false inBlackList = false isExist = false )
12-02 14:10:31.013  2812  5859 D OplusTransitionAnimationManager: skipFinishDrawingIfNeed clientRotation=0, currentRotation=0, hasFixedRotationApp=false, requestedOrientation=1, win=Window{da4bb18 u0 com.zonda.zondaapp/com.zonda.zondaapp.MainActivity}, activity=ActivityRecord{84f1fbb u0 com.zonda.zondaapp/.MainActivity t747}, currentConfig={1.0 ??mcc??mnc [es_MX] ldltr sw360dp w360dp h726dp 320dpi nrml long port finger -keyb/h/h -nav/h winConfig={ mBounds=Rect(0, 0 - 720, 1604) mAppBounds=Rect(0, 65 - 720, 1516) mMaxBounds=Rect(0, 0 - 720, 1604) mDisplayRotation=ROTATION_0 mWindowingMode=fullscreen mDisplayWindowingMode=fullscreen mActivityType=standard mAlwaysOnTop=undefined mRotation=ROTATION_0} s.1 fontWeightAdjustment=0mThemeChanged= 0, mThemeChangedFlags= 0, mFlipFont= 0, mScenario= 0, mAccessibleChanged= -1, mUxIconConfig= 3468921665126138145, mMaterialColor= 40018, mUserId= 0, mFontUserId= 0, mFontVariationSettings= 226, mFoldingAngle = -1.0, mIconPackName= , mDarkModeBackgroundMaxL= 0.0, mDarkModeDialogBgMaxL= 27.0, mDarkModeForegroundMinL= 100.0, mOplusConfigType= 1, mOplusChangedConfigs= 0, OpSans= -1, mBurmeseFontFlag= 2, mFlag= 0, mFlexibleActivitySuitable= -1, mPuttDisplayFlag= -1}
12-02 14:10:31.018  2812  2844 I Quality : LaunchTime2.0: com.zonda.zondaapp/.MainActivity 1 3400 host.exp.exponent 231 402 36359 2066 245506048 0 0
12-02 14:10:31.023  2812  2848 D ActivityTaskManager: Finish StartingWindow: ActivityRecord{84f1fbb u0 com.zonda.zondaapp/.MainActivity t747}first real window is shown
12-02 14:10:31.082  2812  5859 D ActivityTaskManager: removeStartingWindowAnimation starting ActivityRecord{84f1fbb u0 com.zonda.zondaapp/.MainActivity t747} startingWindow=null ,startingView=null,Callers=com.android.server.wm.ActivityRecord.onSplashScreenAttachComplete:3151 com.android.server.wm.ActivityRecord.splashScreenAttachedLocked:7578 com.android.server.wm.ActivityClientController.splashScreenAttached:1067 android.app.IActivityClientController$Stub.onTransact:1294 com.android.server.wm.ActivityClientController.onTransact:178 
12-02 14:10:31.082  2812  5859 D OplusStartingWindowManager: interceptRemoveStartingWindow: packageName=com.zonda.zondaapp, componentName=com.zonda.zondaapp/.MainActivity, isSnapshot=false, startingSurfaceRunnable=null,isDrawCompleted=false, hasSurfaceView=false, inTransition=false
12-02 14:10:31.086  2812  5859 D OplusStartingWindowManager: interceptRemoveStartingWindow: hasSplashWindowFlag() return false for activity=ActivityRecord{84f1fbb u0 com.zonda.zondaapp/.MainActivity t747}
12-02 14:10:31.092  2812  2848 I WindowStateExtImpl: onSurfaceShowChange show = false mPackageName = com.zonda.zondaapp parentPkgName = com.zonda.zondaapp
12-02 14:10:31.108  2812  3634 D WindowManagerServiceExtImpl: extractConfigInfoAndRealFlags rotation=0, screenDp=360, win=Window{3121625 u0 Splash Screen com.zonda.zondaapp}
12-02 14:10:31.108  2812  3634 V WindowManager: Relayout Window{3121625 u0 Splash Screen com.zonda.zondaapp}: viewVisibility=8, oldvis=0, req=720x1604, vsysui=
12-02 14:10:31.132  2812  3634 I WindowManager: Window{3121625 u0 Splash Screen com.zonda.zondaapp} state from HAS_DRAWN to NO_SURFACE; reason: destroySurface
12-02 14:10:31.144 13417 13417 I Quality : Skipped: true 3 cost 57.917194 refreshRate 16661446 bit true processName com.zonda.zondaapp
12-02 14:10:31.282  2812  5859 W PackageConfigPersister: App-specific configuration not found for packageName: com.zonda.zondaapp and userId: 0
12-02 14:10:31.588  2812  2960 D OplusZoomWindowRUSConfigManager: isSupportZoomModeWithPolicyLocked: target = com.zonda.zondaapp/.MainActivity
12-02 14:10:31.589  2812  2960 D OplusZoomWindowRUSConfigManager: targetPkg = com.zonda.zondaapp
12-02 14:10:31.591  2812  2960 D ActivityStarterExtImpl: setForceUpdateWindow, targetTask = Task{91eb16 #747 type=standard A=10354:com.zonda.zondaapp} r = ActivityRecord{32d6ccb u0 com.zonda.zondaapp/.MainActivity t-1} notFinish =false
12-02 14:10:31.591  2812  2960 I TaskFragmentExtImpl: reset pause in recents anim for mTaskFragment: Task{91eb16 #747 type=standard A=10354:com.zonda.zondaapp}
12-02 14:10:31.593  2812  2960 D OplusZoomWindowRUSConfigManager: isSupportZoomModeWithPolicyLocked: target = com.zonda.zondaapp/.MainActivity
12-02 14:10:31.593  2812  2960 D OplusZoomWindowRUSConfigManager: targetPkg = com.zonda.zondaapp
12-02 14:10:31.595  2812  2960 D ActivityTaskManager: setAppVisibility(Token{cc5fc97 ActivityRecord{84f1fbb u0 com.zonda.zondaapp/.MainActivity t747 f}}}, visible=false): mNextAppTransitionRequests=[], mNextAppTransitionFlags=,mAppTransitionState=APP_STATE_IDLE visible=true mVisibleRequested=true Callers=com.android.server.wm.ActivityRecord.setVisibility:6272 com.android.server.wm.ActivityRecord.finishIfPossible:4205 com.android.server.wm.ActivityRecord.finishIfPossible:4049 com.android.server.wm.Task.removeActivities:1732 com.android.server.wm.Task.performClearTaskForReuse:1748 com.android.server.wm.ActivityStarter.complyActivityFlags:3036 
12-02 14:10:31.596  2812  2960 D ActivityTaskManager: setVisibility(Token{cc5fc97 ActivityRecord{84f1fbb u0 com.zonda.zondaapp/.MainActivity t747 f}}}, visible=false) defer commitVisibility for transition collecting
12-02 14:10:31.600  2812  2960 D TaskFragmentExtImpl: shouldSetReadyFalse and resumedActivity is: ActivityRecord{84f1fbb u0 com.zonda.zondaapp/.MainActivity t747 f}} launchFromLauncher is: false
12-02 14:10:31.604  2812  2960 D FlexibleWindowManager: current task:Task{91eb16 #747 type=standard A=10354:com.zonda.zondaapp} is focus and visible,no need setAlwaysOnTop for flexible task.
12-02 14:10:31.605  2812  2960 D FlexibleWindowManager: current task:Task{91eb16 #747 type=standard A=10354:com.zonda.zondaapp} is focus and visible,no need setAlwaysOnTop for flexible task.
12-02 14:10:31.606  2812  2960 D OplusStartingWindowManager: reviseWindowFlagsForStarting ar =:ActivityRecord{32d6ccb u0 com.zonda.zondaapp/.MainActivity t747}, callingPkgName =:com.zonda.zondaapp, activityCreated =:false, snapshot =:null, RUS version:20240715
12-02 14:10:31.606  2812  2960 D OplusStartingWindowManager: we don't revise window flags for third activity :ActivityRecord{32d6ccb u0 com.zonda.zondaapp/.MainActivity t747}
12-02 14:10:31.606  2812  2960 D ActivityTaskManager: validateStartingWindowTheme:  Pkg=com.zonda.zondaapp, Translucent=false, Floating=false, ShowWallpaper=false, Disable=false, LaunchSource=4
12-02 14:10:31.606  2812  2960 D ActivityTaskManager: getStartingWindowType: , newTask=true, taskSwitch=false, processRunning=true, allowTaskSnapshot=true, activityCreated=false, activityAllDrawn=false, snapshot=null, record:ActivityRecord{32d6ccb u0 com.zonda.zondaapp/.MainActivity t747}
12-02 14:10:31.608  2812  2960 D OplusZoomWindowRUSConfigManager: isSupportZoomModeWithPolicyLocked: target = com.zonda.zondaapp/.MainActivity
12-02 14:10:31.608  2812  2960 D OplusZoomWindowRUSConfigManager: targetPkg = com.zonda.zondaapp
